D/ConnectivityService(  377): handleInetConditionHoldEnd: net=1, condition=100, published condition=0
I/ActivityManager(  377): No longer want com.android.vending (pid 26535): empty for 1817s
I/ActivityManager(  377): No longer want com.android.quicksearchbox (pid 26831): empty for 1820s
I/ActivityManager(  377): No longer want com.android.voicedialer (pid 26816): empty for 1820s
I/ActivityManager(  377): No longer want com.android.gallery3d (pid 26801): empty for 1820s
I/ActivityManager(  377): No longer want android.process.acore (pid 26784): empty for 1820s
W/ActivityManager(  377): Scheduling restart of crashed service com.android.vending/com.google.android.finsky.services.ContentSyncService in 5000ms
I/ActivityManager(  377): No longer want com.google.process.location (pid 26274): empty for 1839s
W/ActivityManager(  377): Scheduling restart of crashed service com.google.android.gms/com.google.android.location.reporting.service.DispatchingService in 5000ms
W/ActivityManager(  377): Scheduling restart of crashed service com.google.android.gms/com.google.android.location.fused.NlpLocationReceiverService in 14999ms
W/ActivityManager(  377): Scheduling restart of crashed service com.google.android.gms/com.google.android.location.internal.server.GoogleLocationService in 24999ms
W/ActivityManager(  377): Scheduling restart of crashed service com.google.android.gms/com.google.android.location.internal.GoogleLocationManagerService in 34999ms
W/ActivityManager(  377): Scheduling restart of crashed service com.google.android.gms/.deviceconnection.service.DeviceConnectionServiceBroker in 44999ms
I/ActivityManager(  377): Start proc com.google.process.location for service com.google.android.gms/com.google.android.location.reporting.service.DispatchingService: pid=27314 uid=10048 gids={50048, 3002, 3001, 3003, 1028, 1015, 1006, 1007, 2001}
I/ActivityManager(  377): Start proc com.google.android.gms.wearable for service com.google.android.gms/.wearable.service.WearableService: pid=27336 uid=10048 gids={50048, 3002, 3001, 3003, 1028, 1015, 1006, 1007, 2001}
W/ActivityManager(  377): Permission Denial: getCurrentUser() from pid=27314, uid=10048 requires android.permission.INTERACT_ACROSS_USERS
I/ActivityManager(  377): Start proc android.process.acore for content provider com.android.providers.contacts/.ContactsProvider2: pid=27626 uid=10000 gids={50000, 3003, 1015, 1028}
I/ActivityManager(  377): No longer want android.process.media (pid 26853): empty for 1800s
W/ActivityManager(  377): Scheduling restart of crashed service com.android.providers.media/.MtpService in 5000ms
I/ActivityManager(  377): Start proc android.process.media for service com.android.providers.media/.MtpService: pid=27688 uid=10011 gids={50011, 1015, 1023, 1024, 1028, 2001, 3003, 3007}
I/ActivityManager(  377): No longer want net.arraynetworks.mobilenow.browser (pid 26055): empty for 2339s
W/ActivityManager(  377): Scheduling restart of crashed service net.arraynetworks.mobilenow.browser/net.arraynetworks.mobilenow.mdm.MDMService in 5000ms
I/ActivityManager(  377): Start proc net.arraynetworks.mobilenow.browser for service net.arraynetworks.mobilenow.browser/net.arraynetworks.mobilenow.mdm.MDMService: pid=27819 uid=10051 gids={50051, 3003, 1015, 3002, 3001, 1028}
D/ConnectivityService(  377): Captive portal check NetworkInfo: type: WIFI[], state: CONNECTING/CAPTIVE_PORTAL_CHECK, reason: (unspecified), extra: "Jesus-Channel", roaming: false, failover: false, isAvailable: true
D/ConnectivityService(  377): ConnectivityChange for WIFI: CONNECTED/CONNECTED
D/ConnectivityService(  377): handleConnectivityChange: address are the same reset per doReset linkProperty[1]: resetMask=0
D/Nat464Xlat(  377): requiresClat: netType=1, hasIPv4Address=true
D/ConnectivityService(  377): NetTransition Wakelock for ConnectedState released by timeout
D/ConnectivityService(  377): handleInetConditionHoldEnd: net=1, condition=100, published condition=0
I/ActivityManager(  377): No longer want com.google.process.location (pid 27314): empty for 3096s
W/ActivityManager(  377): Scheduling restart of crashed service com.google.android.gms/com.google.android.location.reporting.service.DispatchingService in 5000ms
W/ActivityManager(  377): Scheduling restart of crashed service com.google.android.gms/com.google.android.location.internal.server.GoogleLocationService in 15000ms
W/ActivityManager(  377): Scheduling restart of crashed service com.google.android.gms/com.google.android.location.fused.NlpLocationReceiverService in 25000ms
W/ActivityManager(  377): Scheduling restart of crashed service com.google.android.gms/com.google.android.location.internal.GoogleLocationManagerService in 35000ms
W/ActivityManager(  377): Scheduling restart of crashed service com.google.android.gms/.deviceconnection.service.DeviceConnectionServiceBroker in 44999ms
I/ActivityManager(  377): Start proc com.google.process.location for service com.google.android.gms/com.google.android.location.reporting.service.DispatchingService: pid=28138 uid=10048 gids={50048, 3002, 3001, 3003, 1028, 1015, 1006, 1007, 2001}
W/ActivityManager(  377): Permission Denial: getCurrentUser() from pid=28138, uid=10048 requires android.permission.INTERACT_ACROSS_USERS
I/ActivityManager(  377): No longer want android.process.acore (pid 27626): empty for 2608s
I/ActivityManager(  377): Start proc com.android.calendar for broadcast com.android.calendar/.widget.CalendarAppWidgetService$CalendarFactory: pid=28394 uid=10005 gids={50005, 3003, 1028}
I/ActivityManager(  377): Start proc com.android.deskclock for broadcast com.android.deskclock/.AlarmInitReceiver: pid=28412 uid=10009 gids={50009, 1028}
I/ActivityManager(  377): Start proc com.android.providers.calendar for content provider com.android.providers.calendar/.CalendarProvider2: pid=28425 uid=10006 gids={50006, 3003, 1015, 1028}
I/ActivityManager(  377): No longer want net.arraynetworks.mobilenow.browser (pid 27819): empty for 1822s
I/ActivityManager(  377): No longer want com.android.mms (pid 27176): empty for 1822s
I/ActivityManager(  377): No longer want android.process.media (pid 27688): empty for 1822s
W/ActivityManager(  377): Scheduling restart of crashed service com.android.providers.media/.MtpService in 5000ms
D/CountryDetector(  377): No listener is left
W/ActivityManager(  377): Scheduling restart of crashed service net.arraynetworks.mobilenow.browser/net.arraynetworks.mobilenow.mdm.MDMService in 14973ms
I/ActivityManager(  377): Start proc android.process.media for service com.android.providers.media/.MtpService: pid=28601 uid=10011 gids={50011, 1015, 1023, 1024, 1028, 2001, 3003, 3007}
I/ActivityManager(  377): Start proc net.arraynetworks.mobilenow.browser for service net.arraynetworks.mobilenow.browser/net.arraynetworks.mobilenow.mdm.MDMService: pid=28623 uid=10051 gids={50051, 3003, 1015, 3002, 3001, 1028}
I/ActivityManager(  377): No longer want com.google.process.location (pid 28138): empty for 1845s
W/ActivityManager(  377): Scheduling restart of crashed service com.google.android.gms/com.google.android.location.reporting.service.DispatchingService in 5000ms
W/ActivityManager(  377): Scheduling restart of crashed service com.google.android.gms/com.google.android.location.fused.NlpLocationReceiverService in 15000ms
W/ActivityManager(  377): Scheduling restart of crashed service com.google.android.gms/com.google.android.location.internal.server.GoogleLocationService in 24999ms
W/ActivityManager(  377): Scheduling restart of crashed service com.google.android.gms/com.google.android.location.internal.GoogleLocationManagerService in 34999ms
W/ActivityManager(  377): Scheduling restart of crashed service com.google.android.gms/.deviceconnection.service.DeviceConnectionServiceBroker in 44999ms
I/ActivityManager(  377): Start proc com.google.process.location for service com.google.android.gms/com.google.android.location.reporting.service.DispatchingService: pid=28679 uid=10048 gids={50048, 3002, 3001, 3003, 1028, 1015, 1006, 1007, 2001}
W/ActivityManager(  377): Permission Denial: getCurrentUser() from pid=28679, uid=10048 requires android.permission.INTERACT_ACROSS_USERS
I/ActivityManager(  377): No longer want com.android.deskclock (pid 28412): empty for 1807s
D/ConnectivityService(  377): Captive portal check NetworkInfo: type: WIFI[], state: CONNECTING/CAPTIVE_PORTAL_CHECK, reason: (unspecified), extra: "Jesus-Channel", roaming: false, failover: false, isAvailable: true
D/ConnectivityService(  377): ConnectivityChange for WIFI: CONNECTED/CONNECTED
D/ConnectivityService(  377): handleConnectivityChange: address are the same reset per doReset linkProperty[1]: resetMask=0
D/Nat464Xlat(  377): requiresClat: netType=1, hasIPv4Address=true
D/ConnectivityService(  377): NetTransition Wakelock for ConnectedState released by timeout
I/ActivityManager(  377): Start proc com.android.mms for broadcast com.android.mms/.transaction.MmsSystemEventReceiver: pid=29069 uid=10023 gids={50023, 3003, 1015, 1028}
D/CountryDetector(  377): The first listener is added
D/ConnectivityService(  377): handleInetConditionHoldEnd: net=1, condition=100, published condition=0
I/ActivityManager(  377): Start proc android.process.acore for content provider com.android.providers.contacts/.ContactsProvider2: pid=29097 uid=10000 gids={50000, 3003, 1015, 1028}
I/ActivityManager(  377): No longer want com.android.providers.calendar (pid 28425): empty for 2362s
I/ActivityManager(  377): No longer want com.android.calendar (pid 28394): empty for 2586s
I/ActivityManager(  377): No longer want com.google.android.gms.wearable (pid 27336): empty for 1852s
I/ActivityManager(  377): No longer want com.google.process.location (pid 28679): empty for 1852s
W/ActivityManager(  377): Scheduling restart of crashed service com.google.android.gms/com.google.android.location.reporting.service.DispatchingService in 5000ms
W/ActivityManager(  377): Scheduling restart of crashed service com.google.android.gms/com.google.android.location.internal.server.GoogleLocationService in 15000ms
W/ActivityManager(  377): Scheduling restart of crashed service com.google.android.gms/com.google.android.location.fused.NlpLocationReceiverService in 25000ms
W/ActivityManager(  377): Scheduling restart of crashed service com.google.android.gms/com.google.android.location.internal.GoogleLocationManagerService in 35000ms
W/ActivityManager(  377): Scheduling restart of crashed service com.google.android.gms/.deviceconnection.service.DeviceConnectionServiceBroker in 44999ms
I/ActivityManager(  377): Start proc com.google.process.location for service com.google.android.gms/com.google.android.location.reporting.service.DispatchingService: pid=29204 uid=10048 gids={50048, 3002, 3001, 3003, 1028, 1015, 1006, 1007, 2001}
I/ActivityManager(  377): Start proc com.google.android.gms.wearable for service com.google.android.gms/.wearable.service.WearableService: pid=29226 uid=10048 gids={50048, 3002, 3001, 3003, 1028, 1015, 1006, 1007, 2001}
W/ActivityManager(  377): Permission Denial: getCurrentUser() from pid=29204, uid=10048 requires android.permission.INTERACT_ACROSS_USERS
I/EntropyMixer(  377): Writing entropy...
D/ConnectivityService(  377): handleInetConditionHoldEnd: net=1, condition=0, published condition=100
D/ConnectivityService(  377): handleInetConditionHoldEnd: net=1, condition=100, published condition=0
I/ActivityManager(  377): No longer want android.process.media (pid 28601): empty for 1846s
W/ActivityManager(  377): Scheduling restart of crashed service com.android.providers.media/.MtpService in 5000ms
I/ActivityManager(  377): Start proc android.process.media for service com.android.providers.media/.MtpService: pid=29598 uid=10011 gids={50011, 1015, 1023, 1024, 1028, 2001, 3003, 3007}
I/ActivityManager(  377): No longer want net.arraynetworks.mobilenow.browser (pid 28623): empty for 2265s
W/ActivityManager(  377): Scheduling restart of crashed service net.arraynetworks.mobilenow.browser/net.arraynetworks.mobilenow.mdm.MDMService in 5000ms
I/ActivityManager(  377): Start proc net.arraynetworks.mobilenow.browser for service net.arraynetworks.mobilenow.browser/net.arraynetworks.mobilenow.mdm.MDMService: pid=29704 uid=10051 gids={50051, 3003, 1015, 3002, 3001, 1028}
D/ConnectivityService(  377): Captive portal check NetworkInfo: type: WIFI[], state: CONNECTING/CAPTIVE_PORTAL_CHECK, reason: (unspecified), extra: "Jesus-Channel", roaming: false, failover: false, isAvailable: true
D/ConnectivityService(  377): ConnectivityChange for WIFI: CONNECTED/CONNECTED
D/ConnectivityService(  377): handleConnectivityChange: address are the same reset per doReset linkProperty[1]: resetMask=0
D/Nat464Xlat(  377): requiresClat: netType=1, hasIPv4Address=true
D/ConnectivityService(  377): NetTransition Wakelock for ConnectedState released by timeout
D/ConnectivityService(  377): handleInetConditionHoldEnd: net=1, condition=100, published condition=0
I/ActivityManager(  377): No longer want com.google.process.location (pid 29204): empty for 3264s
W/ActivityManager(  377): Scheduling restart of crashed service com.google.android.gms/com.google.android.location.reporting.service.DispatchingService in 5000ms
W/ActivityManager(  377): Scheduling restart of crashed service com.google.android.gms/com.google.android.location.fused.NlpLocationReceiverService in 15000ms
W/ActivityManager(  377): Scheduling restart of crashed service com.google.android.gms/com.google.android.location.internal.server.GoogleLocationService in 25000ms
W/ActivityManager(  377): Scheduling restart of crashed service com.google.android.gms/com.google.android.location.internal.GoogleLocationManagerService in 34999ms
W/ActivityManager(  377): Scheduling restart of crashed service com.google.android.gms/.deviceconnection.service.DeviceConnectionServiceBroker in 44999ms
I/ActivityManager(  377): Start proc com.google.process.location for service com.google.android.gms/com.google.android.location.reporting.service.DispatchingService: pid=30051 uid=10048 gids={50048, 3002, 3001, 3003, 1028, 1015, 1006, 1007, 2001}
W/ActivityManager(  377): Permission Denial: getCurrentUser() from pid=30051, uid=10048 requires android.permission.INTERACT_ACROSS_USERS
I/ActivityManager(  377): No longer want android.process.acore (pid 29097): empty for 2483s
I/ActivityManager(  377): No longer want android.process.media (pid 29598): empty for 1809s
W/ActivityManager(  377): Scheduling restart of crashed service com.android.providers.media/.MtpService in 5000ms
I/ActivityManager(  377): Start proc android.process.media for service com.android.providers.media/.MtpService: pid=30439 uid=10011 gids={50011, 1015, 1023, 1024, 1028, 2001, 3003, 3007}
I/ActivityManager(  377): No longer want com.android.mms (pid 29069): empty for 2049s
D/CountryDetector(  377): No listener is left
I/PowerManagerService(  377): Waking up from sleep...
I/WindowManager(  377): Lock screen displayed!
W/ActivityManager(  377): Permission Denial: getCurrentUser() from pid=30051, uid=10048 requires android.permission.INTERACT_ACROSS_USERS
V/DeadZone(  476): consuming errant click: (33.0,45.0)
I/PowerManagerService(  377): Going to sleep due to screen timeout...
W/ProcessStats(  377): Skipping unknown process pid 30733
D/ConnectivityService(  377): Captive portal check NetworkInfo: type: WIFI[], state: CONNECTING/CAPTIVE_PORTAL_CHECK, reason: (unspecified), extra: "Jesus-Channel", roaming: false, failover: false, isAvailable: true
D/ConnectivityService(  377): ConnectivityChange for WIFI: CONNECTED/CONNECTED
D/ConnectivityService(  377): handleConnectivityChange: address are the same reset per doReset linkProperty[1]: resetMask=0
D/Nat464Xlat(  377): requiresClat: netType=1, hasIPv4Address=true
D/ConnectivityService(  377): NetTransition Wakelock for ConnectedState released by timeout
I/ActivityManager(  377): Start proc com.android.mms for broadcast com.android.mms/.transaction.MmsSystemEventReceiver: pid=30838 uid=10023 gids={50023, 3003, 1015, 1028}
D/CountryDetector(  377): The first listener is added
D/ConnectivityService(  377): handleInetConditionHoldEnd: net=1, condition=100, published condition=0
I/ActivityManager(  377): Start proc android.process.acore for content provider com.android.providers.contacts/.ContactsProvider2: pid=30866 uid=10000 gids={50000, 3003, 1015, 1028}
I/ActivityManager(  377): No longer want com.google.android.gms.wearable (pid 29226): empty for 3229s
W/ProcessStats(  377): Skipping unknown process pid 31003
D/ConnectivityService(  377): ConnectivityChange for WIFI: DISCONNECTED/DISCONNECTED
D/ConnectivityService(  377): Attempting to switch to mobile
D/ConnectivityService(  377): Attempting to switch to BLUETOOTH_TETHER
D/ConnectivityService(  377): Attempting to switch to ETHERNET
D/ConnectivityService(  377): resetConnections(wlan0, 3)
D/Nat464Xlat(  377): requiresClat: netType=1, hasIPv4Address=false
D/ConnectivityService(  377): handleInetConditionChange: no active default network - ignore
D/ConnectivityService(  377): NetTransition Wakelock for ConnectedState released by timeout
W/ProcessStats(  377): Skipping unknown process pid 31040
W/ProcessStats(  377): Skipping unknown process pid 31041
W/ProcessStats(  377): Skipping unknown process pid 31042
W/ProcessStats(  377): Skipping unknown process pid 31700
W/ProcessStats(  377): Skipping unknown process pid 31701
W/ProcessStats(  377): Skipping unknown process pid 31702
W/ProcessStats(  377): Skipping unknown process pid 32729
I/ActivityManager(  377): No longer want com.google.process.location (pid 30051): empty for 1825s
W/ActivityManager(  377): Scheduling restart of crashed service com.google.android.gms/com.google.android.location.reporting.service.DispatchingService in 5000ms
W/ActivityManager(  377): Scheduling restart of crashed service com.google.android.gms/com.google.android.location.internal.server.GoogleLocationService in 15000ms
W/ActivityManager(  377): Scheduling restart of crashed service com.google.android.gms/com.google.android.location.fused.NlpLocationReceiverService in 24999ms
W/ActivityManager(  377): Scheduling restart of crashed service com.google.android.gms/com.google.android.location.internal.GoogleLocationManagerService in 34999ms
W/ActivityManager(  377): Scheduling restart of crashed service com.google.android.gms/.deviceconnection.service.DeviceConnectionServiceBroker in 44999ms
I/ActivityManager(  377): Start proc com.google.process.location for service com.google.android.gms/com.google.android.location.reporting.service.DispatchingService: pid=2095 uid=10048 gids={50048, 3002, 3001, 3003, 1028, 1015, 1006, 1007, 2001}
I/ActivityManager(  377): Start proc com.google.android.gms.wearable for service com.google.android.gms/.wearable.service.WearableService: pid=2118 uid=10048 gids={50048, 3002, 3001, 3003, 1028, 1015, 1006, 1007, 2001}
W/ActivityManager(  377): Permission Denial: getCurrentUser() from pid=2095, uid=10048 requires android.permission.INTERACT_ACROSS_USERS
W/ProcessStats(  377): Skipping unknown process pid 3103
I/ActivityManager(  377): No longer want android.process.acore (pid 30866): empty for 1821s
D/ConnectivityService(  377): Captive portal check NetworkInfo: type: WIFI[], state: CONNECTING/CAPTIVE_PORTAL_CHECK, reason: (unspecified), extra: "CURI", roaming: false, failover: false, isAvailable: true
D/ConnectivityService(  377): ConnectivityChange for WIFI: CONNECTED/CONNECTED
D/Nat464Xlat(  377): requiresClat: netType=1, hasIPv4Address=true
I/ActivityManager(  377): Start proc android.process.acore for content provider com.android.providers.contacts/.ContactsProvider2: pid=4456 uid=10000 gids={50000, 3003, 1015, 1028}
D/ConnectivityService(  377): ConnectivityChange for WIFI: DISCONNECTED/DISCONNECTED
D/ConnectivityService(  377): Attempting to switch to mobile
D/ConnectivityService(  377): Attempting to switch to BLUETOOTH_TETHER
D/ConnectivityService(  377): Attempting to switch to ETHERNET
D/ConnectivityService(  377): resetConnections(wlan0, 3)
D/Nat464Xlat(  377): requiresClat: netType=1, hasIPv4Address=false
D/ConnectivityService(  377): handleInetConditionChange: no active default network - ignore
D/ConnectivityService(  377): Captive portal check NetworkInfo: type: WIFI[], state: CONNECTING/CAPTIVE_PORTAL_CHECK, reason: (unspecified), extra: "cisco-504", roaming: false, failover: false, isAvailable: true
D/ConnectivityService(  377): ConnectivityChange for WIFI: CONNECTED/CONNECTED
D/Nat464Xlat(  377): requiresClat: netType=1, hasIPv4Address=true
D/ConnectivityService(  377): NetTransition Wakelock for ConnectedState released by timeout
D/ConnectivityService(  377): handleInetConditionHoldEnd: net=1, condition=0, published condition=0
I/EntropyMixer(  377): Writing entropy...
W/PowerUI (  476): unknown intent: Intent { act=android.intent.action.ACTION_POWER_CONNECTED flg=0x8000010 }
I/PowerManagerService(  377): Waking up from sleep...
W/ActivityManager(  377): Permission Denial: getCurrentUser() from pid=2095, uid=10048 requires android.permission.INTERACT_ACROSS_USERS
I/WindowManager(  377): Lock screen displayed!
I/PowerManagerService(  377): Going to sleep due to screen timeout...
D/ConnectivityService(  377): handleInetConditionHoldEnd: net=1, condition=0, published condition=0
D/ConnectivityService(  377): handleInetConditionHoldEnd: net=1, condition=0, published condition=0
D/ConnectivityService(  377): handleInetConditionHoldEnd: net=1, condition=0, published condition=0
I/ActivityManager(  377): No longer want com.google.android.gms.wearable (pid 2118): empty for 1847s
D/ConnectivityService(  377): handleInetConditionHoldEnd: net=1, condition=0, published condition=0
D/ConnectivityService(  377): handleInetConditionHoldEnd: net=1, condition=0, published condition=0
I/ActivityManager(  377): No longer want com.android.mms (pid 30838): empty for 2010s
D/CountryDetector(  377): No listener is left
I/ActivityManager(  377): No longer want net.arraynetworks.mobilenow.browser (pid 29704): empty for 2070s
W/ActivityManager(  377): Scheduling restart of crashed service net.arraynetworks.mobilenow.browser/net.arraynetworks.mobilenow.mdm.MDMService in 5000ms
I/ActivityManager(  377): Start proc net.arraynetworks.mobilenow.browser for service net.arraynetworks.mobilenow.browser/net.arraynetworks.mobilenow.mdm.MDMService: pid=5002 uid=10051 gids={50051, 3003, 1015, 3002, 3001, 1028}
I/ActivityManager(  377): No longer want android.process.media (pid 30439): empty for 2083s
W/ActivityManager(  377): Scheduling restart of crashed service com.android.providers.media/.MtpService in 5000ms
I/ActivityManager(  377): Start proc android.process.media for service com.android.providers.media/.MtpService: pid=5068 uid=10011 gids={50011, 1015, 1023, 1024, 1028, 2001, 3003, 3007}
W/ProcessStats(  377): Skipping unknown process pid 5116
D/ConnectivityService(  377): handleInetConditionHoldEnd: net=1, condition=0, published condition=0
I/EntropyMixer(  377): Writing entropy...
I/PowerManagerService(  377): Waking up from sleep...
I/WindowManager(  377): Lock screen displayed!
D/PhoneStatusBar(  476): disable: < expand* icons alerts ticker* system_info BACK HOME recent* CLOCK search* >
D/PhoneStatusBar(  476): disable: < expand icons alerts ticker system_info back* home* recent clock* search >
I/BootReceiver(  377): Copying /data/tombstones/tombstone_01 to DropBox (SYSTEM_TOMBSTONE)
W/ActivityManager(  377):   Force finishing activity com.myapplication/.MainActivity
W/ActivityManager(  377): Exception thrown during pause
W/ActivityManager(  377): android.os.DeadObjectException
W/ActivityManager(  377): 	at android.os.BinderProxy.transact(Native Method)
W/ActivityManager(  377): 	at android.app.ApplicationThreadProxy.schedulePauseActivity(ApplicationThreadNative.java:635)
W/ActivityManager(  377): 	at com.android.server.am.ActivityStack.startPausingLocked(ActivityStack.java:990)
W/ActivityManager(  377): 	at com.android.server.am.ActivityStack.finishActivityLocked(ActivityStack.java:3834)
W/ActivityManager(  377): 	at com.android.server.am.ActivityStack.finishActivityLocked(ActivityStack.java:3766)
W/ActivityManager(  377): 	at com.android.server.am.ActivityManagerService.handleAppCrashLocked(ActivityManagerService.java:8344)
W/ActivityManager(  377): 	at com.android.server.am.ActivityManagerService.makeAppCrashingLocked(ActivityManagerService.java:8221)
W/ActivityManager(  377): 	at com.android.server.am.ActivityManagerService.crashApplication(ActivityManagerService.java:8900)
W/ActivityManager(  377): 	at com.android.server.am.ActivityManagerService.handleApplicationCrashInner(ActivityManagerService.java:8455)
W/ActivityManager(  377): 	at com.android.server.am.NativeCrashListener$NativeCrashReporter.run(NativeCrashListener.java:86)
I/WindowState(  377): WIN DEATH: Window{429e20a0 u0 com.myapplication/com.myapplication.MainActivity}
I/ActivityManager(  377): Process com.myapplication (pid 19831) has died.
I/ActivityManager(  377): START u0 {act=com.android.systemui.recent.action.TOGGLE_RECENTS flg=0x10800000 cmp=com.android.systemui/.recent.RecentsActivity} from pid 476
I/UsageStats(  377): Deleting usage file : usage-20150621
W/InputMethodManagerService(  377): Got RemoteException sending setActive(false) notification to pid 19831 uid 10049
I/UsageStats(  377): No package stats for pkg:com.android.systemui
I/ActivityManager(  377): START u0 {act=android.intent.action.MAIN cat=[android.intent.category.LAUNCHER] flg=0x10200000 cmp=com.myapplication/.MainActivity bnds=[200,585][360,785]} from pid 641
I/ActivityManager(  377): Start proc com.myapplication for activity com.myapplication/.MainActivity: pid=5289 uid=10049 gids={50049, 1028}
I/BootReceiver(  377): Copying /data/tombstones/tombstone_05 to DropBox (SYSTEM_TOMBSTONE)
I/WindowState(  377): WIN DEATH: Window{42a06900 u0 com.myapplication/com.myapplication.MainActivity}
I/ActivityManager(  377): Process com.myapplication (pid 5289) has died.
W/ActivityManager(  377): Force removing ActivityRecord{421cbbb0 u0 com.myapplication/.MainActivity}: app died, no saved state
D/ConnectivityService(  377): handleInetConditionHoldEnd: net=1, condition=0, published condition=0
I/PowerManagerService(  377): Going to sleep due to screen timeout...
W/InputMethodManagerService(  377): Got RemoteException sending setActive(false) notification to pid 5289 uid 10049
D/PhoneStatusBar(  476): disable: < EXPAND* icons alerts TICKER* system_info back home RECENT* clock SEARCH* >
D/PhoneStatusBar(  476): disable: < EXPAND icons alerts TICKER system_info BACK* HOME* RECENT CLOCK* SEARCH >
I/ActivityManager(  377): Start proc com.android.calendar for broadcast com.android.calendar/.widget.CalendarAppWidgetService$CalendarFactory: pid=5347 uid=10005 gids={50005, 3003, 1028}
I/ActivityManager(  377): Start proc com.android.inputmethod.latin for broadcast com.android.inputmethod.latin/com.android.inputmethod.dictionarypack.EventHandler: pid=5365 uid=10018 gids={50018, 1015, 1028}
I/ActivityManager(  377): Start proc com.android.providers.calendar for content provider com.android.providers.calendar/.CalendarProvider2: pid=5378 uid=10006 gids={50006, 3003, 1015, 1028}
I/PowerManagerService(  377): Waking up from sleep...
W/InputMethodManagerService(  377): Got RemoteException sending setActive(false) notification to pid 5289 uid 10049
I/WindowManager(  377): Lock screen displayed!
D/PhoneStatusBar(  476): disable: < expand* icons alerts ticker* system_info BACK HOME recent* CLOCK search* >
D/PhoneStatusBar(  476): disable: < expand icons alerts ticker system_info back* home* recent clock* search >
W/InputMethodManagerService(  377): Got RemoteException sending setActive(false) notification to pid 5289 uid 10049
I/ActivityManager(  377): START u0 {act=com.android.systemui.recent.action.TOGGLE_RECENTS flg=0x10800000 cmp=com.android.systemui/.recent.RecentsActivity} from pid 476
I/ActivityManager(  377): START u0 {act=android.intent.action.MAIN cat=[android.intent.category.LAUNCHER] flg=0x10200000 cmp=com.myapplication/.MainActivity bnds=[200,585][360,785]} from pid 641
I/ActivityManager(  377): Start proc com.myapplication for activity com.myapplication/.MainActivity: pid=5448 uid=10049 gids={50049, 1028}
I/ActivityManager(  377): Start proc com.google.android.gms.unstable for service com.google.android.gms/.droidguard.DroidGuardService: pid=5473 uid=10048 gids={50048, 3002, 3001, 3003, 1028, 1015, 1006, 1007, 2001}
I/ActivityManager(  377): Start proc com.android.gallery3d for broadcast com.android.gallery3d/.app.PackagesMonitor: pid=5495 uid=10015 gids={50015, 1006, 3003, 1015, 1028}
I/ActivityManager(  377): Start proc com.android.voicedialer for broadcast com.android.voicedialer/.VoiceDialerReceiver: pid=5510 uid=10042 gids={50042, 3002, 1028}
I/ActivityManager(  377): Start proc com.android.vending for broadcast com.android.vending/com.google.android.finsky.receivers.PackageMonitorReceiver$RegisteredReceiver: pid=5524 uid=10045 gids={50045, 3003, 1015, 1028}
I/ActivityManager(  377): Start proc com.android.quicksearchbox for broadcast com.android.quicksearchbox/.CorporaUpdateReceiver: pid=5559 uid=10035 gids={50035, 3003, 1028}
I/ActivityManager(  377): START u0 {act=com.android.systemui.recent.action.TOGGLE_RECENTS flg=0x10800000 cmp=com.android.systemui/.recent.RecentsActivity (has extras)} from pid 476
I/ActivityManager(  377): Killing 5448:com.myapplication/u0a10049: remove task
I/WindowState(  377): WIN DEATH: Window{42818ae0 u0 com.myapplication/com.myapplication.MainActivity}
I/ActivityManager(  377): START u0 {act=android.intent.action.MAIN cat=[android.intent.category.LAUNCHER] flg=0x10200000 cmp=com.myapplication/.MainActivity bnds=[200,585][360,785]} from pid 641
I/ActivityManager(  377): Start proc com.myapplication for activity com.myapplication/.MainActivity: pid=5604 uid=10049 gids={50049, 1028}
I/BootReceiver(  377): Copying /data/tombstones/tombstone_06 to DropBox (SYSTEM_TOMBSTONE)
W/ActivityManager(  377):   Force finishing activity com.myapplication/.MainActivity
I/WindowState(  377): WIN DEATH: Window{42a06900 u0 com.myapplication/com.myapplication.MainActivity}
W/ActivityManager(  377): Exception thrown during pause
W/ActivityManager(  377): android.os.DeadObjectException
W/ActivityManager(  377): 	at android.os.BinderProxy.transact(Native Method)
W/ActivityManager(  377): 	at android.app.ApplicationThreadProxy.schedulePauseActivity(ApplicationThreadNative.java:635)
W/ActivityManager(  377): 	at com.android.server.am.ActivityStack.startPausingLocked(ActivityStack.java:990)
W/ActivityManager(  377): 	at com.android.server.am.ActivityStack.finishActivityLocked(ActivityStack.java:3834)
W/ActivityManager(  377): 	at com.android.server.am.ActivityStack.finishActivityLocked(ActivityStack.java:3766)
W/ActivityManager(  377): 	at com.android.server.am.ActivityManagerService.handleAppCrashLocked(ActivityManagerService.java:8344)
W/ActivityManager(  377): 	at com.android.server.am.ActivityManagerService.makeAppCrashingLocked(ActivityManagerService.java:8221)
W/ActivityManager(  377): 	at com.android.server.am.ActivityManagerService.crashApplication(ActivityManagerService.java:8900)
W/ActivityManager(  377): 	at com.android.server.am.ActivityManagerService.handleApplicationCrashInner(ActivityManagerService.java:8455)
W/ActivityManager(  377): 	at com.android.server.am.NativeCrashListener$NativeCrashReporter.run(NativeCrashListener.java:86)
I/ActivityManager(  377): Process com.myapplication (pid 5604) has died.
W/InputMethodManagerService(  377): Got RemoteException sending setActive(false) notification to pid 5604 uid 10049
I/PowerManagerService(  377): Going to sleep due to screen timeout...
D/PhoneStatusBar(  476): disable: < EXPAND* icons alerts TICKER* system_info back home RECENT* clock SEARCH* >
D/PhoneStatusBar(  476): disable: < EXPAND icons alerts TICKER system_info BACK* HOME* RECENT CLOCK* SEARCH >
D/ConnectivityService(  377): handleInetConditionHoldEnd: net=1, condition=0, published condition=0
I/ActivityManager(  377): No longer want android.process.media (pid 5068): empty for 1821s
W/ActivityManager(  377): Scheduling restart of crashed service com.android.providers.media/.MtpService in 5000ms
I/ActivityManager(  377): Start proc android.process.media for service com.android.providers.media/.MtpService: pid=5782 uid=10011 gids={50011, 1015, 1023, 1024, 1028, 2001, 3003, 3007}
W/ProcessStats(  377): Skipping unknown process pid 5815
I/PowerManagerService(  377): Waking up from sleep...
I/WindowManager(  377): Lock screen displayed!
D/PhoneStatusBar(  476): disable: < expand* icons alerts ticker* system_info BACK HOME recent* CLOCK search* >
D/PhoneStatusBar(  476): disable: < expand icons alerts ticker system_info back* home* recent clock* search >
W/InputMethodManagerService(  377): Window already focused, ignoring focus gain of: com.android.internal.view.IInputMethodClient$Stub$Proxy@4259f528 attribute=android.view.inputmethod.EditorInfo@42639158, token = android.os.BinderProxy@428ab2b8
I/ActivityManager(  377): START u0 {act=android.intent.action.MAIN cat=[android.intent.category.LAUNCHER] flg=0x10200000 cmp=com.myapplication/.MainActivity bnds=[200,585][360,785]} from pid 641
I/ActivityManager(  377): Start proc com.myapplication for activity com.myapplication/.MainActivity: pid=5856 uid=10049 gids={50049, 1028}
I/ActivityManager(  377): START u0 {act=com.android.systemui.recent.action.TOGGLE_RECENTS flg=0x10800000 cmp=com.android.systemui/.recent.RecentsActivity (has extras)} from pid 476
I/ActivityManager(  377): Killing 5856:com.myapplication/u0a10049: remove task
I/WindowState(  377): WIN DEATH: Window{428a6d80 u0 com.myapplication/com.myapplication.MainActivity}
I/ActivityManager(  377): START u0 {act=android.intent.action.MAIN cat=[android.intent.category.HOME] flg=0x10200000 cmp=com.android.launcher/com.android.launcher2.Launcher} from pid 377
I/ActivityManager(  377): START u0 {act=android.intent.action.MAIN cat=[android.intent.category.LAUNCHER] flg=0x10200000 cmp=com.myapplication/.MainActivity bnds=[200,585][360,785]} from pid 641
I/ActivityManager(  377): Start proc com.myapplication for activity com.myapplication/.MainActivity: pid=5879 uid=10049 gids={50049, 1028}
I/BootReceiver(  377): Copying /data/tombstones/tombstone_02 to DropBox (SYSTEM_TOMBSTONE)
W/ActivityManager(  377):   Force finishing activity com.myapplication/.MainActivity
I/WindowState(  377): WIN DEATH: Window{426e2ae8 u0 com.myapplication/com.myapplication.MainActivity}
W/ActivityManager(  377): Exception thrown during pause
W/ActivityManager(  377): android.os.DeadObjectException
W/ActivityManager(  377): 	at android.os.BinderProxy.transact(Native Method)
W/ActivityManager(  377): 	at android.app.ApplicationThreadProxy.schedulePauseActivity(ApplicationThreadNative.java:635)
W/ActivityManager(  377): 	at com.android.server.am.ActivityStack.startPausingLocked(ActivityStack.java:990)
W/ActivityManager(  377): 	at com.android.server.am.ActivityStack.finishActivityLocked(ActivityStack.java:3834)
W/ActivityManager(  377): 	at com.android.server.am.ActivityStack.finishActivityLocked(ActivityStack.java:3766)
W/ActivityManager(  377): 	at com.android.server.am.ActivityManagerService.handleAppCrashLocked(ActivityManagerService.java:8344)
W/ActivityManager(  377): 	at com.android.server.am.ActivityManagerService.makeAppCrashingLocked(ActivityManagerService.java:8221)
W/ActivityManager(  377): 	at com.android.server.am.ActivityManagerService.crashApplication(ActivityManagerService.java:8900)
W/ActivityManager(  377): 	at com.android.server.am.ActivityManagerService.handleApplicationCrashInner(ActivityManagerService.java:8455)
W/ActivityManager(  377): 	at com.android.server.am.NativeCrashListener$NativeCrashReporter.run(NativeCrashListener.java:86)
I/ActivityManager(  377): Process com.myapplication (pid 5879) has died.
D/ConnectivityService(  377): handleInetConditionHoldEnd: net=1, condition=0, published condition=0
I/PowerManagerService(  377): Going to sleep due to screen timeout...
W/InputMethodManagerService(  377): Got RemoteException sending setActive(false) notification to pid 5879 uid 10049
D/PhoneStatusBar(  476): disable: < EXPAND* icons alerts TICKER* system_info back home RECENT* clock SEARCH* >
D/PhoneStatusBar(  476): disable: < EXPAND icons alerts TICKER system_info BACK* HOME* RECENT CLOCK* SEARCH >
D/ConnectivityService(  377): handleInetConditionHoldEnd: net=1, condition=0, published condition=0
I/ActivityManager(  377): No longer want com.android.calendar (pid 5347): empty for 1858s
I/ActivityManager(  377): No longer want com.android.providers.calendar (pid 5378): empty for 1859s
I/ActivityManager(  377): No longer want com.android.inputmethod.latin (pid 5365): empty for 1859s
I/ActivityManager(  377): No longer want com.google.android.gms.unstable (pid 5473): empty for 1835s
D/ConnectivityService(  377): handleInetConditionHoldEnd: net=1, condition=0, published condition=0
I/ActivityManager(  377): No longer want android.process.media (pid 5782): empty for 1854s
W/ActivityManager(  377): Scheduling restart of crashed service com.android.providers.media/.MtpService in 5000ms
I/ActivityManager(  377): Start proc android.process.media for service com.android.providers.media/.MtpService: pid=6253 uid=10011 gids={50011, 1015, 1023, 1024, 1028, 2001, 3003, 3007}
D/ConnectivityService(  377): handleInetConditionHoldEnd: net=1, condition=0, published condition=0
I/ActivityManager(  377): Start proc com.android.providers.calendar for broadcast com.android.providers.calendar/.CalendarReceiver: pid=6419 uid=10006 gids={50006, 3003, 1015, 1028}
I/ActivityManager(  377): Start proc com.android.calendar for broadcast com.android.calendar/.alerts.AlertReceiver: pid=6434 uid=10005 gids={50005, 3003, 1028}
I/ActivityManager(  377): No longer want net.arraynetworks.mobilenow.browser (pid 5002): empty for 1800s
W/ActivityManager(  377): Scheduling restart of crashed service net.arraynetworks.mobilenow.browser/net.arraynetworks.mobilenow.mdm.MDMService in 5000ms
I/ActivityManager(  377): No longer want com.android.voicedialer (pid 5510): empty for 1800s
I/ActivityManager(  377): No longer want com.android.gallery3d (pid 5495): empty for 1800s
I/ActivityManager(  377): No longer want com.android.vending (pid 5524): empty for 1801s
W/ActivityManager(  377): Scheduling restart of crashed service com.android.vending/com.google.android.finsky.services.ContentSyncService in 13863ms
I/ActivityManager(  377): No longer want com.google.process.location (pid 2095): empty for 1801s
W/ActivityManager(  377): Scheduling restart of crashed service com.google.android.gms/com.google.android.location.reporting.service.DispatchingService in 13822ms
W/ActivityManager(  377): Scheduling restart of crashed service com.google.android.gms/com.google.android.location.fused.NlpLocationReceiverService in 23822ms
W/ActivityManager(  377): Scheduling restart of crashed service com.google.android.gms/com.google.android.location.internal.server.GoogleLocationService in 33822ms
W/ActivityManager(  377): Scheduling restart of crashed service com.google.android.gms/com.google.android.location.internal.GoogleLocationManagerService in 43822ms
W/ActivityManager(  377): Scheduling restart of crashed service com.google.android.gms/.deviceconnection.service.DeviceConnectionServiceBroker in 53822ms
I/ActivityManager(  377): No longer want com.android.quicksearchbox (pid 5559): empty for 1801s
I/ActivityManager(  377): Start proc net.arraynetworks.mobilenow.browser for service net.arraynetworks.mobilenow.browser/net.arraynetworks.mobilenow.mdm.MDMService: pid=6461 uid=10051 gids={50051, 3003, 1015, 3002, 3001, 1028}
I/ActivityManager(  377): Start proc com.google.process.location for service com.google.android.gms/com.google.android.location.reporting.service.DispatchingService: pid=6485 uid=10048 gids={50048, 3002, 3001, 3003, 1028, 1015, 1006, 1007, 2001}
I/ActivityManager(  377): Start proc com.google.android.gms.wearable for service com.google.android.gms/.wearable.service.WearableService: pid=6507 uid=10048 gids={50048, 3002, 3001, 3003, 1028, 1015, 1006, 1007, 2001}
W/ActivityManager(  377): Permission Denial: getCurrentUser() from pid=6485, uid=10048 requires android.permission.INTERACT_ACROSS_USERS
D/ConnectivityService(  377): handleInetConditionHoldEnd: net=1, condition=0, published condition=0
D/ConnectivityService(  377): handleInetConditionHoldEnd: net=1, condition=0, published condition=0
I/ActivityManager(  377): No longer want android.process.media (pid 6253): empty for 1822s
W/ActivityManager(  377): Scheduling restart of crashed service com.android.providers.media/.MtpService in 5000ms
I/ActivityManager(  377): Start proc android.process.media for service com.android.providers.media/.MtpService: pid=6803 uid=10011 gids={50011, 1015, 1023, 1024, 1028, 2001, 3003, 3007}
D/ConnectivityService(  377): handleInetConditionHoldEnd: net=1, condition=0, published condition=0
I/ActivityManager(  377): No longer want com.android.calendar (pid 6434): empty for 1828s
I/ActivityManager(  377): No longer want android.process.acore (pid 4456): empty for 1901s
I/ActivityManager(  377): Start proc android.process.acore for content provider com.android.providers.contacts/.ContactsProvider2: pid=6985 uid=10000 gids={50000, 3003, 1015, 1028}
I/ActivityManager(  377): No longer want com.android.providers.calendar (pid 6419): empty for 1928s
D/ConnectivityService(  377): handleInetConditionHoldEnd: net=1, condition=0, published condition=0
I/ActivityManager(  377): No longer want net.arraynetworks.mobilenow.browser (pid 6461): empty for 2033s
W/ActivityManager(  377): Scheduling restart of crashed service net.arraynetworks.mobilenow.browser/net.arraynetworks.mobilenow.mdm.MDMService in 5000ms
I/ActivityManager(  377): No longer want com.google.process.location (pid 6485): empty for 2021s
W/ActivityManager(  377): Scheduling restart of crashed service com.google.android.gms/com.google.android.location.reporting.service.DispatchingService in 14898ms
W/ActivityManager(  377): Scheduling restart of crashed service com.google.android.gms/com.google.android.location.internal.server.GoogleLocationService in 24898ms
W/ActivityManager(  377): Scheduling restart of crashed service com.google.android.gms/com.google.android.location.fused.NlpLocationReceiverService in 34898ms
W/ActivityManager(  377): Scheduling restart of crashed service com.google.android.gms/com.google.android.location.internal.GoogleLocationManagerService in 44898ms
W/ActivityManager(  377): Scheduling restart of crashed service com.google.android.gms/.deviceconnection.service.DeviceConnectionServiceBroker in 54898ms
I/ActivityManager(  377): Start proc net.arraynetworks.mobilenow.browser for service net.arraynetworks.mobilenow.browser/net.arraynetworks.mobilenow.mdm.MDMService: pid=7025 uid=10051 gids={50051, 3003, 1015, 3002, 3001, 1028}
I/ActivityManager(  377): Start proc com.google.process.location for service com.google.android.gms/com.google.android.location.reporting.service.DispatchingService: pid=7049 uid=10048 gids={50048, 3002, 3001, 3003, 1028, 1015, 1006, 1007, 2001}
W/ActivityManager(  377): Permission Denial: getCurrentUser() from pid=7049, uid=10048 requires android.permission.INTERACT_ACROSS_USERS
D/ConnectivityService(  377): handleInetConditionHoldEnd: net=1, condition=0, published condition=0
I/ActivityManager(  377): Start proc com.android.calendar for broadcast com.android.calendar/.widget.CalendarAppWidgetService$CalendarFactory: pid=7258 uid=10005 gids={50005, 3003, 1028}
I/ActivityManager(  377): Start proc com.android.deskclock for broadcast com.android.deskclock/.AlarmInitReceiver: pid=7277 uid=10009 gids={50009, 1028}
I/ActivityManager(  377): Start proc com.android.providers.calendar for content provider com.android.providers.calendar/.CalendarProvider2: pid=7290 uid=10006 gids={50006, 3003, 1015, 1028}
I/ActivityManager(  377): No longer want android.process.media (pid 6803): empty for 1811s
W/ActivityManager(  377): Scheduling restart of crashed service com.android.providers.media/.MtpService in 5000ms
I/ActivityManager(  377): Start proc android.process.media for service com.android.providers.media/.MtpService: pid=7355 uid=10011 gids={50011, 1015, 1023, 1024, 1028, 2001, 3003, 3007}
D/ConnectivityService(  377): handleInetConditionHoldEnd: net=1, condition=0, published condition=0
D/ConnectivityService(  377): handleInetConditionHoldEnd: net=1, condition=0, published condition=0
I/ActivityManager(  377): No longer want net.arraynetworks.mobilenow.browser (pid 7025): empty for 1800s
W/ActivityManager(  377): Scheduling restart of crashed service net.arraynetworks.mobilenow.browser/net.arraynetworks.mobilenow.mdm.MDMService in 5000ms
I/ActivityManager(  377): Start proc net.arraynetworks.mobilenow.browser for service net.arraynetworks.mobilenow.browser/net.arraynetworks.mobilenow.mdm.MDMService: pid=7559 uid=10051 gids={50051, 3003, 1015, 3002, 3001, 1028}
I/ActivityManager(  377): No longer want com.google.android.gms.wearable (pid 6507): empty for 1808s
I/ActivityManager(  377): No longer want com.google.process.location (pid 7049): empty for 1808s
W/ActivityManager(  377): Scheduling restart of crashed service com.google.android.gms/com.google.android.location.reporting.service.DispatchingService in 5000ms
W/ActivityManager(  377): Scheduling restart of crashed service com.google.android.gms/com.google.android.location.fused.NlpLocationReceiverService in 15000ms
W/ActivityManager(  377): Scheduling restart of crashed service com.google.android.gms/com.google.android.location.internal.server.GoogleLocationService in 25000ms
W/ActivityManager(  377): Scheduling restart of crashed service com.google.android.gms/com.google.android.location.internal.GoogleLocationManagerService in 34999ms
W/ActivityManager(  377): Scheduling restart of crashed service com.google.android.gms/.deviceconnection.service.DeviceConnectionServiceBroker in 44999ms
I/ActivityManager(  377): Start proc com.google.process.location for service com.google.android.gms/com.google.android.location.reporting.service.DispatchingService: pid=7585 uid=10048 gids={50048, 3002, 3001, 3003, 1028, 1015, 1006, 1007, 2001}
I/ActivityManager(  377): Start proc com.google.android.gms.wearable for service com.google.android.gms/.wearable.service.WearableService: pid=7608 uid=10048 gids={50048, 3002, 3001, 3003, 1028, 1015, 1006, 1007, 2001}
W/ActivityManager(  377): Permission Denial: getCurrentUser() from pid=7585, uid=10048 requires android.permission.INTERACT_ACROSS_USERS
D/ConnectivityService(  377): handleInetConditionHoldEnd: net=1, condition=0, published condition=0
I/ActivityManager(  377): No longer want com.android.deskclock (pid 7277): empty for 1809s
I/ActivityManager(  377): No longer want com.android.providers.calendar (pid 7290): empty for 1986s
D/ConnectivityService(  377): handleInetConditionHoldEnd: net=1, condition=0, published condition=0
I/ActivityManager(  377): No longer want com.android.calendar (pid 7258): empty for 2633s
D/ConnectivityService(  377): handleInetConditionHoldEnd: net=1, condition=0, published condition=0
I/ActivityManager(  377): No longer want android.process.media (pid 7355): empty for 2711s
W/ActivityManager(  377): Scheduling restart of crashed service com.android.providers.media/.MtpService in 5000ms
I/ActivityManager(  377): Start proc android.process.media for service com.android.providers.media/.MtpService: pid=8041 uid=10011 gids={50011, 1015, 1023, 1024, 1028, 2001, 3003, 3007}
I/ActivityManager(  377): No longer want net.arraynetworks.mobilenow.browser (pid 7559): empty for 1875s
I/ActivityManager(  377): No longer want android.process.acore (pid 6985): empty for 1982s
W/ActivityManager(  377): Scheduling restart of crashed service net.arraynetworks.mobilenow.browser/net.arraynetworks.mobilenow.mdm.MDMService in 5000ms
I/ActivityManager(  377): Start proc net.arraynetworks.mobilenow.browser for service net.arraynetworks.mobilenow.browser/net.arraynetworks.mobilenow.mdm.MDMService: pid=8072 uid=10051 gids={50051, 3003, 1015, 3002, 3001, 1028}
I/ActivityManager(  377): Start proc android.process.acore for content provider com.android.providers.contacts/.ContactsProvider2: pid=8144 uid=10000 gids={50000, 3003, 1015, 1028}
I/ActivityManager(  377): No longer want com.google.process.location (pid 7585): empty for 2098s
W/ActivityManager(  377): Scheduling restart of crashed service com.google.android.gms/com.google.android.location.reporting.service.DispatchingService in 5000ms
W/ActivityManager(  377): Scheduling restart of crashed service com.google.android.gms/com.google.android.location.internal.server.GoogleLocationService in 15000ms
W/ActivityManager(  377): Scheduling restart of crashed service com.google.android.gms/com.google.android.location.fused.NlpLocationReceiverService in 25000ms
W/ActivityManager(  377): Scheduling restart of crashed service com.google.android.gms/com.google.android.location.internal.GoogleLocationManagerService in 35000ms
W/ActivityManager(  377): Scheduling restart of crashed service com.google.android.gms/.deviceconnection.service.DeviceConnectionServiceBroker in 45000ms
I/ActivityManager(  377): Start proc com.google.process.location for service com.google.android.gms/com.google.android.location.reporting.service.DispatchingService: pid=8163 uid=10048 gids={50048, 3002, 3001, 3003, 1028, 1015, 1006, 1007, 2001}
W/ActivityManager(  377): Permission Denial: getCurrentUser() from pid=8163, uid=10048 requires android.permission.INTERACT_ACROSS_USERS
D/ConnectivityService(  377): handleInetConditionHoldEnd: net=1, condition=0, published condition=0
D/ConnectivityService(  377): handleInetConditionHoldEnd: net=1, condition=0, published condition=0
I/fstrim  (  117): Starting fstrim work...
