D/ConnectivityService(  377): handleConnectivityChange: address are the same reset per doReset linkProperty[1]: resetMask=0
D/Nat464Xlat(  377): requiresClat: netType=1, hasIPv4Address=true
D/ConnectivityService(  377): NetTransition Wakelock for ConnectedState released by timeout
I/ActivityManager(  377): Start proc com.android.mms for broadcast com.android.mms/.transaction.MmsSystemEventReceiver: pid=10232 uid=10023 gids={50023, 3003, 1015, 1028}
D/CountryDetector(  377): The first listener is added
D/ConnectivityService(  377): handleInetConditionHoldEnd: net=1, condition=100, published condition=0
W/ActivityManager(  377): Permission Denial: getCurrentUser() from pid=8802, uid=10048 requires android.permission.INTERACT_ACROSS_USERS
I/ActivityManager(  377): No longer want android.process.acore (pid 8782): empty for 2191s
I/PowerManagerService(  377): Waking up from sleep...
I/WindowManager(  377): Lock screen displayed!
D/PhoneStatusBar(  476): disable: < expand* icons alerts ticker* system_info BACK HOME recent* CLOCK search* >
W/InputMethodManagerService(  377): Window already focused, ignoring focus gain of: com.android.internal.view.IInputMethodClient$Stub$Proxy@4282e760 attribute=android.view.inputmethod.EditorInfo@42855928, token = android.os.BinderProxy@428ab2b8
D/PhoneStatusBar(  476): disable: < expand icons alerts ticker system_info back* home* recent clock* search >
I/ActivityManager(  377): START u0 {act=android.intent.action.MAIN cat=[android.intent.category.LAUNCHER] flg=0x10200000 cmp=com.myapplication/.MainActivity bnds=[200,585][360,785]} from pid 641
I/ActivityManager(  377): Start proc com.myapplication for activity com.myapplication/.MainActivity: pid=10417 uid=10049 gids={50049, 1028}
I/ActivityManager(  377): Start proc com.google.android.gms.unstable for service com.google.android.gms/.droidguard.DroidGuardService: pid=10448 uid=10048 gids={50048, 3002, 3001, 3003, 1028, 1015, 1006, 1007, 2001}
I/ActivityManager(  377): Start proc android.process.acore for broadcast com.android.providers.contacts/.PackageIntentReceiver: pid=10469 uid=10000 gids={50000, 3003, 1015, 1028}
I/ActivityManager(  377): Start proc com.android.gallery3d for broadcast com.android.gallery3d/.app.PackagesMonitor: pid=10486 uid=10015 gids={50015, 1006, 3003, 1015, 1028}
I/ActivityManager(  377): Start proc com.android.voicedialer for broadcast com.android.voicedialer/.VoiceDialerReceiver: pid=10502 uid=10042 gids={50042, 3002, 1028}
I/ActivityManager(  377): Start proc com.android.vending for broadcast com.android.vending/com.google.android.finsky.receivers.PackageMonitorReceiver$RegisteredReceiver: pid=10515 uid=10045 gids={50045, 3003, 1015, 1028}
I/ActivityManager(  377): Start proc com.android.quicksearchbox for broadcast com.android.quicksearchbox/.CorporaUpdateReceiver: pid=10551 uid=10035 gids={50035, 3003, 1028}
I/ActivityManager(  377): START u0 {act=com.android.systemui.recent.action.TOGGLE_RECENTS flg=0x10800000 cmp=com.android.systemui/.recent.RecentsActivity (has extras)} from pid 476
I/ActivityManager(  377): Killing 10417:com.myapplication/u0a10049: remove task
I/WindowState(  377): WIN DEATH: Window{421c8d08 u0 com.myapplication/com.myapplication.MainActivity}
I/ActivityManager(  377): START u0 {act=android.intent.action.MAIN cat=[android.intent.category.LAUNCHER] flg=0x10200000 cmp=com.myapplication/.MainActivity bnds=[200,585][360,785]} from pid 641
I/ActivityManager(  377): Start proc com.myapplication for activity com.myapplication/.MainActivity: pid=10593 uid=10049 gids={50049, 1028}
I/BootReceiver(  377): Copying /data/tombstones/tombstone_03 to DropBox (SYSTEM_TOMBSTONE)
I/WindowState(  377): WIN DEATH: Window{42bc1168 u0 com.myapplication/com.myapplication.MainActivity}
I/ActivityManager(  377): Process com.myapplication (pid 10593) has died.
W/ActivityManager(  377): Force removing ActivityRecord{421cbbb0 u0 com.myapplication/.MainActivity}: app died, no saved state
W/InputMethodManagerService(  377): Got RemoteException sending setActive(false) notification to pid 10593 uid 10049
I/ActivityManager(  377): START u0 {act=android.intent.action.MAIN cat=[android.intent.category.LAUNCHER] flg=0x10200000 cmp=com.myapplication/.MainActivity bnds=[200,585][360,785]} from pid 641
I/ActivityManager(  377): Start proc com.myapplication for activity com.myapplication/.MainActivity: pid=10617 uid=10049 gids={50049, 1028}
I/PowerManagerService(  377): Going to sleep due to screen timeout...
D/PhoneStatusBar(  476): disable: < EXPAND* icons alerts TICKER* system_info back home RECENT* clock SEARCH* >
D/PhoneStatusBar(  476): disable: < EXPAND icons alerts TICKER system_info BACK* HOME* RECENT CLOCK* SEARCH >
I/PowerManagerService(  377): Waking up from sleep...
I/WindowManager(  377): Lock screen displayed!
D/PhoneStatusBar(  476): disable: < expand* icons alerts ticker* system_info BACK HOME recent* CLOCK search* >
W/InputMethodManagerService(  377): Window already focused, ignoring focus gain of: com.android.internal.view.IInputMethodClient$Stub$Proxy@42952ff8 attribute=android.view.inputmethod.EditorInfo@42953058, token = android.os.BinderProxy@424e4948
D/PhoneStatusBar(  476): disable: < expand icons alerts ticker system_info back* home* recent clock* search >
I/ActivityManager(  377): START u0 {act=com.android.systemui.recent.action.TOGGLE_RECENTS flg=0x10800000 cmp=com.android.systemui/.recent.RecentsActivity (has extras)} from pid 476
I/ActivityManager(  377): Killing 10617:com.myapplication/u0a10049: remove task
I/WindowState(  377): WIN DEATH: Window{4260fca0 u0 com.myapplication/com.myapplication.MainActivity}
I/ActivityManager(  377): START u0 {act=android.intent.action.MAIN cat=[android.intent.category.LAUNCHER] flg=0x10200000 cmp=com.myapplication/.MainActivity bnds=[200,585][360,785]} from pid 641
I/ActivityManager(  377): Start proc com.myapplication for activity com.myapplication/.MainActivity: pid=10737 uid=10049 gids={50049, 1028}
I/EntropyMixer(  377): Writing entropy...
I/BootReceiver(  377): Copying /data/tombstones/tombstone_00 to DropBox (SYSTEM_TOMBSTONE)
I/WindowState(  377): WIN DEATH: Window{428ec938 u0 com.myapplication/com.myapplication.MainActivity}
I/ActivityManager(  377): Process com.myapplication (pid 10737) has died.
W/ActivityManager(  377): Force removing ActivityRecord{424fab98 u0 com.myapplication/.MainActivity}: app died, no saved state
W/InputMethodManagerService(  377): Got RemoteException sending setActive(false) notification to pid 10737 uid 10049
I/ActivityManager(  377): START u0 {act=android.intent.action.MAIN cat=[android.intent.category.LAUNCHER] flg=0x10200000 cmp=com.myapplication/.MainActivity bnds=[200,585][360,785]} from pid 641
I/ActivityManager(  377): Start proc com.myapplication for activity com.myapplication/.MainActivity: pid=10787 uid=10049 gids={50049, 1028}
I/BootReceiver(  377): Copying /data/tombstones/tombstone_08 to DropBox (SYSTEM_TOMBSTONE)
I/ActivityManager(  377): Process com.myapplication (pid 10787) has died.
I/WindowState(  377): WIN DEATH: Window{42bc1168 u0 com.myapplication/com.myapplication.MainActivity}
W/ActivityManager(  377): Force removing ActivityRecord{42760c70 u0 com.myapplication/.MainActivity}: app died, no saved state
W/InputMethodManagerService(  377): Got RemoteException sending setActive(false) notification to pid 10787 uid 10049
I/ActivityManager(  377): Start proc com.android.calendar for broadcast com.android.calendar/.widget.CalendarAppWidgetService$CalendarFactory: pid=10816 uid=10005 gids={50005, 3003, 1028}
I/ActivityManager(  377): Start proc com.android.providers.calendar for content provider com.android.providers.calendar/.CalendarProvider2: pid=10834 uid=10006 gids={50006, 3003, 1015, 1028}
I/PowerManagerService(  377): Going to sleep due to screen timeout...
D/PhoneStatusBar(  476): disable: < EXPAND* icons alerts TICKER* system_info back home RECENT* clock SEARCH* >
D/PhoneStatusBar(  476): disable: < EXPAND icons alerts TICKER system_info BACK* HOME* RECENT CLOCK* SEARCH >
I/PowerManagerService(  377): Waking up from sleep...
I/WindowManager(  377): Lock screen displayed!
D/PhoneStatusBar(  476): disable: < expand* icons alerts ticker* system_info BACK HOME recent* CLOCK search* >
D/PhoneStatusBar(  476): disable: < expand icons alerts ticker system_info back* home* recent clock* search >
W/InputMethodManagerService(  377): Window already focused, ignoring focus gain of: com.android.internal.view.IInputMethodClient$Stub$Proxy@42be6600 attribute=android.view.inputmethod.EditorInfo@42be6618, token = android.os.BinderProxy@428ab2b8
I/ActivityManager(  377): START u0 {act=android.intent.action.MAIN cat=[android.intent.category.LAUNCHER] flg=0x10200000 cmp=com.myapplication/.MainActivity bnds=[200,585][360,785]} from pid 641
I/ActivityManager(  377): Start proc com.myapplication for activity com.myapplication/.MainActivity: pid=10893 uid=10049 gids={50049, 1028}
I/PowerManagerService(  377): Going to sleep due to screen timeout...
D/PhoneStatusBar(  476): disable: < EXPAND* icons alerts TICKER* system_info back home RECENT* clock SEARCH* >
D/PhoneStatusBar(  476): disable: < EXPAND icons alerts TICKER system_info BACK* HOME* RECENT CLOCK* SEARCH >
I/ActivityManager(  377): No longer want com.android.mms (pid 10232): empty for 1824s
I/ActivityManager(  377): No longer want android.process.media (pid 8736): empty for 1825s
D/CountryDetector(  377): No listener is left
W/ActivityManager(  377): Scheduling restart of crashed service com.android.providers.media/.MtpService in 5000ms
I/ActivityManager(  377): Start proc android.process.media for service com.android.providers.media/.MtpService: pid=11038 uid=10011 gids={50011, 1015, 1023, 1024, 1028, 2001, 3003, 3007}
I/PowerManagerService(  377): Waking up from sleep...
I/WindowManager(  377): Lock screen displayed!
I/BootReceiver(  377): Copying /data/tombstones/tombstone_04 to DropBox (SYSTEM_TOMBSTONE)
W/ActivityManager(  377):   Force finishing activity com.myapplication/.MainActivity
I/WindowState(  377): WIN DEATH: Window{4260fca0 u0 com.myapplication/com.myapplication.MainActivity}
I/ActivityManager(  377): Process com.myapplication (pid 10893) has died.
D/PhoneStatusBar(  476): disable: < expand* icons alerts ticker* system_info BACK HOME recent* CLOCK search* >
D/PhoneStatusBar(  476): disable: < expand icons alerts ticker system_info back* home* recent clock* search >
W/InputMethodManagerService(  377): Got RemoteException sending setActive(false) notification to pid 10893 uid 10049
I/ActivityManager(  377): START u0 {act=android.intent.action.MAIN cat=[android.intent.category.LAUNCHER] flg=0x10200000 cmp=com.myapplication/.MainActivity bnds=[200,585][360,785]} from pid 641
I/ActivityManager(  377): Start proc com.myapplication for activity com.myapplication/.MainActivity: pid=11137 uid=10049 gids={50049, 1028}
I/BootReceiver(  377): Copying /data/tombstones/tombstone_01 to DropBox (SYSTEM_TOMBSTONE)
I/WindowState(  377): WIN DEATH: Window{42963120 u0 com.myapplication/com.myapplication.MainActivity}
I/ActivityManager(  377): Process com.myapplication (pid 11137) has died.
W/ActivityManager(  377): Force removing ActivityRecord{421cbbb0 u0 com.myapplication/.MainActivity}: app died, no saved state
W/InputMethodManagerService(  377): Got RemoteException sending setActive(false) notification to pid 11137 uid 10049
I/PowerManagerService(  377): Going to sleep due to screen timeout...
D/PhoneStatusBar(  476): disable: < EXPAND* icons alerts TICKER* system_info back home RECENT* clock SEARCH* >
D/PhoneStatusBar(  476): disable: < EXPAND icons alerts TICKER system_info BACK* HOME* RECENT CLOCK* SEARCH >
I/PowerManagerService(  377): Waking up from sleep...
I/WindowManager(  377): Lock screen displayed!
D/PhoneStatusBar(  476): disable: < expand* icons alerts ticker* system_info BACK HOME recent* CLOCK search* >
D/PhoneStatusBar(  476): disable: < expand icons alerts ticker system_info back* home* recent clock* search >
W/InputMethodManagerService(  377): Window already focused, ignoring focus gain of: com.android.internal.view.IInputMethodClient$Stub$Proxy@42904068 attribute=android.view.inputmethod.EditorInfo@42983240, token = android.os.BinderProxy@428ab2b8
I/ActivityManager(  377): START u0 {act=android.intent.action.MAIN cat=[android.intent.category.LAUNCHER] flg=0x10200000 cmp=com.myapplication/.MainActivity bnds=[200,585][360,785]} from pid 641
I/ActivityManager(  377): Start proc com.myapplication for activity com.myapplication/.MainActivity: pid=11207 uid=10049 gids={50049, 1028}
W/ActivityManager(  377):   Force finishing activity com.myapplication/.MainActivity
I/BootReceiver(  377): Copying /data/tombstones/tombstone_05 to DropBox (SYSTEM_TOMBSTONE)
I/WindowState(  377): WIN DEATH: Window{426fca50 u0 com.myapplication/com.myapplication.MainActivity}
W/ActivityManager(  377): Exception thrown during pause
W/ActivityManager(  377): android.os.DeadObjectException
W/ActivityManager(  377): 	at android.os.BinderProxy.transact(Native Method)
W/ActivityManager(  377): 	at android.app.ApplicationThreadProxy.schedulePauseActivity(ApplicationThreadNative.java:635)
W/ActivityManager(  377): 	at com.android.server.am.ActivityStack.startPausingLocked(ActivityStack.java:990)
W/ActivityManager(  377): 	at com.android.server.am.ActivityStack.finishActivityLocked(ActivityStack.java:3834)
W/ActivityManager(  377): 	at com.android.server.am.ActivityStack.finishActivityLocked(ActivityStack.java:3766)
W/ActivityManager(  377): 	at com.android.server.am.ActivityManagerService.handleAppCrashLocked(ActivityManagerService.java:8344)
W/ActivityManager(  377): 	at com.android.server.am.ActivityManagerService.makeAppCrashingLocked(ActivityManagerService.java:8221)
W/ActivityManager(  377): 	at com.android.server.am.ActivityManagerService.crashApplication(ActivityManagerService.java:8900)
W/ActivityManager(  377): 	at com.android.server.am.ActivityManagerService.handleApplicationCrashInner(ActivityManagerService.java:8455)
W/ActivityManager(  377): 	at com.android.server.am.NativeCrashListener$NativeCrashReporter.run(NativeCrashListener.java:86)
I/ActivityManager(  377): Process com.myapplication (pid 11207) has died.
W/InputMethodManagerService(  377): Got RemoteException sending setActive(false) notification to pid 11207 uid 10049
I/ActivityManager(  377): START u0 {act=android.intent.action.MAIN cat=[android.intent.category.LAUNCHER] flg=0x10200000 cmp=com.myapplication/.MainActivity bnds=[200,585][360,785]} from pid 641
I/ActivityManager(  377): Start proc com.myapplication for activity com.myapplication/.MainActivity: pid=11242 uid=10049 gids={50049, 1028}
I/BootReceiver(  377): Copying /data/tombstones/tombstone_06 to DropBox (SYSTEM_TOMBSTONE)
W/ActivityManager(  377):   Force finishing activity com.myapplication/.MainActivity
I/WindowState(  377): WIN DEATH: Window{42a637f0 u0 com.myapplication/com.myapplication.MainActivity}
W/ActivityManager(  377): Exception thrown during pause
W/ActivityManager(  377): android.os.DeadObjectException
W/ActivityManager(  377): 	at android.os.BinderProxy.transact(Native Method)
W/ActivityManager(  377): 	at android.app.ApplicationThreadProxy.schedulePauseActivity(ApplicationThreadNative.java:635)
W/ActivityManager(  377): 	at com.android.server.am.ActivityStack.startPausingLocked(ActivityStack.java:990)
W/ActivityManager(  377): 	at com.android.server.am.ActivityStack.finishActivityLocked(ActivityStack.java:3834)
W/ActivityManager(  377): 	at com.android.server.am.ActivityStack.finishActivityLocked(ActivityStack.java:3766)
W/ActivityManager(  377): 	at com.android.server.am.ActivityManagerService.handleAppCrashLocked(ActivityManagerService.java:8344)
W/ActivityManager(  377): 	at com.android.server.am.ActivityManagerService.makeAppCrashingLocked(ActivityManagerService.java:8221)
W/ActivityManager(  377): 	at com.android.server.am.ActivityManagerService.crashApplication(ActivityManagerService.java:8900)
W/ActivityManager(  377): 	at com.android.server.am.ActivityManagerService.handleApplicationCrashInner(ActivityManagerService.java:8455)
W/ActivityManager(  377): 	at com.android.server.am.NativeCrashListener$NativeCrashReporter.run(NativeCrashListener.java:86)
I/ActivityManager(  377): Process com.myapplication (pid 11242) has died.
W/InputMethodManagerService(  377): Got RemoteException sending setActive(false) notification to pid 11242 uid 10049
I/ActivityManager(  377): START u0 {act=android.intent.action.MAIN cat=[android.intent.category.LAUNCHER] flg=0x10200000 cmp=com.myapplication/.MainActivity bnds=[200,585][360,785]} from pid 641
I/ActivityManager(  377): Start proc com.myapplication for activity com.myapplication/.MainActivity: pid=11264 uid=10049 gids={50049, 1028}
I/BootReceiver(  377): Copying /data/tombstones/tombstone_02 to DropBox (SYSTEM_TOMBSTONE)
I/WindowState(  377): WIN DEATH: Window{426f0728 u0 com.myapplication/com.myapplication.MainActivity}
I/ActivityManager(  377): Process com.myapplication (pid 11264) has died.
W/ActivityManager(  377): Force removing ActivityRecord{4254d6f8 u0 com.myapplication/.MainActivity}: app died, no saved state
W/InputMethodManagerService(  377): Got RemoteException sending setActive(false) notification to pid 11264 uid 10049
I/ActivityManager(  377): START u0 {act=android.intent.action.MAIN cat=[android.intent.category.LAUNCHER] flg=0x10200000 cmp=com.myapplication/.MainActivity bnds=[200,585][360,785]} from pid 641
I/ActivityManager(  377): Start proc com.myapplication for activity com.myapplication/.MainActivity: pid=11301 uid=10049 gids={50049, 1028}
I/BootReceiver(  377): Copying /data/tombstones/tombstone_07 to DropBox (SYSTEM_TOMBSTONE)
I/ActivityManager(  377): Process com.myapplication (pid 11301) has died.
I/WindowState(  377): WIN DEATH: Window{426b9488 u0 com.myapplication/com.myapplication.MainActivity}
W/ActivityManager(  377): Force removing ActivityRecord{425abb00 u0 com.myapplication/.MainActivity}: app died, no saved state
W/InputMethodManagerService(  377): Got RemoteException sending setActive(false) notification to pid 11301 uid 10049
I/ActivityManager(  377): START u0 {act=android.intent.action.MAIN cat=[android.intent.category.LAUNCHER] flg=0x10200000 cmp=com.myapplication/.MainActivity bnds=[200,585][360,785]} from pid 641
I/ActivityManager(  377): Start proc com.myapplication for activity com.myapplication/.MainActivity: pid=11348 uid=10049 gids={50049, 1028}
I/BootReceiver(  377): Copying /data/tombstones/tombstone_09 to DropBox (SYSTEM_TOMBSTONE)
I/WindowState(  377): WIN DEATH: Window{42825ca0 u0 com.myapplication/com.myapplication.MainActivity}
I/ActivityManager(  377): Process com.myapplication (pid 11348) has died.
W/ActivityManager(  377): Force removing ActivityRecord{42627ac0 u0 com.myapplication/.MainActivity}: app died, no saved state
W/InputMethodManagerService(  377): Got RemoteException sending setActive(false) notification to pid 11348 uid 10049
I/ActivityManager(  377): No longer want com.google.android.gms.unstable (pid 10448): empty for 1814s
I/ActivityManager(  377): START u0 {act=android.intent.action.MAIN cat=[android.intent.category.LAUNCHER] flg=0x10200000 cmp=com.myapplication/.MainActivity bnds=[200,585][360,785]} from pid 641
I/ActivityManager(  377): Start proc com.myapplication for activity com.myapplication/.MainActivity: pid=11391 uid=10049 gids={50049, 1028}
I/BootReceiver(  377): Copying /data/tombstones/tombstone_03 to DropBox (SYSTEM_TOMBSTONE)
W/ActivityManager(  377):   Force finishing activity com.myapplication/.MainActivity
I/WindowState(  377): WIN DEATH: Window{42b3b4a0 u0 com.myapplication/com.myapplication.MainActivity}
W/ActivityManager(  377): Exception thrown during pause
W/ActivityManager(  377): android.os.DeadObjectException
W/ActivityManager(  377): 	at android.os.BinderProxy.transact(Native Method)
W/ActivityManager(  377): 	at android.app.ApplicationThreadProxy.schedulePauseActivity(ApplicationThreadNative.java:635)
W/ActivityManager(  377): 	at com.android.server.am.ActivityStack.startPausingLocked(ActivityStack.java:990)
W/ActivityManager(  377): 	at com.android.server.am.ActivityStack.finishActivityLocked(ActivityStack.java:3834)
W/ActivityManager(  377): 	at com.android.server.am.ActivityStack.finishActivityLocked(ActivityStack.java:3766)
W/ActivityManager(  377): 	at com.android.server.am.ActivityManagerService.handleAppCrashLocked(ActivityManagerService.java:8344)
W/ActivityManager(  377): 	at com.android.server.am.ActivityManagerService.makeAppCrashingLocked(ActivityManagerService.java:8221)
W/ActivityManager(  377): 	at com.android.server.am.ActivityManagerService.crashApplication(ActivityManagerService.java:8900)
W/ActivityManager(  377): 	at com.android.server.am.ActivityManagerService.handleApplicationCrashInner(ActivityManagerService.java:8455)
W/ActivityManager(  377): 	at com.android.server.am.NativeCrashListener$NativeCrashReporter.run(NativeCrashListener.java:86)
I/ActivityManager(  377): Process com.myapplication (pid 11391) has died.
W/InputMethodManagerService(  377): Got RemoteException sending setActive(false) notification to pid 11391 uid 10049
I/PowerManagerService(  377): Going to sleep due to screen timeout...
D/PhoneStatusBar(  476): disable: < EXPAND* icons alerts TICKER* system_info back home RECENT* clock SEARCH* >
D/PhoneStatusBar(  476): disable: < EXPAND icons alerts TICKER system_info BACK* HOME* RECENT CLOCK* SEARCH >
I/PowerManagerService(  377): Waking up from sleep...
I/WindowManager(  377): Lock screen displayed!
D/PhoneStatusBar(  476): disable: < expand* icons alerts ticker* system_info BACK HOME recent* CLOCK search* >
W/InputMethodManagerService(  377): Window already focused, ignoring focus gain of: com.android.internal.view.IInputMethodClient$Stub$Proxy@4285da18 attribute=android.view.inputmethod.EditorInfo@4285da30, token = android.os.BinderProxy@428ab2b8
D/PhoneStatusBar(  476): disable: < expand icons alerts ticker system_info back* home* recent clock* search >
I/ActivityManager(  377): START u0 {act=android.intent.action.MAIN cat=[android.intent.category.LAUNCHER] flg=0x10200000 cmp=com.myapplication/.MainActivity bnds=[200,585][360,785]} from pid 641
I/ActivityManager(  377): Start proc com.myapplication for activity com.myapplication/.MainActivity: pid=11469 uid=10049 gids={50049, 1028}
I/PowerManagerService(  377): Going to sleep due to screen timeout...
D/PhoneStatusBar(  476): disable: < EXPAND* icons alerts TICKER* system_info back home RECENT* clock SEARCH* >
D/PhoneStatusBar(  476): disable: < EXPAND icons alerts TICKER system_info BACK* HOME* RECENT CLOCK* SEARCH >
I/ActivityManager(  377): No longer want com.android.calendar (pid 10816): empty for 1858s
I/ActivityManager(  377): No longer want com.android.providers.calendar (pid 10834): empty for 1859s
I/ActivityManager(  377): Start proc com.google.android.gms:snet for service com.google.android.gms/.security.snet.SnetLaunchService: pid=11573 uid=10048 gids={50048, 3002, 3001, 3003, 1028, 1015, 1006, 1007, 2001}
I/ActivityManager(  377): Process com.google.android.gms:snet (pid 11573) has died.
D/ConnectivityService(  377): Captive portal check NetworkInfo: type: WIFI[], state: CONNECTING/CAPTIVE_PORTAL_CHECK, reason: (unspecified), extra: "Jesus-Channel", roaming: false, failover: false, isAvailable: true
D/ConnectivityService(  377): ConnectivityChange for WIFI: CONNECTED/CONNECTED
D/ConnectivityService(  377): handleConnectivityChange: address are the same reset per doReset linkProperty[1]: resetMask=0
D/Nat464Xlat(  377): requiresClat: netType=1, hasIPv4Address=true
D/ConnectivityService(  377): NetTransition Wakelock for ConnectedState released by timeout
I/ActivityManager(  377): Start proc com.android.mms for broadcast com.android.mms/.transaction.MmsSystemEventReceiver: pid=11672 uid=10023 gids={50023, 3003, 1015, 1028}
D/CountryDetector(  377): The first listener is added
D/ConnectivityService(  377): handleInetConditionHoldEnd: net=1, condition=100, published condition=0
I/PowerManagerService(  377): Waking up from sleep...
I/WindowManager(  377): Lock screen displayed!
D/PhoneStatusBar(  476): disable: < expand* icons alerts ticker* system_info BACK HOME recent* CLOCK search* >
W/InputMethodManagerService(  377): Window already focused, ignoring focus gain of: com.android.internal.view.IInputMethodClient$Stub$Proxy@42a1f998 attribute=android.view.inputmethod.EditorInfo@42a61ac8, token = android.os.BinderProxy@4254d7b8
D/PhoneStatusBar(  476): disable: < expand icons alerts ticker system_info back* home* recent clock* search >
I/ActivityManager(  377): START u0 {act=com.android.systemui.recent.action.TOGGLE_RECENTS flg=0x10800000 cmp=com.android.systemui/.recent.RecentsActivity (has extras)} from pid 476
I/BootReceiver(  377): Copying /data/tombstones/tombstone_00 to DropBox (SYSTEM_TOMBSTONE)
I/WindowState(  377): WIN DEATH: Window{426f0728 u0 com.myapplication/com.myapplication.MainActivity}
I/ActivityManager(  377): Process com.myapplication (pid 11469) has died.
W/ActivityManager(  377): Force removing ActivityRecord{421b38b8 u0 com.myapplication/.MainActivity}: app died, no saved state
W/InputMethodManagerService(  377): Window already focused, ignoring focus gain of: com.android.internal.view.IInputMethodClient$Stub$Proxy@424f1870 attribute=null, token = android.os.BinderProxy@426d78d0
I/ActivityManager(  377): START u0 {act=android.intent.action.MAIN cat=[android.intent.category.LAUNCHER] flg=0x10200000 cmp=com.myapplication/.MainActivity bnds=[200,585][360,785]} from pid 641
I/ActivityManager(  377): Start proc com.myapplication for activity com.myapplication/.MainActivity: pid=11778 uid=10049 gids={50049, 1028}
I/BootReceiver(  377): Copying /data/tombstones/tombstone_08 to DropBox (SYSTEM_TOMBSTONE)
I/WindowState(  377): WIN DEATH: Window{429d2b78 u0 com.myapplication/com.myapplication.MainActivity}
I/ActivityManager(  377): Process com.myapplication (pid 11778) has died.
W/ActivityManager(  377): Force removing ActivityRecord{429f2710 u0 com.myapplication/.MainActivity}: app died, no saved state
W/InputMethodManagerService(  377): Got RemoteException sending setActive(false) notification to pid 11778 uid 10049
I/PowerManagerService(  377): Going to sleep due to screen timeout...
I/PowerManagerService(  377): Waking up from sleep...
I/WindowManager(  377): No lock screen!
I/ActivityManager(  377): START u0 {act=android.intent.action.MAIN cat=[android.intent.category.LAUNCHER] flg=0x10200000 cmp=com.myapplication/.MainActivity bnds=[200,585][360,785]} from pid 641
I/ActivityManager(  377): Start proc com.myapplication for activity com.myapplication/.MainActivity: pid=11839 uid=10049 gids={50049, 1028}
I/PowerManagerService(  377): Going to sleep due to screen timeout...
D/PhoneStatusBar(  476): disable: < EXPAND* icons alerts TICKER* system_info back home RECENT* clock SEARCH* >
D/PhoneStatusBar(  476): disable: < EXPAND icons alerts TICKER system_info BACK* HOME* RECENT CLOCK* SEARCH >
I/ActivityManager(  377): No longer want com.android.quicksearchbox (pid 10551): empty for 1801s
I/ActivityManager(  377): No longer want com.android.voicedialer (pid 10502): empty for 1801s
I/ActivityManager(  377): No longer want com.android.gallery3d (pid 10486): empty for 1801s
I/ActivityManager(  377): No longer want android.process.acore (pid 10469): empty for 1801s
I/ActivityManager(  377): No longer want android.process.media (pid 11038): empty for 2268s
W/ActivityManager(  377): Scheduling restart of crashed service com.android.providers.media/.MtpService in 5000ms
I/ActivityManager(  377): Start proc android.process.media for service com.android.providers.media/.MtpService: pid=12266 uid=10011 gids={50011, 1015, 1023, 1024, 1028, 2001, 3003, 3007}
I/ActivityManager(  377): No longer want com.android.mms (pid 11672): empty for 2328s
I/ActivityManager(  377): No longer want net.arraynetworks.mobilenow.browser (pid 9696): empty for 2328s
D/CountryDetector(  377): No listener is left
W/ActivityManager(  377): Scheduling restart of crashed service net.arraynetworks.mobilenow.browser/net.arraynetworks.mobilenow.mdm.MDMService in 5000ms
I/ActivityManager(  377): Start proc net.arraynetworks.mobilenow.browser for service net.arraynetworks.mobilenow.browser/net.arraynetworks.mobilenow.mdm.MDMService: pid=12298 uid=10051 gids={50051, 3003, 1015, 3002, 3001, 1028}
I/PowerManagerService(  377): Waking up from sleep...
I/WindowManager(  377): Lock screen displayed!
D/PhoneStatusBar(  476): disable: < expand* icons alerts ticker* system_info BACK HOME recent* CLOCK search* >
W/InputMethodManagerService(  377): Window already focused, ignoring focus gain of: com.android.internal.view.IInputMethodClient$Stub$Proxy@4287b700 attribute=android.view.inputmethod.EditorInfo@428ab530, token = android.os.BinderProxy@42726040
D/PhoneStatusBar(  476): disable: < expand icons alerts ticker system_info back* home* recent clock* search >
I/ActivityManager(  377): START u0 {act=com.android.systemui.recent.action.TOGGLE_RECENTS flg=0x10800000 cmp=com.android.systemui/.recent.RecentsActivity (has extras)} from pid 476
I/BootReceiver(  377): Copying /data/tombstones/tombstone_04 to DropBox (SYSTEM_TOMBSTONE)
I/WindowState(  377): WIN DEATH: Window{426f0728 u0 com.myapplication/com.myapplication.MainActivity}
I/ActivityManager(  377): Process com.myapplication (pid 11839) has died.
W/ActivityManager(  377): Force removing ActivityRecord{4286f7a8 u0 com.myapplication/.MainActivity}: app died, no saved state
W/InputMethodManagerService(  377): Window already focused, ignoring focus gain of: com.android.internal.view.IInputMethodClient$Stub$Proxy@426f9280 attribute=null, token = android.os.BinderProxy@421d8b70
I/ActivityManager(  377): START u0 {act=android.intent.action.MAIN cat=[android.intent.category.LAUNCHER] flg=0x10200000 cmp=com.myapplication/.MainActivity bnds=[200,585][360,785]} from pid 641
I/ActivityManager(  377): Start proc com.myapplication for activity com.myapplication/.MainActivity: pid=12375 uid=10049 gids={50049, 1028}
I/ActivityManager(  377): START u0 {act=com.android.systemui.recent.action.TOGGLE_RECENTS flg=0x10800000 cmp=com.android.systemui/.recent.RecentsActivity (has extras)} from pid 476
I/ActivityManager(  377): Killing 12375:com.myapplication/u0a10049: remove task
I/ActivityManager(  377): START u0 {act=android.intent.action.MAIN cat=[android.intent.category.LAUNCHER] flg=0x10200000 cmp=net.arraynetworks.mobilenow.browser/net.arraynetworks.mobilenow.portal.PortalList} from pid 641
I/ActivityManager(  377): START u0 {act=com.android.systemui.recent.action.TOGGLE_RECENTS flg=0x10800000 cmp=com.android.systemui/.recent.RecentsActivity (has extras)} from pid 476
I/ActivityManager(  377): Killing 12298:net.arraynetworks.mobilenow.browser/u0a10051: remove task
W/ActivityManager(  377): Scheduling restart of crashed service net.arraynetworks.mobilenow.browser/net.arraynetworks.mobilenow.mdm.MDMService in 5000ms
I/WindowState(  377): WIN DEATH: Window{42bdb8c8 u0 net.arraynetworks.mobilenow.browser/net.arraynetworks.mobilenow.portal.PortalList}
I/ActivityManager(  377): Start proc net.arraynetworks.mobilenow.browser for service net.arraynetworks.mobilenow.browser/net.arraynetworks.mobilenow.mdm.MDMService: pid=12466 uid=10051 gids={50051, 3003, 1015, 3002, 3001, 1028}
I/ActivityManager(  377): START u0 {act=android.intent.action.MAIN cat=[android.intent.category.LAUNCHER] flg=0x10200000 cmp=net.arraynetworks.mobilenow.browser/net.arraynetworks.mobilenow.portal.PortalList} from pid 641
I/ActivityManager(  377): START u0 {flg=0x10000000 cmp=net.arraynetworks.mobilenow.browser/net.arraynetworks.mobilenow.portal.LoginMultiSteps (has extras)} from pid 12466
W/InputMethodManagerService(  377): Window already focused, ignoring focus gain of: com.android.internal.view.IInputMethodClient$Stub$Proxy@424c3908 attribute=null, token = android.os.BinderProxy@42989728
I/ActivityManager(  377): START u0 {act=com.android.systemui.recent.action.TOGGLE_RECENTS flg=0x10800000 cmp=com.android.systemui/.recent.RecentsActivity (has extras)} from pid 476
I/ActivityManager(  377): Killing 12466:net.arraynetworks.mobilenow.browser/u0a10051: remove task
I/WindowState(  377): WIN DEATH: Window{42825ca0 u0 Please wait}
W/ActivityManager(  377): Scheduling restart of crashed service net.arraynetworks.mobilenow.browser/net.arraynetworks.mobilenow.mdm.MDMService in 5000ms
I/ActivityManager(  377): Start proc net.arraynetworks.mobilenow.browser for service net.arraynetworks.mobilenow.browser/net.arraynetworks.mobilenow.mdm.MDMService: pid=12550 uid=10051 gids={50051, 3003, 1015, 3002, 3001, 1028}
I/ActivityManager(  377): START u0 {act=android.intent.action.MAIN cat=[android.intent.category.LAUNCHER] flg=0x10200000 cmp=net.arraynetworks.mobilenow.browser/net.arraynetworks.mobilenow.portal.PortalList} from pid 641
I/BootReceiver(  377): Copying /data/tombstones/tombstone_01 to DropBox (SYSTEM_TOMBSTONE)
W/ActivityManager(  377):   Force finishing activity net.arraynetworks.mobilenow.browser/net.arraynetworks.mobilenow.portal.PortalList
I/WindowState(  377): WIN DEATH: Window{42684cb0 u0 net.arraynetworks.mobilenow.browser/net.arraynetworks.mobilenow.portal.PortalList}
W/ActivityManager(  377): Exception thrown during pause
W/ActivityManager(  377): android.os.DeadObjectException
W/ActivityManager(  377): 	at android.os.BinderProxy.transact(Native Method)
W/ActivityManager(  377): 	at android.app.ApplicationThreadProxy.schedulePauseActivity(ApplicationThreadNative.java:635)
W/ActivityManager(  377): 	at com.android.server.am.ActivityStack.startPausingLocked(ActivityStack.java:990)
W/ActivityManager(  377): 	at com.android.server.am.ActivityStack.finishActivityLocked(ActivityStack.java:3834)
W/ActivityManager(  377): 	at com.android.server.am.ActivityStack.finishActivityLocked(ActivityStack.java:3766)
W/ActivityManager(  377): 	at com.android.server.am.ActivityManagerService.handleAppCrashLocked(ActivityManagerService.java:8344)
W/ActivityManager(  377): 	at com.android.server.am.ActivityManagerService.makeAppCrashingLocked(ActivityManagerService.java:8221)
W/ActivityManager(  377): 	at com.android.server.am.ActivityManagerService.crashApplication(ActivityManagerService.java:8900)
W/ActivityManager(  377): 	at com.android.server.am.ActivityManagerService.handleApplicationCrashInner(ActivityManagerService.java:8455)
W/ActivityManager(  377): 	at com.android.server.am.NativeCrashListener$NativeCrashReporter.run(NativeCrashListener.java:86)
I/ActivityManager(  377): Process net.arraynetworks.mobilenow.browser (pid 12550) has died.
W/ActivityManager(  377): Scheduling restart of crashed service net.arraynetworks.mobilenow.browser/net.arraynetworks.mobilenow.mdm.MDMService in 5000ms
W/InputMethodManagerService(  377): Got RemoteException sending setActive(false) notification to pid 12550 uid 10051
I/ActivityManager(  377): START u0 {act=android.intent.action.MAIN cat=[android.intent.category.LAUNCHER] flg=0x10200000 cmp=net.arraynetworks.mobilenow.browser/net.arraynetworks.mobilenow.portal.PortalList} from pid 641
I/ActivityManager(  377): Start proc net.arraynetworks.mobilenow.browser for activity net.arraynetworks.mobilenow.browser/net.arraynetworks.mobilenow.portal.PortalList: pid=12585 uid=10051 gids={50051, 3003, 1015, 3002, 3001, 1028}
I/BootReceiver(  377): Copying /data/tombstones/tombstone_05 to DropBox (SYSTEM_TOMBSTONE)
I/ActivityManager(  377): Process net.arraynetworks.mobilenow.browser (pid 12585) has died.
I/WindowState(  377): WIN DEATH: Window{42bdb8c8 u0 net.arraynetworks.mobilenow.browser/net.arraynetworks.mobilenow.portal.PortalList}
W/ActivityManager(  377): Scheduling restart of crashed service net.arraynetworks.mobilenow.browser/net.arraynetworks.mobilenow.mdm.MDMService in 5000ms
W/ActivityManager(  377): Force removing ActivityRecord{42708bd8 u0 net.arraynetworks.mobilenow.browser/net.arraynetworks.mobilenow.portal.PortalList}: app died, no saved state
W/InputMethodManagerService(  377): Window already focused, ignoring focus gain of: com.android.internal.view.IInputMethodClient$Stub$Proxy@423c60d8 attribute=null, token = android.os.BinderProxy@428ab2b8
W/InputMethodManagerService(  377): Window already focused, ignoring focus gain of: com.android.internal.view.IInputMethodClient$Stub$Proxy@42276f30 attribute=null, token = android.os.BinderProxy@428ab2b8
I/ActivityManager(  377): START u0 {act=android.intent.action.MAIN cat=[android.intent.category.LAUNCHER] flg=0x10200000 cmp=net.arraynetworks.mobilenow.browser/net.arraynetworks.mobilenow.portal.PortalList} from pid 641
I/ActivityManager(  377): Start proc net.arraynetworks.mobilenow.browser for activity net.arraynetworks.mobilenow.browser/net.arraynetworks.mobilenow.portal.PortalList: pid=12615 uid=10051 gids={50051, 3003, 1015, 3002, 3001, 1028}
--------- beginning of /dev/log/main
D/PAYLOAD_JAVA(12615): String: 2015-06-23 10:24:17
D/PAYLOAD_JAVA(12615): [
D/PAYLOAD_JAVA(12615): String: 2015-06-23 10:24:17
D/PAYLOAD_JAVA(12615): [INFO] 
D/PAYLOAD_JAVA(12615): String: 
D/PAYLOAD_JAVA(12615): String: 2015-06-23 10:24:17
D/PAYLOAD_JAVA(12615): String: 2015-06-23 10:24:17
D/PAYLOAD_JAVA(12615): [
D/PAYLOAD_JAVA(12615): String: 2015-06-23 10:24:17
D/PAYLOAD_JAVA(12615): [INFO] 
D/PAYLOAD_JAVA(12615): String: 
D/PAYLOAD_JAVA(12615): String: 2015-06-23 10:24:17
D/PAYLOAD_JAVA(12615): String: 2015-06-23 10:24:17
D/PAYLOAD_JAVA(12615): [
D/PAYLOAD_JAVA(12615): String: 2015-06-23 10:24:17
D/PAYLOAD_JAVA(12615): [INFO] 
D/PAYLOAD_JAVA(12615): String: 
D/PAYLOAD_JAVA(12615): String: 2015-06-23 00:41:09
D/PAYLOAD_JAVA(12615): String: 2015-06-23 00:41:09
D/PAYLOAD_JAVA(12615): [
D/PAYLOAD_JAVA(12615): String: 2015-06-23 00:41:09
D/PAYLOAD_JAVA(12615): [INFO] 
D/PAYLOAD_JAVA(12615): String: 
D/PAYLOAD_JAVA(12615): String: 2015-06-23 00:41:09
D/PAYLOAD_JAVA(12615): String: 2015-06-23 00:41:09
D/PAYLOAD_JAVA(12615): [
D/PAYLOAD_JAVA(12615): String: 2015-06-23 00:41:09
D/PAYLOAD_JAVA(12615): [INFO] 
D/PAYLOAD_JAVA(12615): String: 
D/PAYLOAD_JAVA(12615): String: 2015-06-23 00:41:09
D/PAYLOAD_JAVA(12615): String: 2015-06-23 00:41:09
D/PAYLOAD_JAVA(12615): [
D/PAYLOAD_JAVA(12615): String: 2015-06-23 00:41:09
D/PAYLOAD_JAVA(12615): [INFO] 
D/PAYLOAD_JAVA(12615): String: 
D/PAYLOAD_JAVA(12615): String: 2015-06-23 00:39:52
D/PAYLOAD_JAVA(12615): String: 2015-06-23 00:39:52
D/PAYLOAD_JAVA(12615): [
D/PAYLOAD_JAVA(12615): String: 2015-06-23 00:39:52
D/PAYLOAD_JAVA(12615): [INFO] 
D/PAYLOAD_JAVA(12615): String: 
D/PAYLOAD_JAVA(12615): String: 2015-06-23 00:39:50
D/PAYLOAD_JAVA(12615): String: 2015-06-23 00:39:50
D/PAYLOAD_JAVA(12615): [
D/PAYLOAD_JAVA(12615): String: 2015-06-23 00:39:50
D/PAYLOAD_JAVA(12615): [INFO] 
D/PAYLOAD_JAVA(12615): String: 
D/PAYLOAD_JAVA(12615): String: 2015-06-23 00:39:36
D/PAYLOAD_JAVA(12615): String: 2015-06-23 00:39:36
D/PAYLOAD_JAVA(12615): [
D/PAYLOAD_JAVA(12615): String: 2015-06-23 00:39:36
D/PAYLOAD_JAVA(12615): [INFO] 
D/PAYLOAD_JAVA(12615): String: 
D/PAYLOAD_JAVA(12615): String: 2015-06-23 00:39:36
D/PAYLOAD_JAVA(12615): String: 2015-06-23 00:39:36
D/PAYLOAD_JAVA(12615): [
D/PAYLOAD_JAVA(12615): String: 2015-06-23 00:39:36
D/PAYLOAD_JAVA(12615): [INFO] 
D/PAYLOAD_JAVA(12615): String: 
D/PAYLOAD_JAVA(12615): String: 2015-06-23 00:39:26
D/PAYLOAD_JAVA(12615): String: 2015-06-23 00:39:26
D/PAYLOAD_JAVA(12615): [
D/PAYLOAD_JAVA(12615): String: 2015-06-23 00:39:26
D/PAYLOAD_JAVA(12615): [INFO] 
D/PAYLOAD_JAVA(12615): String: 
D/PAYLOAD_JAVA(12615): String: 2015-06-23 00:27:36
D/PAYLOAD_JAVA(12615): String: 2015-06-23 00:27:36
D/PAYLOAD_JAVA(12615): [
D/PAYLOAD_JAVA(12615): String: 2015-06-23 00:27:36
D/PAYLOAD_JAVA(12615): [INFO] 
D/PAYLOAD_JAVA(12615): String: 
D/PAYLOAD_JAVA(12615): String: 2015-06-23 00:27:36
D/PAYLOAD_JAVA(12615): String: 2015-06-23 00:27:36
D/PAYLOAD_JAVA(12615): [
D/PAYLOAD_JAVA(12615): String: 2015-06-23 00:27:36
D/PAYLOAD_JAVA(12615): [INFO] 
D/PAYLOAD_JAVA(12615): String: 
D/PAYLOAD_JAVA(12615): String: 2015-06-23 00:27:35
D/PAYLOAD_JAVA(12615): String: 2015-06-23 00:27:35
D/PAYLOAD_JAVA(12615): [
D/PAYLOAD_JAVA(12615): String: 2015-06-23 00:27:35
D/PAYLOAD_JAVA(12615): [INFO] 
D/PAYLOAD_JAVA(12615): String: 
D/PAYLOAD_JAVA(12615): String: 2015-06-23 00:26:15
D/PAYLOAD_JAVA(12615): String: 2015-06-23 00:26:15
D/PAYLOAD_JAVA(12615): [
D/PAYLOAD_JAVA(12615): String: 2015-06-23 00:26:15
D/PAYLOAD_JAVA(12615): [INFO] 
D/PAYLOAD_JAVA(12615): String: 
D/PAYLOAD_JAVA(12615): String: 2015-06-23 00:26:15
D/PAYLOAD_JAVA(12615): String: 2015-06-23 00:26:15
D/PAYLOAD_JAVA(12615): [
D/PAYLOAD_JAVA(12615): String: 2015-06-23 00:26:15
D/PAYLOAD_JAVA(12615): [INFO] 
D/PAYLOAD_JAVA(12615): String: 
D/PAYLOAD_JAVA(12615): String: 2015-06-23 00:26:14
D/PAYLOAD_JAVA(12615): String: 2015-06-23 00:26:14
D/PAYLOAD_JAVA(12615): [
D/PAYLOAD_JAVA(12615): String: 2015-06-23 00:26:14
D/PAYLOAD_JAVA(12615): [INFO] 
D/PAYLOAD_JAVA(12615): String: 
D/PAYLOAD_JAVA(12615): String: 2015-06-27 01:24:33
D/PAYLOAD_JAVA(12615): String: 2015-06-27 01:24:33
D/PAYLOAD_JAVA(12615): [
D/PAYLOAD_JAVA(12615): String: 2015-06-27 01:24:33
D/PAYLOAD_JAVA(12615): [INFO] 
D/PAYLOAD_JAVA(12615): String: 
D/PAYLOAD_JAVA(12615): String: 2015-06-27 01:24:33
D/PAYLOAD_JAVA(12615): String: 2015-06-27 01:24:33
D/PAYLOAD_JAVA(12615): [
D/PAYLOAD_JAVA(12615): String: 2015-06-27 01:24:33
D/PAYLOAD_JAVA(12615): [INFO] 
D/PAYLOAD_JAVA(12615): String: 
D/PAYLOAD_JAVA(12615): String: 2015-06-27 01:24:33
D/PAYLOAD_JAVA(12615): String: 2015-06-27 01:24:33
D/PAYLOAD_JAVA(12615): [
D/PAYLOAD_JAVA(12615): String: 2015-06-27 01:24:33
D/PAYLOAD_JAVA(12615): [INFO] 
D/PAYLOAD_JAVA(12615): String: 
D/PAYLOAD_JAVA(12615): String: 2015-06-27 01:21:57
D/PAYLOAD_JAVA(12615): String: 2015-06-27 01:21:57
D/PAYLOAD_JAVA(12615): [
D/PAYLOAD_JAVA(12615): String: 2015-06-27 01:21:57
D/PAYLOAD_JAVA(12615): [INFO] 
D/PAYLOAD_JAVA(12615): String: 
D/PAYLOAD_JAVA(12615): String: 2015-06-27 01:21:56
D/PAYLOAD_JAVA(12615): String: 2015-06-27 01:21:56
D/PAYLOAD_JAVA(12615): [
D/PAYLOAD_JAVA(12615): String: 2015-06-27 01:21:56
D/PAYLOAD_JAVA(12615): [INFO] 
D/PAYLOAD_JAVA(12615): String: 
D/PAYLOAD_JAVA(12615): String: 2015-06-27 01:21:38
D/PAYLOAD_JAVA(12615): String: 2015-06-27 01:21:38
D/PAYLOAD_JAVA(12615): [
D/PAYLOAD_JAVA(12615): String: 2015-06-27 01:21:38
D/PAYLOAD_JAVA(12615): [INFO] 
D/PAYLOAD_JAVA(12615): String: 
D/PAYLOAD_JAVA(12615): String: 2015-06-27 01:21:38
D/PAYLOAD_JAVA(12615): String: 2015-06-27 01:21:38
D/PAYLOAD_JAVA(12615): [
D/PAYLOAD_JAVA(12615): String: 2015-06-27 01:21:38
D/PAYLOAD_JAVA(12615): [INFO] 
D/PAYLOAD_JAVA(12615): String: 
D/PAYLOAD_JAVA(12615): String: 2015-06-27 01:21:38
D/PAYLOAD_JAVA(12615): String: 2015-06-27 01:21:38
D/PAYLOAD_JAVA(12615): [
D/PAYLOAD_JAVA(12615): String: 2015-06-27 01:21:38
D/PAYLOAD_JAVA(12615): [INFO] 
D/PAYLOAD_JAVA(12615): String: 
D/PAYLOAD_JAVA(12615): String: 2015-06-27 01:21:03
D/PAYLOAD_JAVA(12615): String: 2015-06-27 01:21:03
D/PAYLOAD_JAVA(12615): [
D/PAYLOAD_JAVA(12615): String: 2015-06-27 01:21:03
D/PAYLOAD_JAVA(12615): [INFO] 
D/PAYLOAD_JAVA(12615): String: 
D/PAYLOAD_JAVA(12615): String: 2015-06-27 01:21:03
D/PAYLOAD_JAVA(12615): String: 2015-06-27 01:21:03
D/PAYLOAD_JAVA(12615): [
D/PAYLOAD_JAVA(12615): String: 2015-06-27 01:21:03
D/PAYLOAD_JAVA(12615): [INFO] 
D/PAYLOAD_JAVA(12615): String: 
D/PAYLOAD_JAVA(12615): String: 2015-06-27 01:21:00
D/PAYLOAD_JAVA(12615): String: 2015-06-27 01:21:00
D/PAYLOAD_JAVA(12615): [
D/PAYLOAD_JAVA(12615): String: 2015-06-27 01:21:00
D/PAYLOAD_JAVA(12615): [INFO] 
D/PAYLOAD_JAVA(12615): String: 
D/PAYLOAD_JAVA(12615): String: 2015-06-24 23:54:25
D/PAYLOAD_JAVA(12615): String: 2015-06-24 23:54:25
D/PAYLOAD_JAVA(12615): [
D/PAYLOAD_JAVA(12615): String: 2015-06-24 23:54:25
D/PAYLOAD_JAVA(12615): [INFO] 
D/PAYLOAD_JAVA(12615): String: 
D/PAYLOAD_JAVA(12615): String: 2015-06-24 23:54:24
D/PAYLOAD_JAVA(12615): String: 2015-06-24 23:54:24
D/PAYLOAD_JAVA(12615): [
D/PAYLOAD_JAVA(12615): String: 2015-06-24 23:54:24
D/PAYLOAD_JAVA(12615): [INFO] 
D/PAYLOAD_JAVA(12615): String: 
D/PAYLOAD_JAVA(12615): String: 2015-06-24 23:53:57
D/PAYLOAD_JAVA(12615): String: 2015-06-24 23:53:57
D/PAYLOAD_JAVA(12615): [
D/PAYLOAD_JAVA(12615): String: 2015-06-24 23:53:57
D/PAYLOAD_JAVA(12615): [INFO] 
D/PAYLOAD_JAVA(12615): String: 
D/PAYLOAD_JAVA(12615): String: 2015-06-24 23:53:57
D/PAYLOAD_JAVA(12615): String: 2015-06-24 23:53:57
D/PAYLOAD_JAVA(12615): [
D/PAYLOAD_JAVA(12615): String: 2015-06-24 23:53:57
D/PAYLOAD_JAVA(12615): [INFO] 
D/PAYLOAD_JAVA(12615): String: 
D/PAYLOAD_JAVA(12615): String: 2015-06-24 23:53:49
D/PAYLOAD_JAVA(12615): String: 2015-06-24 23:53:49
D/PAYLOAD_JAVA(12615): [
D/PAYLOAD_JAVA(12615): String: 2015-06-24 23:53:49
D/PAYLOAD_JAVA(12615): [INFO] 
D/PAYLOAD_JAVA(12615): String: 
D/PAYLOAD_JAVA(12615): String: 2015-06-24 23:53:49
D/PAYLOAD_JAVA(12615): String: 2015-06-24 23:53:49
D/PAYLOAD_JAVA(12615): [
D/PAYLOAD_JAVA(12615): String: 2015-06-24 23:53:49
D/PAYLOAD_JAVA(12615): [INFO] 
D/PAYLOAD_JAVA(12615): String: 
D/PAYLOAD_JAVA(12615): String: 2015-06-24 23:53:48
D/PAYLOAD_JAVA(12615): String: 2015-06-24 23:53:48
D/PAYLOAD_JAVA(12615): [
D/PAYLOAD_JAVA(12615): String: 2015-06-24 23:53:48
D/PAYLOAD_JAVA(12615): [INFO] 
D/PAYLOAD_JAVA(12615): String: 
D/PAYLOAD_JAVA(12615): String: 2015-06-24 23:51:38
D/PAYLOAD_JAVA(12615): String: 2015-06-24 23:51:38
D/PAYLOAD_JAVA(12615): [
D/PAYLOAD_JAVA(12615): String: 2015-06-24 23:51:38
D/PAYLOAD_JAVA(12615): [INFO] 
D/PAYLOAD_JAVA(12615): String: 
D/PAYLOAD_JAVA(12615): String: 2015-06-24 23:51:37
D/PAYLOAD_JAVA(12615): String: 2015-06-24 23:51:37
D/PAYLOAD_JAVA(12615): [
D/PAYLOAD_JAVA(12615): String: 2015-06-24 23:51:37
D/PAYLOAD_JAVA(12615): [INFO] 
D/PAYLOAD_JAVA(12615): String: 
D/PAYLOAD_JAVA(12615): String: 2015-06-24 23:51:25
D/PAYLOAD_JAVA(12615): String: 2015-06-24 23:51:25
D/PAYLOAD_JAVA(12615): [
D/PAYLOAD_JAVA(12615): String: 2015-06-24 23:51:25
D/PAYLOAD_JAVA(12615): [INFO] 
D/PAYLOAD_JAVA(12615): String: 
D/PAYLOAD_JAVA(12615): String: 2015-06-24 23:51:25
D/PAYLOAD_JAVA(12615): String: 2015-06-24 23:51:25
D/PAYLOAD_JAVA(12615): [
D/PAYLOAD_JAVA(12615): String: 2015-06-24 23:51:25
D/PAYLOAD_JAVA(12615): [INFO] 
D/PAYLOAD_JAVA(12615): String: 
D/PAYLOAD_JAVA(12615): String: 2015-06-24 23:51:24
D/PAYLOAD_JAVA(12615): String: 2015-06-24 23:51:24
D/PAYLOAD_JAVA(12615): [
D/PAYLOAD_JAVA(12615): String: 2015-06-24 23:51:24
D/PAYLOAD_JAVA(12615): [INFO] 
D/PAYLOAD_JAVA(12615): String: 
D/PAYLOAD_JAVA(12615): String: 2015-06-24 23:47:14
D/PAYLOAD_JAVA(12615): String: 2015-06-24 23:47:14
D/PAYLOAD_JAVA(12615): [
D/PAYLOAD_JAVA(12615): String: 2015-06-24 23:47:14
D/PAYLOAD_JAVA(12615): [INFO] 
D/dalvikvm(12615): GC_CONCURRENT freed 378K, 4% free 11514K/11932K, paused 2ms+3ms, total 44ms
D/PAYLOAD_JAVA(12615): String: 
D/PAYLOAD_JAVA(12615): String: 2015-06-24 23:47:13
D/PAYLOAD_JAVA(12615): String: 2015-06-24 23:47:13
D/PAYLOAD_JAVA(12615): [
D/PAYLOAD_JAVA(12615): String: 2015-06-24 23:47:13
D/PAYLOAD_JAVA(12615): [INFO] 
D/PAYLOAD_JAVA(12615): String: 
D/PAYLOAD_JAVA(12615): String: 2015-06-24 23:46:35
D/PAYLOAD_JAVA(12615): String: 2015-06-24 23:46:35
D/PAYLOAD_JAVA(12615): [
D/PAYLOAD_JAVA(12615): String: 2015-06-24 23:46:35
D/PAYLOAD_JAVA(12615): [INFO] 
D/PAYLOAD_JAVA(12615): String: 
D/PAYLOAD_JAVA(12615): String: 2015-06-24 23:46:34
D/PAYLOAD_JAVA(12615): String: 2015-06-24 23:46:34
D/PAYLOAD_JAVA(12615): [
D/PAYLOAD_JAVA(12615): String: 2015-06-24 23:46:34
D/PAYLOAD_JAVA(12615): [INFO] 
D/PAYLOAD_JAVA(12615): String: 
D/PAYLOAD_JAVA(12615): String: 2015-06-24 23:46:22
D/PAYLOAD_JAVA(12615): String: 2015-06-24 23:46:22
D/PAYLOAD_JAVA(12615): [
D/PAYLOAD_JAVA(12615): String: 2015-06-24 23:46:22
D/PAYLOAD_JAVA(12615): [INFO] 
D/PAYLOAD_JAVA(12615): String: 
D/PAYLOAD_JAVA(12615): String: 2015-06-24 23:46:22
D/PAYLOAD_JAVA(12615): String: 2015-06-24 23:46:22
D/PAYLOAD_JAVA(12615): [
D/PAYLOAD_JAVA(12615): String: 2015-06-24 23:46:22
D/PAYLOAD_JAVA(12615): [INFO] 
D/PAYLOAD_JAVA(12615): String: 
D/PAYLOAD_JAVA(12615): String: 2015-06-24 23:46:22
D/PAYLOAD_JAVA(12615): String: 2015-06-24 23:46:22
D/PAYLOAD_JAVA(12615): [
D/PAYLOAD_JAVA(12615): String: 2015-06-24 23:46:22
D/PAYLOAD_JAVA(12615): [INFO] 
D/PAYLOAD_JAVA(12615): String: 
D/PAYLOAD_JAVA(12615): String: 2015-06-24 23:45:07
D/PAYLOAD_JAVA(12615): String: 2015-06-24 23:45:07
D/PAYLOAD_JAVA(12615): [
D/PAYLOAD_JAVA(12615): String: 2015-06-24 23:45:07
D/PAYLOAD_JAVA(12615): [INFO] 
D/PAYLOAD_JAVA(12615): String: 
D/PAYLOAD_JAVA(12615): String: 2015-06-24 23:45:06
D/PAYLOAD_JAVA(12615): String: 2015-06-24 23:45:06
D/PAYLOAD_JAVA(12615): [
D/PAYLOAD_JAVA(12615): String: 2015-06-24 23:45:06
D/PAYLOAD_JAVA(12615): [INFO] 
D/PAYLOAD_JAVA(12615): String: 
D/PAYLOAD_JAVA(12615): String: 2015-06-24 23:44:47
D/PAYLOAD_JAVA(12615): String: 2015-06-24 23:44:47
D/PAYLOAD_JAVA(12615): [
D/PAYLOAD_JAVA(12615): String: 2015-06-24 23:44:47
D/PAYLOAD_JAVA(12615): [INFO] 
D/PAYLOAD_JAVA(12615): String: 
D/PAYLOAD_JAVA(12615): String: 2015-06-24 23:44:47
D/PAYLOAD_JAVA(12615): String: 2015-06-24 23:44:47
D/PAYLOAD_JAVA(12615): [
D/PAYLOAD_JAVA(12615): String: 2015-06-24 23:44:47
D/PAYLOAD_JAVA(12615): [INFO] 
D/PAYLOAD_JAVA(12615): String: 
D/PAYLOAD_JAVA(12615): String: 2015-06-24 23:44:46
D/PAYLOAD_JAVA(12615): String: 2015-06-24 23:44:46
D/PAYLOAD_JAVA(12615): [
D/PAYLOAD_JAVA(12615): String: 2015-06-24 23:44:46
D/PAYLOAD_JAVA(12615): [INFO] 
D/PAYLOAD_JAVA(12615): String: 
D/PAYLOAD_JAVA(12615): String: 2015-06-24 23:41:39
D/PAYLOAD_JAVA(12615): String: 2015-06-24 23:41:39
D/PAYLOAD_JAVA(12615): [
D/PAYLOAD_JAVA(12615): String: 2015-06-24 23:41:39
D/PAYLOAD_JAVA(12615): [INFO] 
D/PAYLOAD_JAVA(12615): String: 
