D/PAYLOAD_JAVA(12615): [INFO] 
D/PAYLOAD_JAVA(12615): String: 
D/PAYLOAD_JAVA(12615): String: 2015-06-23 10:30:32
D/PAYLOAD_JAVA(12615): String: 2015-06-23 10:30:32
D/PAYLOAD_JAVA(12615): [
D/PAYLOAD_JAVA(12615): String: 2015-06-23 10:30:32
D/PAYLOAD_JAVA(12615): [INFO] 
D/PAYLOAD_JAVA(12615): String: 
D/PAYLOAD_JAVA(12615): String: 2015-06-23 10:30:32
D/PAYLOAD_JAVA(12615): String: 2015-06-23 10:30:32
D/PAYLOAD_JAVA(12615): [
D/PAYLOAD_JAVA(12615): String: 2015-06-23 10:30:32
D/PAYLOAD_JAVA(12615): [INFO] 
D/PAYLOAD_JAVA(12615): String: 
D/PAYLOAD_JAVA(12615): String: 2015-06-23 10:30:32
D/PAYLOAD_JAVA(12615): String: 2015-06-23 10:30:32
D/PAYLOAD_JAVA(12615): [
D/PAYLOAD_JAVA(12615): String: 2015-06-23 10:30:32
D/PAYLOAD_JAVA(12615): [INFO] 
D/PAYLOAD_JAVA(12615): String: 
D/PAYLOAD_JAVA(12615): String: 2015-06-23 10:28:32
D/PAYLOAD_JAVA(12615): String: 2015-06-23 10:28:32
D/PAYLOAD_JAVA(12615): [
D/PAYLOAD_JAVA(12615): String: 2015-06-23 10:28:32
D/PAYLOAD_JAVA(12615): [INFO] 
D/PAYLOAD_JAVA(12615): String: 
D/PAYLOAD_JAVA(12615): String: 2015-06-23 10:28:32
D/PAYLOAD_JAVA(12615): String: 2015-06-23 10:28:32
D/PAYLOAD_JAVA(12615): [
D/PAYLOAD_JAVA(12615): String: 2015-06-23 10:28:32
D/PAYLOAD_JAVA(12615): [INFO] 
D/PAYLOAD_JAVA(12615): String: 
D/PAYLOAD_JAVA(12615): String: 2015-06-23 10:28:31
D/PAYLOAD_JAVA(12615): String: 2015-06-23 10:28:31
D/PAYLOAD_JAVA(12615): [
D/PAYLOAD_JAVA(12615): String: 2015-06-23 10:28:31
D/PAYLOAD_JAVA(12615): [INFO] 
D/PAYLOAD_JAVA(12615): String: 
D/PAYLOAD_JAVA(12615): String: 2015-06-23 10:24:17
D/PAYLOAD_JAVA(12615): String: 2015-06-23 10:24:17
D/PAYLOAD_JAVA(12615): [
D/PAYLOAD_JAVA(12615): String: 2015-06-23 10:24:17
D/PAYLOAD_JAVA(12615): [INFO] 
D/PAYLOAD_JAVA(12615): String: 
D/PAYLOAD_JAVA(12615): String: 2015-06-23 10:24:17
D/PAYLOAD_JAVA(12615): String: 2015-06-23 10:24:17
D/PAYLOAD_JAVA(12615): [
D/PAYLOAD_JAVA(12615): String: 2015-06-23 10:24:17
D/PAYLOAD_JAVA(12615): [INFO] 
D/PAYLOAD_JAVA(12615): String: 
D/PAYLOAD_JAVA(12615): String: 2015-06-23 10:24:17
D/PAYLOAD_JAVA(12615): String: 2015-06-23 10:24:17
D/PAYLOAD_JAVA(12615): [
D/PAYLOAD_JAVA(12615): String: 2015-06-23 10:24:17
D/PAYLOAD_JAVA(12615): [INFO] 
D/PAYLOAD_JAVA(12615): String: 
D/PAYLOAD_JAVA(12615): String: 2015-06-23 00:41:09
D/PAYLOAD_JAVA(12615): String: 2015-06-23 00:41:09
D/PAYLOAD_JAVA(12615): [
D/PAYLOAD_JAVA(12615): String: 2015-06-23 00:41:09
D/PAYLOAD_JAVA(12615): [INFO] 
D/PAYLOAD_JAVA(12615): String: 
D/PAYLOAD_JAVA(12615): String: 2015-06-23 00:41:09
D/PAYLOAD_JAVA(12615): String: 2015-06-23 00:41:09
D/PAYLOAD_JAVA(12615): [
D/PAYLOAD_JAVA(12615): String: 2015-06-23 00:41:09
D/PAYLOAD_JAVA(12615): [INFO] 
D/PAYLOAD_JAVA(12615): String: 
D/PAYLOAD_JAVA(12615): String: 2015-06-23 00:41:09
D/PAYLOAD_JAVA(12615): String: 2015-06-23 00:41:09
D/PAYLOAD_JAVA(12615): [
D/PAYLOAD_JAVA(12615): String: 2015-06-23 00:41:09
D/PAYLOAD_JAVA(12615): [INFO] 
D/PAYLOAD_JAVA(12615): String: 
D/PAYLOAD_JAVA(12615): String: 2015-06-23 00:39:52
D/PAYLOAD_JAVA(12615): String: 2015-06-23 00:39:52
D/PAYLOAD_JAVA(12615): [
D/PAYLOAD_JAVA(12615): String: 2015-06-23 00:39:52
D/PAYLOAD_JAVA(12615): [INFO] 
D/PAYLOAD_JAVA(12615): String: 
D/PAYLOAD_JAVA(12615): String: 2015-06-23 00:39:50
D/PAYLOAD_JAVA(12615): String: 2015-06-23 00:39:50
D/PAYLOAD_JAVA(12615): [
D/PAYLOAD_JAVA(12615): String: 2015-06-23 00:39:50
D/PAYLOAD_JAVA(12615): [INFO] 
D/PAYLOAD_JAVA(12615): String: 
D/PAYLOAD_JAVA(12615): String: 2015-06-23 00:39:36
D/PAYLOAD_JAVA(12615): String: 2015-06-23 00:39:36
D/PAYLOAD_JAVA(12615): [
D/PAYLOAD_JAVA(12615): String: 2015-06-23 00:39:36
D/PAYLOAD_JAVA(12615): [INFO] 
D/PAYLOAD_JAVA(12615): String: 
D/PAYLOAD_JAVA(12615): String: 2015-06-23 00:39:36
D/PAYLOAD_JAVA(12615): String: 2015-06-23 00:39:36
D/PAYLOAD_JAVA(12615): [
D/PAYLOAD_JAVA(12615): String: 2015-06-23 00:39:36
D/PAYLOAD_JAVA(12615): [INFO] 
D/PAYLOAD_JAVA(12615): String: 
D/PAYLOAD_JAVA(12615): String: 2015-06-23 00:39:26
D/PAYLOAD_JAVA(12615): String: 2015-06-23 00:39:26
D/PAYLOAD_JAVA(12615): [
D/PAYLOAD_JAVA(12615): String: 2015-06-23 00:39:26
D/PAYLOAD_JAVA(12615): [INFO] 
D/PAYLOAD_JAVA(12615): String: 
D/PAYLOAD_JAVA(12615): String: 2015-06-23 00:27:36
D/PAYLOAD_JAVA(12615): String: 2015-06-23 00:27:36
D/PAYLOAD_JAVA(12615): [
D/PAYLOAD_JAVA(12615): String: 2015-06-23 00:27:36
D/PAYLOAD_JAVA(12615): [INFO] 
D/PAYLOAD_JAVA(12615): String: 
D/PAYLOAD_JAVA(12615): String: 2015-06-23 00:27:36
D/PAYLOAD_JAVA(12615): String: 2015-06-23 00:27:36
D/PAYLOAD_JAVA(12615): [
D/PAYLOAD_JAVA(12615): String: 2015-06-23 00:27:36
D/PAYLOAD_JAVA(12615): [INFO] 
D/PAYLOAD_JAVA(12615): String: res/layout/screen_simple.xml
D/PAYLOAD_JAVA(12615): String: LinearLayout
D/PAYLOAD_JAVA(12615): String: ViewStub
W/InputMethodManagerService(  377): Focus gain on non-focused client com.android.internal.view.IInputMethodClient$Stub$Proxy@429d0778 (uid=10051 pid=12615)
D/PAYLOAD_JAVA(12615): String: FrameLayout
D/PAYLOAD_JAVA(12615): String: res/layout/no_resource_loaded.xml
D/PAYLOAD_JAVA(12615): String: RelativeLayout
D/PAYLOAD_JAVA(12615): String: LinearLayout
D/PAYLOAD_JAVA(12615): String: RelativeLayout
D/PAYLOAD_JAVA(12615): String: LinearLayout
D/PAYLOAD_JAVA(12615): String: res/layout/floating_panel.xml
D/PAYLOAD_JAVA(12615): String: 0
D/PAYLOAD_JAVA(12615): String: LinearLayout
D/PAYLOAD_JAVA(12615): String: net.arraynetworks.mobilenow.portal.Panel
D/PAYLOAD_JAVA(12615): String: Button
D/PAYLOAD_JAVA(12615): String: 
D/PAYLOAD_JAVA(12615): String: include
D/PAYLOAD_JAVA(12615): String: res/layout/main_frame.xml
D/PAYLOAD_JAVA(12615): String: RelativeLayout
D/PAYLOAD_JAVA(12615): String: RelativeLayout
D/PAYLOAD_JAVA(12615): String: TextView
D/PAYLOAD_JAVA(12615): String: Gateways
D/PAYLOAD_JAVA(12615): String: Button
D/PAYLOAD_JAVA(12615): String: 
D/PAYLOAD_JAVA(12615): String: FrameLayout
D/PAYLOAD_JAVA(12615): String: Button
D/PAYLOAD_JAVA(12615): String: 
D/PAYLOAD_JAVA(12615): String: ImageView
D/PAYLOAD_JAVA(12615): String: RelativeLayout
D/PAYLOAD_JAVA(12615): String: 0
D/dalvikvm(12615): GC_CONCURRENT freed 461K, 5% free 11820K/12356K, paused 6ms+5ms, total 59ms
D/PAYLOAD_JAVA(12615): String: RelativeLayout
D/PAYLOAD_JAVA(12615): String: RelativeLayout
D/PAYLOAD_JAVA(12615): String: LinearLayout
D/PAYLOAD_JAVA(12615): String: LinearLayout
D/PAYLOAD_JAVA(12615): String: RadioGroup
D/PAYLOAD_JAVA(12615): String: RadioButton
D/PAYLOAD_JAVA(12615): String: Gateways
D/PAYLOAD_JAVA(12615): String: RadioButton
D/PAYLOAD_JAVA(12615): String: Logger
D/PAYLOAD_JAVA(12615): String: RadioButton
D/PAYLOAD_JAVA(12615): String: Settings
D/PAYLOAD_JAVA(12615): String: RadioButton
D/PAYLOAD_JAVA(12615): String: About
D/PAYLOAD_JAVA(12615): String: LinearLayout
D/PAYLOAD_JAVA(12615): String: ImageView
D/PAYLOAD_JAVA(12615): String: ImageView
D/PAYLOAD_JAVA(12615): String: ImageView
D/PAYLOAD_JAVA(12615): String: ImageView
D/PAYLOAD_JAVA(12615): String: android.support.v4.view.ViewPager
D/PAYLOAD_JAVA(12615): String: RelativeLayout
D/PAYLOAD_JAVA(12615): String: TextView
D/PAYLOAD_JAVA(12615): String: Join MDM to enhance safety for your device.
D/PAYLOAD_JAVA(12615): String: ProgressBar
D/PAYLOAD_JAVA(12615): String: res/anim/linear_interpolator.xml
D/PAYLOAD_JAVA(12615): String: linearInterpolator
D/PAYLOAD_JAVA(12615): String: Button
D/PAYLOAD_JAVA(12615): String: Join MDM
D/PAYLOAD_JAVA(12615): String: View
D/PAYLOAD_JAVA(12615): String: TextView
D/PAYLOAD_JAVA(12615): String: 
D/PAYLOAD_JAVA(12615): String: res/layout/resource_view.xml
D/PAYLOAD_JAVA(12615): String: RelativeLayout
D/PAYLOAD_JAVA(12615): String: ListView
D/PAYLOAD_JAVA(12615): String: res/drawable/background_cache_hint_selector_holo_dark.xml
D/PAYLOAD_JAVA(12615): String: selector
D/PAYLOAD_JAVA(12615): String: item
D/PAYLOAD_JAVA(12615): String: item
D/PAYLOAD_JAVA(12615): String: res/layout/resource_view.xml
D/PAYLOAD_JAVA(12615): String: RelativeLayout
D/PAYLOAD_JAVA(12615): String: ListView
D/PAYLOAD_JAVA(12615): String: res/layout/resource_view.xml
D/PAYLOAD_JAVA(12615): String: RelativeLayout
D/PAYLOAD_JAVA(12615): String: ListView
D/PAYLOAD_JAVA(12615): String: res/layout/settings_global.xml
D/PAYLOAD_JAVA(12615): String: ScrollView
D/PAYLOAD_JAVA(12615): String: LinearLayout
D/PAYLOAD_JAVA(12615): String: LinearLayout
D/PAYLOAD_JAVA(12615): String: TextView
D/PAYLOAD_JAVA(12615): String: Security
D/PAYLOAD_JAVA(12615): String: View
D/PAYLOAD_JAVA(12615): String: RelativeLayout
D/PAYLOAD_JAVA(12615): String: TextView
D/PAYLOAD_JAVA(12615): String: Save Password
D/PAYLOAD_JAVA(12615): String: CheckBox
D/PAYLOAD_JAVA(12615): String: 
D/PAYLOAD_JAVA(12615): String: View
D/PAYLOAD_JAVA(12615): String: RelativeLayout
D/PAYLOAD_JAVA(12615): String: TextView
D/PAYLOAD_JAVA(12615): String: Verify Server Certificate
D/PAYLOAD_JAVA(12615): String: CheckBox
D/PAYLOAD_JAVA(12615): String: 
D/PAYLOAD_JAVA(12615): String: View
D/PAYLOAD_JAVA(12615): String: RelativeLayout
D/PAYLOAD_JAVA(12615): String: TextView
D/PAYLOAD_JAVA(12615): String: Show Login Dialog
D/PAYLOAD_JAVA(12615): String: CheckBox
D/PAYLOAD_JAVA(12615): String: 
D/PAYLOAD_JAVA(12615): String: View
D/PAYLOAD_JAVA(12615): String: RelativeLayout
D/PAYLOAD_JAVA(12615): String: LinearLayout
D/PAYLOAD_JAVA(12615): String: TextView
D/PAYLOAD_JAVA(12615): String: L3 VPN
D/PAYLOAD_JAVA(12615): String: TextView
D/PAYLOAD_JAVA(12615): String: 
D/PAYLOAD_JAVA(12615): String: CheckBox
D/PAYLOAD_JAVA(12615): String: 
D/PAYLOAD_JAVA(12615): String: View
D/PAYLOAD_JAVA(12615): String: RelativeLayout
D/PAYLOAD_JAVA(12615): String: TextView
D/PAYLOAD_JAVA(12615): String: Activate MDM
D/PAYLOAD_JAVA(12615): String: CheckBox
D/PAYLOAD_JAVA(12615): String: 
D/PAYLOAD_JAVA(12615): String: RelativeLayout
D/PAYLOAD_JAVA(12615): String: TextView
D/PAYLOAD_JAVA(12615): String: 
D/PAYLOAD_JAVA(12615): String: LinearLayout
D/PAYLOAD_JAVA(12615): String: TextView
D/PAYLOAD_JAVA(12615): String: Logging
D/PAYLOAD_JAVA(12615): String: View
D/PAYLOAD_JAVA(12615): String: RelativeLayout
D/PAYLOAD_JAVA(12615): String: TextView
D/PAYLOAD_JAVA(12615): String: Enabled
D/PAYLOAD_JAVA(12615): String: CheckBox
D/PAYLOAD_JAVA(12615): String: 
D/PAYLOAD_JAVA(12615): String: View
D/PAYLOAD_JAVA(12615): String: RelativeLayout
D/PAYLOAD_JAVA(12615): String: TextView
D/PAYLOAD_JAVA(12615): String: Level
D/PAYLOAD_JAVA(12615): String: View
D/PAYLOAD_JAVA(12615): String: RelativeLayout
D/PAYLOAD_JAVA(12615): String: TextView
D/PAYLOAD_JAVA(12615): String: Clear Log
D/PAYLOAD_JAVA(12615): String: LinearLayout
D/PAYLOAD_JAVA(12615): String: TextView
D/PAYLOAD_JAVA(12615): String: Desktop Settings
D/PAYLOAD_JAVA(12615): String: View
D/PAYLOAD_JAVA(12615): String: RelativeLayout
D/PAYLOAD_JAVA(12615): String: TextView
D/PAYLOAD_JAVA(12615): String: Audio Mode
D/PAYLOAD_JAVA(12615): String: View
D/PAYLOAD_JAVA(12615): String: RelativeLayout
D/PAYLOAD_JAVA(12615): String: TextView
D/PAYLOAD_JAVA(12615): String: Clear Icons
D/PAYLOAD_JAVA(12615): String: LinearLayout
D/PAYLOAD_JAVA(12615): String: TextView
D/PAYLOAD_JAVA(12615): String: Monitor Traffic
D/PAYLOAD_JAVA(12615): String: View
D/PAYLOAD_JAVA(12615): String: LinearLayout
D/PAYLOAD_JAVA(12615): String: TextView
D/PAYLOAD_JAVA(12615): String: Information
D/PAYLOAD_JAVA(12615): String: View
D/PAYLOAD_JAVA(12615): String: RelativeLayout
D/PAYLOAD_JAVA(12615): String: TextView
D/PAYLOAD_JAVA(12615): String: About
D/PAYLOAD_JAVA(12615): String: Please wait
D/PAYLOAD_JAVA(12615): String: Please wait
D/PAYLOAD_JAVA(12615): String: Cancel
D/PAYLOAD_JAVA(12615): String: 
D/PAYLOAD_JAVA(12615): String: 
D/PAYLOAD_JAVA(12615): String: Webs
D/PAYLOAD_JAVA(12615): String: res/layout/toolbar.xml
D/PAYLOAD_JAVA(12615): String: RelativeLayout
D/PAYLOAD_JAVA(12615): String: LinearLayout
D/PAYLOAD_JAVA(12615): String: res/drawable/toolbar_bg.xml
D/PAYLOAD_JAVA(12615): String: shape
D/PAYLOAD_JAVA(12615): String: gradient
D/PAYLOAD_JAVA(12615): String: corners
D/PAYLOAD_JAVA(12615): String: TextView
D/PAYLOAD_JAVA(12615): String: res/drawable/hide_tb.png
D/PAYLOAD_JAVA(12615): String: 
D/PAYLOAD_JAVA(12615): String: LinearLayout
D/PAYLOAD_JAVA(12615): String: TextView
D/PAYLOAD_JAVA(12615): String: res/drawable/collpase.png
D/PAYLOAD_JAVA(12615): String: 
D/PAYLOAD_JAVA(12615): String: Webs
D/PAYLOAD_JAVA(12615): String: res/drawable/web_res.png
D/PAYLOAD_JAVA(12615): String: Applications
D/PAYLOAD_JAVA(12615): String: res/drawable/app_res.png
D/PAYLOAD_JAVA(12615): String: Desktops
D/PAYLOAD_JAVA(12615): String: res/drawable/desktop_res.png
D/PAYLOAD_JAVA(12615): String: Settings
D/PAYLOAD_JAVA(12615): String: 
D/PAYLOAD_JAVA(12615): String: 
D/PAYLOAD_JAVA(12615): String: net.arraynetworks.mobilenow.browser/at.co.hlw.remoteclient.SessionActivity
D/PAYLOAD_JAVA(12615): String: net.arraynetworks.mobilenow.browser/at.co.hlw.remoteclient.SessionActivity
D/PAYLOAD_JAVA(12615): String: net.arraynetworks.mobilenow.browser/at.co.hlw.remoteclient.SessionActivity
D/PAYLOAD_JAVA(12615): String: net.arraynetworks.mobilenow.browser/at.co.hlw.remoteclient.SessionActivity
D/PAYLOAD_JAVA(12615): String: net.arraynetworks.mobilenow.browser/at.co.hlw.remoteclient.SessionActivity
D/PAYLOAD_JAVA(12615): String: net.arraynetworks.mobilenow.browser/at.co.hlw.remoteclient.SessionActivity
D/PAYLOAD_JAVA(12615): String: net.arraynetworks.mobilenow.browser/at.co.hlw.remoteclient.SessionActivity
D/dalvikvm(12615): GC_CONCURRENT freed 90K, 2% free 12312K/12496K, paused 2ms+3ms, total 34ms
D/PAYLOAD_JAVA(12615): String: net.arraynetworks.mobilenow.browser/at.co.hlw.remoteclient.SessionActivity
D/PAYLOAD_JAVA(12615): String: res/layout/resource_list_item.xml
D/PAYLOAD_JAVA(12615): String: RelativeLayout
D/PAYLOAD_JAVA(12615): String: ImageButton
D/PAYLOAD_JAVA(12615): String: res/drawable/icon_desktop_resource_list.png
D/PAYLOAD_JAVA(12615): String: LinearLayout
D/PAYLOAD_JAVA(12615): String: TextView
D/PAYLOAD_JAVA(12615): String: Web App Resource
D/PAYLOAD_JAVA(12615): String: TextView
D/PAYLOAD_JAVA(12615): String: 
D/PAYLOAD_JAVA(12615): String: RelativeLayout
D/PAYLOAD_JAVA(12615): String: RelativeLayout
D/PAYLOAD_JAVA(12615): String: RelativeLayout
D/PAYLOAD_JAVA(12615): String: TextView
D/PAYLOAD_JAVA(12615): String: 
D/PAYLOAD_JAVA(12615): String: TextView
D/PAYLOAD_JAVA(12615): String: 
D/PAYLOAD_JAVA(12615): String: ProgressBar
D/PAYLOAD_JAVA(12615): String: res/anim/linear_interpolator.xml
D/PAYLOAD_JAVA(12615): String: linearInterpolator
D/PAYLOAD_JAVA(12615): String: TextView
D/PAYLOAD_JAVA(12615): String: res/drawable-hdpi/ic_stop_holo_dark.png
D/PAYLOAD_JAVA(12615): String: 
D/PAYLOAD_JAVA(12615): String: TextView
D/PAYLOAD_JAVA(12615): String: Download failed!
D/PAYLOAD_JAVA(12615): String: TextView
D/PAYLOAD_JAVA(12615): String: res/drawable-xhdpi/icon_power_on_resource_list.png
D/PAYLOAD_JAVA(12615): String: 
D/PAYLOAD_JAVA(12615): String: Button
D/PAYLOAD_JAVA(12615): String: Install
D/PAYLOAD_JAVA(12615): String:  Press to start L3 VPN
D/PAYLOAD_JAVA(12615): String:  L3 VPN
D/PAYLOAD_JAVA(12615): String: PERSIST
D/PAYLOAD_JAVA(12615): String: FULL
D/PAYLOAD_JAVA(12615): String: res/drawable/vpn_connected.png
D/PAYLOAD_JAVA(12615): String:  L3 VPN
D/PAYLOAD_JAVA(12615): String:  Press to start L3 VPN
D/PAYLOAD_JAVA(12615): String: res/layout/resource_list_item.xml
D/PAYLOAD_JAVA(12615): String: RelativeLayout
D/PAYLOAD_JAVA(12615): String: ImageButton
D/PAYLOAD_JAVA(12615): String: LinearLayout
D/PAYLOAD_JAVA(12615): String: TextView
D/PAYLOAD_JAVA(12615): String: Web App Resource
D/PAYLOAD_JAVA(12615): String: TextView
D/PAYLOAD_JAVA(12615): String: 
D/PAYLOAD_JAVA(12615): String: RelativeLayout
D/PAYLOAD_JAVA(12615): String: RelativeLayout
D/PAYLOAD_JAVA(12615): String: RelativeLayout
D/PAYLOAD_JAVA(12615): String: TextView
D/PAYLOAD_JAVA(12615): String: 
D/PAYLOAD_JAVA(12615): String: TextView
D/PAYLOAD_JAVA(12615): String: 
D/PAYLOAD_JAVA(12615): String: ProgressBar
D/PAYLOAD_JAVA(12615): String: res/anim/linear_interpolator.xml
D/PAYLOAD_JAVA(12615): String: linearInterpolator
D/PAYLOAD_JAVA(12615): String: TextView
D/PAYLOAD_JAVA(12615): String: 
D/PAYLOAD_JAVA(12615): String: TextView
D/PAYLOAD_JAVA(12615): String: Download failed!
D/PAYLOAD_JAVA(12615): String: TextView
D/PAYLOAD_JAVA(12615): String: 
D/PAYLOAD_JAVA(12615): String: Button
D/PAYLOAD_JAVA(12615): String: Install
D/PAYLOAD_JAVA(12615): String: Web Browser
D/PAYLOAD_JAVA(12615): String: Web Browser
D/PAYLOAD_JAVA(12615): String: res/drawable/web.png
D/PAYLOAD_JAVA(12615): String: Web Browser
D/PAYLOAD_JAVA(12615): String: Web Browser
D/PAYLOAD_JAVA(12615): String: Web Browser
D/PAYLOAD_JAVA(12615): String: Web Browser
D/PAYLOAD_JAVA(12615): String: GET
I/ActivityManager(  377): Displayed net.arraynetworks.mobilenow.browser/at.co.hlw.remoteclient.SessionActivity: +531ms
D/PAYLOAD_JAVA(12615): String: PERSIST
D/PAYLOAD_JAVA(12615): String: FULL
D/PAYLOAD_JAVA(12615): String:  L3 VPN
D/PAYLOAD_JAVA(12615): String:  Press to start L3 VPN
D/PAYLOAD_JAVA(12615): String: Web Browser
D/PAYLOAD_JAVA(12615): String: Web Browser
D/PAYLOAD_JAVA(12615): String: Webs
D/PAYLOAD_JAVA(12615): String: 
D/PAYLOAD_JAVA(12615): String: Webs
D/PAYLOAD_JAVA(12615): String: Applications
D/PAYLOAD_JAVA(12615): String: Desktops
D/PAYLOAD_JAVA(12615): String: Settings
D/PAYLOAD_JAVA(12615): String: 
D/PAYLOAD_JAVA(12615): String: 
D/PAYLOAD_JAVA(12615): String: Gateways
D/PAYLOAD_JAVA(12615): String: Logger
D/PAYLOAD_JAVA(12615): String: Settings
D/PAYLOAD_JAVA(12615): String: About
D/PAYLOAD_JAVA(12615): String: net.arraynetworks.mobilenow.browser/net.arraynetworks.mobilenow.portal.PortalList
D/PAYLOAD_JAVA(12615): String: Gateways
D/PAYLOAD_JAVA(12615): String: Logger
D/PAYLOAD_JAVA(12615): String: Settings
D/PAYLOAD_JAVA(12615): String: About
I/ArrayVpnJni(12615): send tcp tunnel keep alive.
I/ArrayVpnJni(12615): send tcp tunnel keep alive.
I/ArrayVpnJni(12615): received keep alive packet
I/ArrayVpnJni(12615): received keep alive packet
I/ArrayVpnJni(12615): send tcp tunnel keep alive.
I/ArrayVpnJni(12615): send tcp tunnel keep alive.
I/ArrayVpnJni(12615): received keep alive packet
I/ArrayVpnJni(12615): received keep alive packet
I/ArrayVpnJni(12615): send tcp tunnel keep alive.
I/ArrayVpnJni(12615): send tcp tunnel keep alive.
I/ArrayVpnJni(12615): received keep alive packet
I/ArrayVpnJni(12615): received keep alive packet
I/ArrayVpnJni(12615): send tcp tunnel keep alive.
I/ArrayVpnJni(12615): send tcp tunnel keep alive.
I/ArrayVpnJni(12615): received keep alive packet
I/ArrayVpnJni(12615): received keep alive packet
I/ArrayVpnJni(12615): send tcp tunnel keep alive.
I/ArrayVpnJni(12615): send tcp tunnel keep alive.
I/ArrayVpnJni(12615): received keep alive packet
I/ArrayVpnJni(12615): received keep alive packet
W/ArrayVpnJni(12615): select timeout in udp socket.
W/ArrayVpnJni(12615): wait speed tunnel open response failed
I/ArrayVpnJni(12615): send tcp tunnel keep alive.
I/ArrayVpnJni(12615): send tcp tunnel keep alive.
I/ArrayVpnJni(12615): received keep alive packet
I/ArrayVpnJni(12615): received keep alive packet
I/ArrayVpnJni(12615): send tcp tunnel keep alive.
I/ArrayVpnJni(12615): send tcp tunnel keep alive.
I/ArrayVpnJni(12615): received keep alive packet
I/ArrayVpnJni(12615): received keep alive packet
I/ArrayVpnJni(12615): send tcp tunnel keep alive.
I/ArrayVpnJni(12615): send tcp tunnel keep alive.
I/ArrayVpnJni(12615): received keep alive packet
I/ArrayVpnJni(12615): received keep alive packet
I/ArrayVpnJni(12615): send tcp tunnel keep alive.
I/ArrayVpnJni(12615): send tcp tunnel keep alive.
I/ArrayVpnJni(12615): received keep alive packet
I/ArrayVpnJni(12615): received keep alive packet
I/ArrayVpnJni(12615): send tcp tunnel keep alive.
I/ArrayVpnJni(12615): send tcp tunnel keep alive.
I/ArrayVpnJni(12615): received keep alive packet
I/ArrayVpnJni(12615): received keep alive packet
I/ArrayVpnJni(12615): send tcp tunnel keep alive.
I/ArrayVpnJni(12615): send tcp tunnel keep alive.
I/ArrayVpnJni(12615): received keep alive packet
I/ArrayVpnJni(12615): received keep alive packet
W/ArrayVpnJni(12615): select timeout in udp socket.
W/ArrayVpnJni(12615): wait speed tunnel open response failed
I/ArrayVpnJni(12615): send tcp tunnel keep alive.
I/ArrayVpnJni(12615): send tcp tunnel keep alive.
I/ArrayVpnJni(12615): received keep alive packet
I/ArrayVpnJni(12615): received keep alive packet
I/ArrayVpnJni(12615): send tcp tunnel keep alive.
I/ArrayVpnJni(12615): send tcp tunnel keep alive.
I/ArrayVpnJni(12615): received keep alive packet
I/ArrayVpnJni(12615): received keep alive packet
I/ArrayVpnJni(12615): send tcp tunnel keep alive.
I/ArrayVpnJni(12615): send tcp tunnel keep alive.
I/ArrayVpnJni(12615): received keep alive packet
I/ArrayVpnJni(12615): received keep alive packet
I/ArrayVpnJni(12615): send tcp tunnel keep alive.
I/ArrayVpnJni(12615): send tcp tunnel keep alive.
I/ArrayVpnJni(12615): received keep alive packet
I/ArrayVpnJni(12615): received keep alive packet
D/HeadsetPhoneState(  687): sendDeviceStateChanged. mService=0 mSignal=0 mRoam=1 mBatteryCharge=4
I/ArrayVpnJni(12615): send tcp tunnel keep alive.
I/ArrayVpnJni(12615): send tcp tunnel keep alive.
I/ArrayVpnJni(12615): received keep alive packet
I/ArrayVpnJni(12615): received keep alive packet
I/ArrayVpnJni(12615): send tcp tunnel keep alive.
I/ArrayVpnJni(12615): send tcp tunnel keep alive.
I/ArrayVpnJni(12615): received keep alive packet
I/ArrayVpnJni(12615): received keep alive packet
W/ArrayVpnJni(12615): select timeout in udp socket.
W/ArrayVpnJni(12615): wait speed tunnel open response failed
I/ArrayVpnJni(12615): send tcp tunnel keep alive.
I/ArrayVpnJni(12615): send tcp tunnel keep alive.
I/ArrayVpnJni(12615): received keep alive packet
I/ArrayVpnJni(12615): received keep alive packet
I/ArrayVpnJni(12615): send tcp tunnel keep alive.
I/ArrayVpnJni(12615): send tcp tunnel keep alive.
I/ArrayVpnJni(12615): received keep alive packet
I/ArrayVpnJni(12615): received keep alive packet
I/ArrayVpnJni(12615): send tcp tunnel keep alive.
I/ArrayVpnJni(12615): send tcp tunnel keep alive.
I/ArrayVpnJni(12615): received keep alive packet
I/ArrayVpnJni(12615): received keep alive packet
I/ArrayVpnJni(12615): send tcp tunnel keep alive.
I/ArrayVpnJni(12615): send tcp tunnel keep alive.
I/ArrayVpnJni(12615): received keep alive packet
I/ArrayVpnJni(12615): received keep alive packet
D/LightsService(  377): Excessive delay setting light: 67ms
D/LightsService(  377): Excessive delay setting light: 67ms
I/ArrayVpnJni(12615): send tcp tunnel keep alive.
I/ArrayVpnJni(12615): send tcp tunnel keep alive.
I/ArrayVpnJni(12615): received keep alive packet
I/ArrayVpnJni(12615): received keep alive packet
I/PowerManagerService(  377): Going to sleep due to screen timeout...
D/SurfaceFlinger(  124): Screen released, type=0 flinger=0x410634a8
D/dalvikvm(  377): GC_FOR_ALLOC freed 659K, 21% free 18475K/23356K, paused 71ms, total 71ms
D/dalvikvm(  377): GC_FOR_ALLOC freed 762K, 23% free 18084K/23356K, paused 67ms, total 67ms
D/NfcService(  629): NFC-C OFF, disconnect
I/ArrayVpnJni(12615): send tcp tunnel keep alive.
I/ArrayVpnJni(12615): send tcp tunnel keep alive.
I/ArrayVpnJni(12615): received keep alive packet
I/ArrayVpnJni(12615): received keep alive packet
W/ArrayVpnJni(12615): select timeout in udp socket.
W/ArrayVpnJni(12615): wait speed tunnel open response failed
D/dalvikvm(  377): GC_CONCURRENT freed 932K, 18% free 19225K/23356K, paused 4ms+8ms, total 80ms
D/dalvikvm(  377): WAIT_FOR_CONCURRENT_GC blocked 57ms
V/KeyguardHostView(  377): hide transport, gen:6
V/KeyguardHostView(  377): music state changed: 0
D/PhoneStatusBar(  476): disable: < EXPAND* icons alerts TICKER* system_info back home RECENT* clock SEARCH* >
V/TAG     (  377): bug 7643792: fitSystemWindows([0,50][0,0])
D/PhoneStatusBar(  476): disable: < EXPAND icons alerts TICKER system_info BACK* HOME* RECENT CLOCK* SEARCH >
I/ArrayVpnJni(12615): send tcp tunnel keep alive.
I/ArrayVpnJni(12615): send tcp tunnel keep alive.
I/ArrayVpnJni(12615): received keep alive packet
I/ArrayVpnJni(12615): received keep alive packet
I/ArrayVpnJni(12615): send tcp tunnel keep alive.
I/ArrayVpnJni(12615): send tcp tunnel keep alive.
I/ArrayVpnJni(12615): received keep alive packet
I/ArrayVpnJni(12615): received keep alive packet
I/ArrayVpnJni(12615): send tcp tunnel keep alive.
I/ArrayVpnJni(12615): send tcp tunnel keep alive.
I/ArrayVpnJni(12615): received keep alive packet
I/ArrayVpnJni(12615): received keep alive packet
I/ArrayVpnJni(12615): send tcp tunnel keep alive.
I/ArrayVpnJni(12615): send tcp tunnel keep alive.
I/ArrayVpnJni(12615): received keep alive packet
I/ArrayVpnJni(12615): received keep alive packet
I/ArrayVpnJni(12615): send tcp tunnel keep alive.
I/ArrayVpnJni(12615): send tcp tunnel keep alive.
I/ArrayVpnJni(12615): received keep alive packet
I/ArrayVpnJni(12615): received keep alive packet
I/ArrayVpnJni(12615): send tcp tunnel keep alive.
I/ArrayVpnJni(12615): send tcp tunnel keep alive.
I/ArrayVpnJni(12615): received keep alive packet
I/ArrayVpnJni(12615): received keep alive packet
W/ArrayVpnJni(12615): select timeout in udp socket.
W/ArrayVpnJni(12615): wait speed tunnel open response failed
E/ArrayVpnJni(12615): failed to establish speed tunnel
I/ArrayVpnJni(12615): send tcp tunnel keep alive.
I/ArrayVpnJni(12615): send tcp tunnel keep alive.
I/ArrayVpnJni(12615): received keep alive packet
I/ArrayVpnJni(12615): received keep alive packet
W/dalvikvm(  377): TaintLog: fd 271 -> /data/system/batterystats.bin.tmp~AB2@(
W/TaintLog(  377): libcore.os.write(271) writing with tag 0x213 data[@...2-..........<......c#.6.;.....O.$D"..2\....$.2..24.$.0..2.$.0..2$. ..2$,$....2.,...$.]
I/dalvikvm(  377): TaintLog: addTaintFile(271): adding 0x00000213 to 0x00000000 = 0x00000213
I/ArrayVpnJni(12615): send tcp tunnel keep alive.
I/ArrayVpnJni(12615): send tcp tunnel keep alive.
I/ArrayVpnJni(12615): received keep alive packet
I/ArrayVpnJni(12615): received keep alive packet
E/PlayEventLogger(10515): Upload failed class org.apache.http.conn.ConnectTimeoutException(Connect to /216.58.221.42:443 timed out)
I/ArrayVpnJni(12615): send tcp tunnel keep alive.
I/ArrayVpnJni(12615): send tcp tunnel keep alive.
I/ArrayVpnJni(12615): received keep alive packet
I/ArrayVpnJni(12615): received keep alive packet
I/ArrayVpnJni(12615): send tcp tunnel keep alive.
I/ArrayVpnJni(12615): send tcp tunnel keep alive.
I/ArrayVpnJni(12615): received keep alive packet
I/ArrayVpnJni(12615): received keep alive packet
I/ArrayVpnJni(12615): send tcp tunnel keep alive.
I/ArrayVpnJni(12615): send tcp tunnel keep alive.
I/ArrayVpnJni(12615): received keep alive packet
I/ArrayVpnJni(12615): received keep alive packet
I/ArrayVpnJni(12615): send tcp tunnel keep alive.
I/ArrayVpnJni(12615): send tcp tunnel keep alive.
I/ArrayVpnJni(12615): received keep alive packet
I/ArrayVpnJni(12615): received keep alive packet
I/ArrayVpnJni(12615): send tcp tunnel keep alive.
I/ArrayVpnJni(12615): send tcp tunnel keep alive.
I/ArrayVpnJni(12615): received keep alive packet
I/ArrayVpnJni(12615): received keep alive packet
I/ArrayVpnJni(12615): send tcp tunnel keep alive.
I/ArrayVpnJni(12615): send tcp tunnel keep alive.
I/ArrayVpnJni(12615): received keep alive packet
I/ArrayVpnJni(12615): received keep alive packet
I/ArrayVpnJni(12615): send tcp tunnel keep alive.
I/ArrayVpnJni(12615): send tcp tunnel keep alive.
I/ArrayVpnJni(12615): received keep alive packet
I/ArrayVpnJni(12615): received keep alive packet
I/ArrayVpnJni(12615): send tcp tunnel keep alive.
I/ArrayVpnJni(12615): send tcp tunnel keep alive.
I/ArrayVpnJni(12615): received keep alive packet
I/ArrayVpnJni(12615): received keep alive packet
I/ArrayVpnJni(12615): send tcp tunnel keep alive.
I/ArrayVpnJni(12615): send tcp tunnel keep alive.
I/ArrayVpnJni(12615): received keep alive packet
I/ArrayVpnJni(12615): received keep alive packet
I/ArrayVpnJni(12615): send tcp tunnel keep alive.
I/ArrayVpnJni(12615): send tcp tunnel keep alive.
I/ArrayVpnJni(12615): received keep alive packet
I/ArrayVpnJni(12615): received keep alive packet
I/ArrayVpnJni(12615): send tcp tunnel keep alive.
I/ArrayVpnJni(12615): send tcp tunnel keep alive.
I/ArrayVpnJni(12615): received keep alive packet
I/ArrayVpnJni(12615): received keep alive packet
I/ArrayVpnJni(12615): send tcp tunnel keep alive.
I/ArrayVpnJni(12615): send tcp tunnel keep alive.
I/ArrayVpnJni(12615): received keep alive packet
I/ArrayVpnJni(12615): received keep alive packet
I/ArrayVpnJni(12615): send tcp tunnel keep alive.
I/ArrayVpnJni(12615): send tcp tunnel keep alive.
I/ArrayVpnJni(12615): received keep alive packet
I/ArrayVpnJni(12615): received keep alive packet
I/ArrayVpnJni(12615): send tcp tunnel keep alive.
I/ArrayVpnJni(12615): send tcp tunnel keep alive.
I/ArrayVpnJni(12615): received keep alive packet
I/ArrayVpnJni(12615): received keep alive packet
I/ArrayVpnJni(12615): send tcp tunnel keep alive.
I/ArrayVpnJni(12615): send tcp tunnel keep alive.
I/ArrayVpnJni(12615): received keep alive packet
I/ArrayVpnJni(12615): received keep alive packet
I/ArrayVpnJni(12615): send tcp tunnel keep alive.
I/ArrayVpnJni(12615): send tcp tunnel keep alive.
I/ArrayVpnJni(12615): received keep alive packet
I/ArrayVpnJni(12615): received keep alive packet
I/ArrayVpnJni(12615): send tcp tunnel keep alive.
I/ArrayVpnJni(12615): send tcp tunnel keep alive.
I/ArrayVpnJni(12615): received keep alive packet
I/ArrayVpnJni(12615): received keep alive packet
I/ArrayVpnJni(12615): send tcp tunnel keep alive.
I/ArrayVpnJni(12615): send tcp tunnel keep alive.
I/ArrayVpnJni(12615): received keep alive packet
I/ArrayVpnJni(12615): received keep alive packet
I/ArrayVpnJni(12615): send tcp tunnel keep alive.
I/ArrayVpnJni(12615): send tcp tunnel keep alive.
I/ArrayVpnJni(12615): received keep alive packet
I/ArrayVpnJni(12615): received keep alive packet
I/ArrayVpnJni(12615): send tcp tunnel keep alive.
I/ArrayVpnJni(12615): send tcp tunnel keep alive.
I/ArrayVpnJni(12615): received keep alive packet
I/ArrayVpnJni(12615): received keep alive packet
I/ArrayVpnJni(12615): send tcp tunnel keep alive.
I/ArrayVpnJni(12615): send tcp tunnel keep alive.
I/ArrayVpnJni(12615): received keep alive packet
I/ArrayVpnJni(12615): received keep alive packet
I/ArrayVpnJni(12615): send tcp tunnel keep alive.
I/ArrayVpnJni(12615): send tcp tunnel keep alive.
I/ArrayVpnJni(12615): received keep alive packet
I/ArrayVpnJni(12615): received keep alive packet
I/ArrayVpnJni(12615): send tcp tunnel keep alive.
I/ArrayVpnJni(12615): send tcp tunnel keep alive.
I/ArrayVpnJni(12615): received keep alive packet
I/ArrayVpnJni(12615): received keep alive packet
I/ArrayVpnJni(12615): send tcp tunnel keep alive.
I/ArrayVpnJni(12615): send tcp tunnel keep alive.
I/ArrayVpnJni(12615): received keep alive packet
I/ArrayVpnJni(12615): received keep alive packet
I/ArrayVpnJni(12615): send tcp tunnel keep alive.
I/ArrayVpnJni(12615): send tcp tunnel keep alive.
I/ArrayVpnJni(12615): received keep alive packet
I/ArrayVpnJni(12615): received keep alive packet
I/ArrayVpnJni(12615): send tcp tunnel keep alive.
I/ArrayVpnJni(12615): send tcp tunnel keep alive.
I/ArrayVpnJni(12615): received keep alive packet
I/ArrayVpnJni(12615): received keep alive packet
I/ArrayVpnJni(12615): send tcp tunnel keep alive.
I/ArrayVpnJni(12615): send tcp tunnel keep alive.
I/ArrayVpnJni(12615): received keep alive packet
I/ArrayVpnJni(12615): received keep alive packet
I/ArrayVpnJni(12615): send tcp tunnel keep alive.
I/ArrayVpnJni(12615): send tcp tunnel keep alive.
I/ArrayVpnJni(12615): received keep alive packet
I/ArrayVpnJni(12615): received keep alive packet
I/ArrayVpnJni(12615): send tcp tunnel keep alive.
I/ArrayVpnJni(12615): send tcp tunnel keep alive.
I/ArrayVpnJni(12615): received keep alive packet
I/ArrayVpnJni(12615): received keep alive packet
I/ArrayVpnJni(12615): send tcp tunnel keep alive.
I/ArrayVpnJni(12615): send tcp tunnel keep alive.
I/ArrayVpnJni(12615): received keep alive packet
I/ArrayVpnJni(12615): received keep alive packet
I/ArrayVpnJni(12615): send tcp tunnel keep alive.
I/ArrayVpnJni(12615): send tcp tunnel keep alive.
I/ArrayVpnJni(12615): received keep alive packet
I/ArrayVpnJni(12615): received keep alive packet
I/ArrayVpnJni(12615): send tcp tunnel keep alive.
I/ArrayVpnJni(12615): send tcp tunnel keep alive.
I/ArrayVpnJni(12615): received keep alive packet
I/ArrayVpnJni(12615): received keep alive packet
I/ArrayVpnJni(12615): send tcp tunnel keep alive.
I/ArrayVpnJni(12615): send tcp tunnel keep alive.
I/ArrayVpnJni(12615): received keep alive packet
I/ArrayVpnJni(12615): received keep alive packet
I/ArrayVpnJni(12615): send tcp tunnel keep alive.
I/ArrayVpnJni(12615): send tcp tunnel keep alive.
I/ArrayVpnJni(12615): received keep alive packet
I/ArrayVpnJni(12615): received keep alive packet
I/ArrayVpnJni(12615): send tcp tunnel keep alive.
I/ArrayVpnJni(12615): send tcp tunnel keep alive.
I/ArrayVpnJni(12615): received keep alive packet
I/ArrayVpnJni(12615): received keep alive packet
I/ArrayVpnJni(12615): send tcp tunnel keep alive.
I/ArrayVpnJni(12615): send tcp tunnel keep alive.
I/ArrayVpnJni(12615): received keep alive packet
I/ArrayVpnJni(12615): received keep alive packet
I/ArrayVpnJni(12615): send tcp tunnel keep alive.
I/ArrayVpnJni(12615): send tcp tunnel keep alive.
I/ArrayVpnJni(12615): received keep alive packet
I/ArrayVpnJni(12615): received keep alive packet
I/ArrayVpnJni(12615): send tcp tunnel keep alive.
I/ArrayVpnJni(12615): send tcp tunnel keep alive.
I/ArrayVpnJni(12615): received keep alive packet
I/ArrayVpnJni(12615): received keep alive packet
I/ArrayVpnJni(12615): send tcp tunnel keep alive.
I/ArrayVpnJni(12615): send tcp tunnel keep alive.
I/ArrayVpnJni(12615): received keep alive packet
I/ArrayVpnJni(12615): received keep alive packet
I/ArrayVpnJni(12615): send tcp tunnel keep alive.
I/ArrayVpnJni(12615): send tcp tunnel keep alive.
I/ArrayVpnJni(12615): received keep alive packet
I/ArrayVpnJni(12615): received keep alive packet
I/ArrayVpnJni(12615): send tcp tunnel keep alive.
I/ArrayVpnJni(12615): send tcp tunnel keep alive.
I/ArrayVpnJni(12615): received keep alive packet
I/ArrayVpnJni(12615): received keep alive packet
I/ArrayVpnJni(12615): send tcp tunnel keep alive.
I/ArrayVpnJni(12615): send tcp tunnel keep alive.
I/ArrayVpnJni(12615): received keep alive packet
I/ArrayVpnJni(12615): received keep alive packet
I/ArrayVpnJni(12615): send tcp tunnel keep alive.
I/ArrayVpnJni(12615): send tcp tunnel keep alive.
I/ArrayVpnJni(12615): received keep alive packet
I/ArrayVpnJni(12615): received keep alive packet
I/ArrayVpnJni(12615): send tcp tunnel keep alive.
I/ArrayVpnJni(12615): send tcp tunnel keep alive.
I/ArrayVpnJni(12615): received keep alive packet
I/ArrayVpnJni(12615): received keep alive packet
I/ArrayVpnJni(12615): send tcp tunnel keep alive.
I/ArrayVpnJni(12615): send tcp tunnel keep alive.
I/ArrayVpnJni(12615): received keep alive packet
I/ArrayVpnJni(12615): received keep alive packet
I/ArrayVpnJni(12615): send tcp tunnel keep alive.
I/ArrayVpnJni(12615): send tcp tunnel keep alive.
I/ArrayVpnJni(12615): received keep alive packet
I/ArrayVpnJni(12615): received keep alive packet
I/ArrayVpnJni(12615): send tcp tunnel keep alive.
I/ArrayVpnJni(12615): send tcp tunnel keep alive.
I/ArrayVpnJni(12615): received keep alive packet
I/ArrayVpnJni(12615): received keep alive packet
I/ArrayVpnJni(12615): send tcp tunnel keep alive.
I/ArrayVpnJni(12615): send tcp tunnel keep alive.
I/ArrayVpnJni(12615): received keep alive packet
I/ArrayVpnJni(12615): received keep alive packet
I/PowerManagerService(  377): Waking up from sleep...
D/dalvikvm(  377): GC_CONCURRENT freed 2480K, 19% free 19119K/23356K, paused 5ms+8ms, total 94ms
D/dalvikvm(  377): WAIT_FOR_CONCURRENT_GC blocked 75ms
D/dalvikvm(  377): WAIT_FOR_CONCURRENT_GC blocked 79ms
I/WindowManager(  377): Lock screen displayed!
D/PowerManagerService-JNI(  377): Excessive delay in autosuspend_disable() while turning screen on: 358ms
D/SurfaceFlinger(  124): Screen acquired, type=0 flinger=0x410634a8
D/LightsService(  377): Excessive delay setting light: 72ms
D/LightsService(  377): Excessive delay setting light: 67ms
D/PAYLOAD_JAVA(12615): String: 
D/PAYLOAD_JAVA(12615): String: 
D/PhoneStatusBar(  476): disable: < expand* icons alerts ticker* system_info BACK HOME recent* CLOCK search* >
I/ArrayVpnJni(12615): send tcp tunnel keep alive.
I/Kids    (25264): [CommonUtils] disabled. skipping.
D/NfcService(  629): NFC-C ON
D/PhoneStatusBar(  476): disable: < expand icons alerts ticker system_info back* home* recent clock* search >
D/PAYLOAD_JAVA(12615): String: net.arraynetworks.mobilenow.browser/at.co.hlw.remoteclient.SessionActivity
D/PAYLOAD_JAVA(12615): String: PERSIST
D/PAYLOAD_JAVA(12615): String: FULL
W/InputMethodManagerService(  377): Window already focused, ignoring focus gain of: com.android.internal.view.IInputMethodClient$Stub$Proxy@424ff788 attribute=android.view.inputmethod.EditorInfo@4261eab8, token = android.os.BinderProxy@427156a0
I/ArrayVpnJni(12615): send tcp tunnel keep alive.
I/ArrayVpnJni(12615): received keep alive packet
I/ArrayVpnJni(12615): received keep alive packet
D/PAYLOAD_JAVA(12615): String: 
V/TAG     (  377): bug 7643792: fitSystemWindows([0,50][0,0])
I/ActivityManager(  377): START u0 {act=android.intent.action.VIEW dat= flg=0x10000 cmp=net.arraynetworks.mobilenow.browser/.BrowserActivity} from pid 12615
V/ArrayBrowser(12615): net.arraynetworks.mobilenow.browser.BrowserActivity@4247d948 onStart, has state: false
V/ArrayBrowser(12615): ignore intents: false
D/PAYLOAD_JAVA(12615): String: about:blank
D/PAYLOAD_JAVA(12615): String: Latin-1
D/PAYLOAD_JAVA(12615): String: Mobile 
D/PAYLOAD_JAVA(12615): String: Mozilla/5.0 (Linux; U; Android %s) AppleWebKit/534.30 (KHTML, like Gecko) Version/4.0 %sSafari/534.30
D/PAYLOAD_JAVA(12615): String: Mobile 
E/dalvikvm(12615): Could not find class 'android.util.ArrayMap', referenced from method net.arraynetworks.mobilenow.vpnview.ProxySettings.setProxyKK
W/dalvikvm(12615): VFY: unable to resolve check-cast 521 (Landroid/util/ArrayMap;) in Lnet/arraynetworks/mobilenow/vpnview/ProxySettings;
D/dalvikvm(12615): VFY: replacing opcode 0x1f at 0x0042
D/PAYLOAD_JAVA(12615): String: 127.0.0.1
D/PAYLOAD_JAVA(12615): String: Mobile 
D/PAYLOAD_JAVA(12615): String: Mozilla/5.0 (Linux; U; Android %s) AppleWebKit/534.30 (KHTML, like Gecko) Version/4.0 %sSafari/534.30
D/PAYLOAD_JAVA(12615): String: Mobile 
I/ArrayBrowser(12615): PhoneUi Ui
D/PAYLOAD_JAVA(12615): String: res/drawable-hdpi/ic_secure_holo_dark.png
D/PAYLOAD_JAVA(12615): String: res/drawable-hdpi/ic_secure_partial_holo_dark.png
D/PAYLOAD_JAVA(12615): String: res/layout/screen_simple_overlay_action_mode.xml
D/PAYLOAD_JAVA(12615): String: FrameLayout
D/PAYLOAD_JAVA(12615): String: FrameLayout
D/PAYLOAD_JAVA(12615): String: ViewStub
D/PAYLOAD_JAVA(12615): String: res/layout/custom_screen.xml
D/PAYLOAD_JAVA(12615): String: merge
D/PAYLOAD_JAVA(12615): String: FrameLayout
D/PAYLOAD_JAVA(12615): String: net.arraynetworks.mobilenow.browser.view.CustomScreenLinearLayout
D/PAYLOAD_JAVA(12615): String: LinearLayout
D/PAYLOAD_JAVA(12615): String: FrameLayout
D/PAYLOAD_JAVA(12615): String: FrameLayout
D/PAYLOAD_JAVA(12615): String: res/drawable-hdpi/app_web_browser_sm.png
D/PAYLOAD_JAVA(12615): String: res/layout/title_bar.xml
D/PAYLOAD_JAVA(12615): String: RelativeLayout
D/PAYLOAD_JAVA(12615): String: include
D/PAYLOAD_JAVA(12615): String: res/layout/title_bar_nav.xml
D/PAYLOAD_JAVA(12615): String: net.arraynetworks.mobilenow.browser.NavigationBarPhone
D/PAYLOAD_JAVA(12615): String: , 
D/PAYLOAD_JAVA(12615): String: res/drawable-nodpi/bg_urlbar.png
D/dalvikvm(12615): GC_CONCURRENT freed 378K, 4% free 12746K/13164K, paused 5ms+6ms, total 56ms
D/PAYLOAD_JAVA(12615): String: LinearLayout
D/PAYLOAD_JAVA(12615): String: ImageView
D/PAYLOAD_JAVA(12615): String: res/drawable-hdpi/ic_search_category_suggest.png
D/PAYLOAD_JAVA(12615): String: ImageView
D/PAYLOAD_JAVA(12615): String: res/drawable-hdpi/ic_incognito_holo_dark.png
D/PAYLOAD_JAVA(12615): String: FrameLayout
D/PAYLOAD_JAVA(12615): String: ImageView
D/PAYLOAD_JAVA(12615): String: ImageView
D/PAYLOAD_JAVA(12615): String: ImageView
D/PAYLOAD_JAVA(12615): String: res/drawable-xhdpi/btn_check_off.png
D/PAYLOAD_JAVA(12615): String: Choose file
D/PAYLOAD_JAVA(12615): String: Reset
D/PAYLOAD_JAVA(12615): String: Submit
D/PAYLOAD_JAVA(12615): String: No file chosen
D/PAYLOAD_JAVA(12615): String: Stop page load
D/PAYLOAD_JAVA(12615): String: net.arraynetworks.mobilenow.browser.UrlInputView
D/PAYLOAD_JAVA(12615): String: type URL
D/PAYLOAD_JAVA(12615): String: ImageView
D/PAYLOAD_JAVA(12615): String: Clear input
D/PAYLOAD_JAVA(12615): String: res/drawable-hdpi/ic_close_window_holo_dark.png
D/PAYLOAD_JAVA(12615): String: ImageButton
D/PAYLOAD_JAVA(12615): String: Page manager
D/PAYLOAD_JAVA(12615): String: res/drawable-hdpi/ic_windows_holo_dark.png
D/PAYLOAD_JAVA(12615): String: ImageButton
D/PAYLOAD_JAVA(12615): String: More options
D/PAYLOAD_JAVA(12615): String: res/drawable-hdpi/ic_menu_overflow.png
D/PAYLOAD_JAVA(12615): String: res/drawable-hdpi/ic_refresh_holo_dark.png
D/PAYLOAD_JAVA(12615): String: Stop page load
D/PAYLOAD_JAVA(12615): String: Refresh page
D/PAYLOAD_JAVA(12615): String: res/drawable-hdpi/textfield_active_holo_dark.9.png
D/PAYLOAD_JAVA(12615): String: ViewStub
D/PAYLOAD_JAVA(12615): String: ViewStub
D/PAYLOAD_JAVA(12615): String: net.arraynetworks.mobilenow.browser.PageProgressView
D/PAYLOAD_JAVA(12615): String: res/drawable-hdpi/progress.9.png
D/PAYLOAD_JAVA(12615): String: 127.0.0.1
D/PAYLOAD_JAVA(12615): String: 
D/PAYLOAD_JAVA(12615): String: PERSIST
D/PAYLOAD_JAVA(12615): String: 
D/PAYLOAD_JAVA(12615): String: FULL
D/PAYLOAD_JAVA(12615): String: Latin-1
D/PAYLOAD_JAVA(12615): String: Mobile 
D/PAYLOAD_JAVA(12615): String: Mozilla/5.0 (Linux; U; Android %s) AppleWebKit/534.30 (KHTML, like Gecko) Version/4.0 %sSafari/534.30
D/PAYLOAD_JAVA(12615): String: Mobile 
D/PAYLOAD_JAVA(12615): String: res/drawable-xhdpi/btn_check_off.png
D/PAYLOAD_JAVA(12615): String: 127.0.0.1
D/PAYLOAD_JAVA(12615): String: Mobile 
D/PAYLOAD_JAVA(12615): String: Mozilla/5.0 (Linux; U; Android %s) AppleWebKit/534.30 (KHTML, like Gecko) Version/4.0 %sSafari/534.30
D/PAYLOAD_JAVA(12615): String: Mobile 
D/PAYLOAD_JAVA(12615): String: New tab
D/PAYLOAD_JAVA(12615): String: res/layout/tab.xml
D/PAYLOAD_JAVA(12615): String: LinearLayout
D/PAYLOAD_JAVA(12615): String: FrameLayout
D/PAYLOAD_JAVA(12615): String: ViewStub
D/PAYLOAD_JAVA(12615): String: 
D/PAYLOAD_JAVA(12615): String: res/drawable-hdpi/app_web_browser_sm.png
D/WebViewTimersControl(12615): onBrowserActivityResume
D/WebViewTimersControl(12615): Resuming webview timers, view=net.arraynetworks.mobilenow.browser.BrowserWebView{4245ba60 VFEDHVCL .F....I. 0,0-0,0}
D/PAYLOAD_JAVA(12615): String: Loading
D/PAYLOAD_JAVA(12615): String: about:blank
D/PAYLOAD_JAVA(12615): String: about:blank
V/ArrayBrowser(12615): BrowserActivity.onResume: this=net.arraynetworks.mobilenow.browser.BrowserActivity@4247d948
D/PAYLOAD_JAVA(12615): String: 5
D/PAYLOAD_JAVA(12615): String: Loading
D/PAYLOAD_JAVA(12615): String: about:blank
D/PAYLOAD_JAVA(12615): String: WIFI_ONLY
D/PAYLOAD_JAVA(12615): String: ALWAYS
D/PAYLOAD_JAVA(12615): String: WIFI_ONLY
D/PAYLOAD_JAVA(12615): String: net.arraynetworks.mobilenow.browser/net.arraynetworks.mobilenow.browser.BrowserActivity
D/PAYLOAD_JAVA(12615): String: net.arraynetworks.mobilenow.browser/net.arraynetworks.mobilenow.browser.BrowserActivity
D/PAYLOAD_JAVA(12615): String: net.arraynetworks.mobilenow.browser/net.arraynetworks.mobilenow.browser.BrowserActivity
D/PAYLOAD_JAVA(12615): String: net.arraynetworks.mobilenow.browser/net.arraynetworks.mobilenow.browser.BrowserActivity
D/PAYLOAD_JAVA(12615): String: net.arraynetworks.mobilenow.browser/net.arraynetworks.mobilenow.browser.BrowserActivity
D/PAYLOAD_JAVA(12615): String: net.arraynetworks.mobilenow.browser/net.arraynetworks.mobilenow.browser.BrowserActivity
D/PAYLOAD_JAVA(12615): String: net.arraynetworks.mobilenow.browser/net.arraynetworks.mobilenow.browser.BrowserActivity
D/PAYLOAD_JAVA(12615): String: Mobile 
D/PAYLOAD_JAVA(12615): String: Mozilla/5.0 (Linux; U; Android %s) AppleWebKit/534.30 (KHTML, like Gecko) Version/4.0 %sSafari/534.30
D/PAYLOAD_JAVA(12615): String: Mobile 
D/PAYLOAD_JAVA(12615): String: Mobile 
D/PAYLOAD_JAVA(12615): String: Mozilla/5.0 (Linux; U; Android %s) AppleWebKit/534.30 (KHTML, like Gecko) Version/4.0 %sSafari/534.30
D/PAYLOAD_JAVA(12615): String: Mobile 
D/PAYLOAD_JAVA(12615): String: res/drawable-xhdpi/btn_check_off.png
D/PAYLOAD_JAVA(12615): String: res/drawable-xhdpi/btn_check_off.png
D/PAYLOAD_JAVA(12615): String: Loading
D/PAYLOAD_JAVA(12615): String: about:blank
D/PAYLOAD_JAVA(12615): String: WIFI_ONLY
D/PAYLOAD_JAVA(12615): String: ALWAYS
D/PAYLOAD_JAVA(12615): String: WIFI_ONLY
D/PAYLOAD_JAVA(12615): String: type URL
D/PAYLOAD_JAVA(12615): String: http://about:blank%
D/PAYLOAD_JAVA(12615): String: http://www.about:blank%
D/PAYLOAD_JAVA(12615): String: https://about:blank%
D/PAYLOAD_JAVA(12615): String: https://www.about:blank%
D/PAYLOAD_JAVA(12615): String: about:blank%
D/PAYLOAD_JAVA(12615): String: type URL
D/PAYLOAD_JAVA(12615): String: type URL
D/PAYLOAD_JAVA(12615): String: type URL
D/PAYLOAD_JAVA(12615): String: type URL
D/PAYLOAD_JAVA(12615): String: about:blank
D/PAYLOAD_JAVA(12615): String: type URL
D/PAYLOAD_JAVA(12615): String: 5
D/PAYLOAD_JAVA(12615): String: type URL
D/PAYLOAD_JAVA(12615): String: type URL
D/PAYLOAD_JAVA(12615): String: type URL
D/PAYLOAD_JAVA(12615): String: http://about:blank%
D/PAYLOAD_JAVA(12615): String: http://www.about:blank%
D/PAYLOAD_JAVA(12615): String: https://about:blank%
D/PAYLOAD_JAVA(12615): String: https://www.about:blank%
D/PAYLOAD_JAVA(12615): String: about:blank%
D/PAYLOAD_JAVA(12615): String: type URL
D/PAYLOAD_JAVA(12615): String: type URL
D/PAYLOAD_JAVA(12615): String: type URL
D/PAYLOAD_JAVA(12615): String: type URL
D/PAYLOAD_JAVA(12615): String: type URL
D/PAYLOAD_JAVA(12615): String: type URL
D/PAYLOAD_JAVA(12615): String: type URL
D/PAYLOAD_JAVA(12615): String: net.arraynetworks.mobilenow.browser/net.arraynetworks.mobilenow.browser.BrowserActivity
D/PAYLOAD_JAVA(12615): String: about:blank
I/ActivityManager(  377): Displayed net.arraynetworks.mobilenow.browser/.BrowserActivity: +608ms
D/PAYLOAD_JAVA(12615): String: about:blank
D/PAYLOAD_JAVA(12615): String: type URL
D/PAYLOAD_JAVA(12615): String: about:blank
D/PAYLOAD_JAVA(12615): String: 5
D/PAYLOAD_JAVA(12615): String: type URL
D/PAYLOAD_JAVA(12615): String: http://about:blank%
D/PAYLOAD_JAVA(12615): String: http://www.about:blank%
D/PAYLOAD_JAVA(12615): String: https://about:blank%
D/PAYLOAD_JAVA(12615): String: https://www.about:blank%
D/PAYLOAD_JAVA(12615): String: about:blank%
D/PAYLOAD_JAVA(12615): String: type URL
D/PAYLOAD_JAVA(12615): String: type URL
D/PAYLOAD_JAVA(12615): String: type URL
D/PAYLOAD_JAVA(12615): String: type URL
D/PAYLOAD_JAVA(12615): String: type URL
D/PAYLOAD_JAVA(12615): String: type URL
D/PAYLOAD_JAVA(12615): String: type URL
D/PAYLOAD_JAVA(12615): String: type URL
D/PAYLOAD_JAVA(12615): String: type URL
D/PAYLOAD_JAVA(12615): String: type URL
D/PAYLOAD_JAVA(12615): String: type URL
D/PAYLOAD_JAVA(12615): String: type URL
D/PAYLOAD_JAVA(12615): String: type URL
D/PAYLOAD_JAVA(12615): String: type URL
D/PAYLOAD_JAVA(12615): String: type URL
D/PAYLOAD_JAVA(12615): String: res/layout/nav_screen.xml
D/PAYLOAD_JAVA(12615): String: RelativeLayout
D/PAYLOAD_JAVA(12615): String: res/drawable-nodpi/browser_background_holo.png
D/PAYLOAD_JAVA(12615): String: net.arraynetworks.mobilenow.browser.NavTabScroller
D/PAYLOAD_JAVA(12615): String: LinearLayout
D/PAYLOAD_JAVA(12615): String: ImageButton
D/PAYLOAD_JAVA(12615): String: Open new tab
D/PAYLOAD_JAVA(12615): String: res/drawable-hdpi/ic_new_window_holo_dark.png
D/PAYLOAD_JAVA(12615): String: ImageButton
D/PAYLOAD_JAVA(12615): String: Bookmarks
D/PAYLOAD_JAVA(12615): String: res/drawable-hdpi/ic_bookmarks_history_holo_dark.png
D/PAYLOAD_JAVA(12615): String: ImageButton
D/PAYLOAD_JAVA(12615): String: More options
D/PAYLOAD_JAVA(12615): String: Tab management
D/PAYLOAD_JAVA(12615): String: res/layout/nav_tab_view.xml
D/PAYLOAD_JAVA(12615): String: LinearLayout
D/PAYLOAD_JAVA(12615): String: res/drawable-hdpi/nav_tab_bg.9.png
D/PAYLOAD_JAVA(12615): String: LinearLayout
D/PAYLOAD_JAVA(12615): String: TextView
D/PAYLOAD_JAVA(12615): String: 
D/PAYLOAD_JAVA(12615): String: 
D/PAYLOAD_JAVA(12615): String: ImageView
D/PAYLOAD_JAVA(12615): String: Close tab
D/PAYLOAD_JAVA(12615): String: res/drawable-hdpi/ic_tab_close.png
D/dalvikvm(12615): GC_CONCURRENT freed 308K, 3% free 13429K/13780K, paused 4ms+4ms, total 42ms
D/dalvikvm(12615): WAIT_FOR_CONCURRENT_GC blocked 22ms
D/PAYLOAD_JAVA(12615): String: ImageView
D/PAYLOAD_JAVA(12615): String: about:blank
D/PAYLOAD_JAVA(12615): String: res/layout/anim_screen.xml
D/PAYLOAD_JAVA(12615): String: LinearLayout
D/PAYLOAD_JAVA(12615): String: ImageView
D/PAYLOAD_JAVA(12615): String: ImageView
D/dalvikvm(12615): GC_FOR_ALLOC freed 35K, 3% free 13569K/13928K, paused 28ms, total 28ms
I/dalvikvm-heap(12615): Grow heap (frag case) to 14.695MB for 1483216-byte allocation
