I/fstrim  (  117): Invoking FITRIM ioctl on /cache
I/fstrim  (  117): Trimmed 438374400 bytes on /cache
I/fstrim  (  117): Invoking FITRIM ioctl on /data
I/fstrim  (  117): Trimmed 13751816192 bytes on /data
I/fstrim  (  117): Finished fstrim work.
I/EntropyMixer(  377): Writing entropy...
D/ConnectivityService(  377): handleInetConditionHoldEnd: net=1, condition=0, published condition=0
I/ActivityManager(  377): No longer want android.process.media (pid 8041): empty for 1914s
W/ActivityManager(  377): Scheduling restart of crashed service com.android.providers.media/.MtpService in 5000ms
I/ActivityManager(  377): Start proc android.process.media for service com.android.providers.media/.MtpService: pid=8557 uid=10011 gids={50011, 1015, 1023, 1024, 1028, 2001, 3003, 3007}
I/ActivityManager(  377): No longer want net.arraynetworks.mobilenow.browser (pid 8072): empty for 2055s
W/ActivityManager(  377): Scheduling restart of crashed service net.arraynetworks.mobilenow.browser/net.arraynetworks.mobilenow.mdm.MDMService in 5000ms
I/ActivityManager(  377): Start proc net.arraynetworks.mobilenow.browser for service net.arraynetworks.mobilenow.browser/net.arraynetworks.mobilenow.mdm.MDMService: pid=8621 uid=10051 gids={50051, 3003, 1015, 3002, 3001, 1028}
D/ConnectivityService(  377): handleInetConditionHoldEnd: net=1, condition=0, published condition=0
I/ActivityManager(  377): No longer want com.google.process.location (pid 8163): empty for 2019s
W/ActivityManager(  377): Scheduling restart of crashed service com.google.android.gms/com.google.android.location.reporting.service.DispatchingService in 5000ms
W/ActivityManager(  377): Scheduling restart of crashed service com.google.android.gms/com.google.android.location.fused.NlpLocationReceiverService in 15000ms
W/ActivityManager(  377): Scheduling restart of crashed service com.google.android.gms/com.google.android.location.internal.server.GoogleLocationService in 24999ms
W/ActivityManager(  377): Scheduling restart of crashed service com.google.android.gms/com.google.android.location.internal.GoogleLocationManagerService in 34999ms
W/ActivityManager(  377): Scheduling restart of crashed service com.google.android.gms/.deviceconnection.service.DeviceConnectionServiceBroker in 44999ms
I/ActivityManager(  377): Start proc com.google.process.location for service com.google.android.gms/com.google.android.location.reporting.service.DispatchingService: pid=8687 uid=10048 gids={50048, 3002, 3001, 3003, 1028, 1015, 1006, 1007, 2001}
W/ActivityManager(  377): Permission Denial: getCurrentUser() from pid=8687, uid=10048 requires android.permission.INTERACT_ACROSS_USERS
D/ConnectivityService(  377): handleInetConditionHoldEnd: net=1, condition=0, published condition=0
D/ConnectivityService(  377): handleInetConditionHoldEnd: net=1, condition=0, published condition=0
D/ConnectivityService(  377): handleInetConditionHoldEnd: net=1, condition=0, published condition=0
I/ActivityManager(  377): No longer want android.process.media (pid 8557): empty for 2274s
W/ActivityManager(  377): Scheduling restart of crashed service com.android.providers.media/.MtpService in 5000ms
I/ActivityManager(  377): Start proc android.process.media for service com.android.providers.media/.MtpService: pid=9137 uid=10011 gids={50011, 1015, 1023, 1024, 1028, 2001, 3003, 3007}
D/ConnectivityService(  377): handleInetConditionHoldEnd: net=1, condition=0, published condition=0
I/ActivityManager(  377): No longer want net.arraynetworks.mobilenow.browser (pid 8621): empty for 2660s
W/ActivityManager(  377): Scheduling restart of crashed service net.arraynetworks.mobilenow.browser/net.arraynetworks.mobilenow.mdm.MDMService in 5000ms
I/ActivityManager(  377): No longer want android.process.acore (pid 8144): empty for 2476s
I/ActivityManager(  377): Start proc net.arraynetworks.mobilenow.browser for service net.arraynetworks.mobilenow.browser/net.arraynetworks.mobilenow.mdm.MDMService: pid=9280 uid=10051 gids={50051, 3003, 1015, 3002, 3001, 1028}
I/ActivityManager(  377): Start proc android.process.acore for content provider com.android.providers.contacts/.ContactsProvider2: pid=9376 uid=10000 gids={50000, 3003, 1015, 1028}
I/ActivityManager(  377): No longer want com.google.process.location (pid 8687): empty for 2803s
W/ActivityManager(  377): Scheduling restart of crashed service com.google.android.gms/com.google.android.location.reporting.service.DispatchingService in 5000ms
W/ActivityManager(  377): Scheduling restart of crashed service com.google.android.gms/com.google.android.location.internal.server.GoogleLocationService in 14999ms
W/ActivityManager(  377): Scheduling restart of crashed service com.google.android.gms/com.google.android.location.fused.NlpLocationReceiverService in 24999ms
W/ActivityManager(  377): Scheduling restart of crashed service com.google.android.gms/com.google.android.location.internal.GoogleLocationManagerService in 34999ms
W/ActivityManager(  377): Scheduling restart of crashed service com.google.android.gms/.deviceconnection.service.DeviceConnectionServiceBroker in 44999ms
I/ActivityManager(  377): Start proc com.google.process.location for service com.google.android.gms/com.google.android.location.reporting.service.DispatchingService: pid=9395 uid=10048 gids={50048, 3002, 3001, 3003, 1028, 1015, 1006, 1007, 2001}
W/ActivityManager(  377): Permission Denial: getCurrentUser() from pid=9395, uid=10048 requires android.permission.INTERACT_ACROSS_USERS
D/ConnectivityService(  377): handleInetConditionHoldEnd: net=1, condition=0, published condition=0
D/ConnectivityService(  377): handleInetConditionHoldEnd: net=1, condition=0, published condition=0
D/ConnectivityService(  377): handleInetConditionHoldEnd: net=1, condition=0, published condition=0
I/ActivityManager(  377): No longer want android.process.media (pid 9137): empty for 2394s
W/ActivityManager(  377): Scheduling restart of crashed service com.android.providers.media/.MtpService in 5000ms
I/ActivityManager(  377): Start proc android.process.media for service com.android.providers.media/.MtpService: pid=9756 uid=10011 gids={50011, 1015, 1023, 1024, 1028, 2001, 3003, 3007}
W/ProcessStats(  377): Skipping unknown process pid 9845
I/ActivityManager(  377): No longer want net.arraynetworks.mobilenow.browser (pid 9280): empty for 2166s
I/ActivityManager(  377): No longer want com.google.process.location (pid 9395): empty for 1807s
W/ActivityManager(  377): Scheduling restart of crashed service net.arraynetworks.mobilenow.browser/net.arraynetworks.mobilenow.mdm.MDMService in 5000ms
W/ActivityManager(  377): Scheduling restart of crashed service com.google.android.gms/com.google.android.location.reporting.service.DispatchingService in 14984ms
W/ActivityManager(  377): Scheduling restart of crashed service com.google.android.gms/com.google.android.location.fused.NlpLocationReceiverService in 24984ms
W/ActivityManager(  377): Scheduling restart of crashed service com.google.android.gms/com.google.android.location.internal.server.GoogleLocationService in 34984ms
W/ActivityManager(  377): Scheduling restart of crashed service com.google.android.gms/com.google.android.location.internal.GoogleLocationManagerService in 44983ms
W/ActivityManager(  377): Scheduling restart of crashed service com.google.android.gms/.deviceconnection.service.DeviceConnectionServiceBroker in 54983ms
I/ActivityManager(  377): Start proc net.arraynetworks.mobilenow.browser for service net.arraynetworks.mobilenow.browser/net.arraynetworks.mobilenow.mdm.MDMService: pid=9849 uid=10051 gids={50051, 3003, 1015, 3002, 3001, 1028}
I/ActivityManager(  377): Start proc com.google.process.location for service com.google.android.gms/com.google.android.location.reporting.service.DispatchingService: pid=9873 uid=10048 gids={50048, 3002, 3001, 3003, 1028, 1015, 1006, 1007, 2001}
W/ActivityManager(  377): Permission Denial: getCurrentUser() from pid=9873, uid=10048 requires android.permission.INTERACT_ACROSS_USERS
D/ConnectivityService(  377): handleInetConditionHoldEnd: net=1, condition=0, published condition=0
D/ConnectivityService(  377): handleInetConditionHoldEnd: net=1, condition=0, published condition=0
D/ConnectivityService(  377): handleInetConditionHoldEnd: net=1, condition=100, published condition=0
I/ActivityManager(  377): No longer want android.process.acore (pid 9376): empty for 2880s
I/ActivityManager(  377): No longer want android.process.media (pid 9756): empty for 3016s
W/ActivityManager(  377): Scheduling restart of crashed service com.android.providers.media/.MtpService in 5000ms
I/ActivityManager(  377): No longer want net.arraynetworks.mobilenow.browser (pid 9849): empty for 2657s
W/ActivityManager(  377): Scheduling restart of crashed service net.arraynetworks.mobilenow.browser/net.arraynetworks.mobilenow.mdm.MDMService in 14920ms
I/ActivityManager(  377): Start proc android.process.media for service com.android.providers.media/.MtpService: pid=10489 uid=10011 gids={50011, 1015, 1023, 1024, 1028, 2001, 3003, 3007}
I/ActivityManager(  377): Start proc net.arraynetworks.mobilenow.browser for service net.arraynetworks.mobilenow.browser/net.arraynetworks.mobilenow.mdm.MDMService: pid=10510 uid=10051 gids={50051, 3003, 1015, 3002, 3001, 1028}
I/ActivityManager(  377): No longer want com.google.process.location (pid 9873): empty for 4450s
W/ActivityManager(  377): Scheduling restart of crashed service com.google.android.gms/com.google.android.location.reporting.service.DispatchingService in 5000ms
W/ActivityManager(  377): Scheduling restart of crashed service com.google.android.gms/com.google.android.location.internal.server.GoogleLocationService in 14999ms
W/ActivityManager(  377): Scheduling restart of crashed service com.google.android.gms/com.google.android.location.fused.NlpLocationReceiverService in 24998ms
W/ActivityManager(  377): Scheduling restart of crashed service com.google.android.gms/com.google.android.location.internal.GoogleLocationManagerService in 34998ms
W/ActivityManager(  377): Scheduling restart of crashed service com.google.android.gms/.deviceconnection.service.DeviceConnectionServiceBroker in 44998ms
I/ActivityManager(  377): Start proc com.google.process.location for service com.google.android.gms/com.google.android.location.reporting.service.DispatchingService: pid=10910 uid=10048 gids={50048, 3002, 3001, 3003, 1028, 1015, 1006, 1007, 2001}
W/ActivityManager(  377): Permission Denial: getCurrentUser() from pid=10910, uid=10048 requires android.permission.INTERACT_ACROSS_USERS
I/PowerManagerService(  377): Waking up from sleep...
I/WindowManager(  377): Lock screen displayed!
W/InputMethodManagerService(  377): Got RemoteException sending setActive(false) notification to pid 5879 uid 10049
W/ActivityManager(  377): Permission Denial: getCurrentUser() from pid=10910, uid=10048 requires android.permission.INTERACT_ACROSS_USERS
I/PowerManagerService(  377): Going to sleep due to screen timeout...
W/InputMethodManagerService(  377): Got RemoteException sending setActive(false) notification to pid 5879 uid 10049
W/ProcessStats(  377): Skipping unknown process pid 12582
W/ProcessStats(  377): Skipping unknown process pid 12583
W/ProcessStats(  377): Skipping unknown process pid 12584
I/EntropyMixer(  377): Writing entropy...
W/ProcessStats(  377): Skipping unknown process pid 15318
W/ProcessStats(  377): Skipping unknown process pid 15796
W/ProcessStats(  377): Skipping unknown process pid 15797
W/ProcessStats(  377): Skipping unknown process pid 15798
W/ProcessStats(  377): Skipping unknown process pid 15799
D/ConnectivityService(  377): ConnectivityChange for WIFI: DISCONNECTED/DISCONNECTED
D/ConnectivityService(  377): Attempting to switch to mobile
D/ConnectivityService(  377): Attempting to switch to BLUETOOTH_TETHER
D/ConnectivityService(  377): Attempting to switch to ETHERNET
D/ConnectivityService(  377): resetConnections(wlan0, 3)
D/Nat464Xlat(  377): requiresClat: netType=1, hasIPv4Address=false
D/ConnectivityService(  377): handleInetConditionChange: no active default network - ignore
I/ActivityManager(  377): Start proc android.process.acore for content provider com.android.providers.contacts/.ContactsProvider2: pid=17623 uid=10000 gids={50000, 3003, 1015, 1028}
I/ActivityManager(  377): No longer want net.arraynetworks.mobilenow.browser (pid 10510): empty for 3489s
W/ActivityManager(  377): Scheduling restart of crashed service net.arraynetworks.mobilenow.browser/net.arraynetworks.mobilenow.mdm.MDMService in 5000ms
I/ActivityManager(  377): Start proc com.android.mms for broadcast com.android.mms/.transaction.MmsSystemEventReceiver: pid=17641 uid=10023 gids={50023, 3003, 1015, 1028}
D/CountryDetector(  377): The first listener is added
I/ActivityManager(  377): Start proc net.arraynetworks.mobilenow.browser for broadcast net.arraynetworks.mobilenow.browser/net.arraynetworks.mobilenow.downloader.provider.DownloadReceiver: pid=17667 uid=10051 gids={50051, 3003, 1015, 3002, 3001, 1028}
D/ConnectivityService(  377): Captive portal check NetworkInfo: type: WIFI[], state: CONNECTING/CAPTIVE_PORTAL_CHECK, reason: (unspecified), extra: "CURI", roaming: false, failover: false, isAvailable: true
D/ConnectivityService(  377): ConnectivityChange for WIFI: CONNECTED/CONNECTED
D/Nat464Xlat(  377): requiresClat: netType=1, hasIPv4Address=true
D/ConnectivityService(  377): NetTransition Wakelock for ConnectedState released by timeout
D/ConnectivityService(  377): handleInetConditionHoldEnd: net=1, condition=100, published condition=0
D/ConnectivityService(  377): ConnectivityChange for WIFI: DISCONNECTED/DISCONNECTED
D/ConnectivityService(  377): Attempting to switch to mobile
D/ConnectivityService(  377): Attempting to switch to BLUETOOTH_TETHER
D/ConnectivityService(  377): Attempting to switch to ETHERNET
D/ConnectivityService(  377): resetConnections(wlan0, 3)
D/Nat464Xlat(  377): requiresClat: netType=1, hasIPv4Address=false
D/ConnectivityService(  377): handleInetConditionChange: no active default network - ignore
D/ConnectivityService(  377): Captive portal check NetworkInfo: type: WIFI[], state: CONNECTING/CAPTIVE_PORTAL_CHECK, reason: (unspecified), extra: "CURI", roaming: false, failover: false, isAvailable: true
D/ConnectivityService(  377): ConnectivityChange for WIFI: CONNECTED/CONNECTED
D/Nat464Xlat(  377): requiresClat: netType=1, hasIPv4Address=true
D/ConnectivityService(  377): NetTransition Wakelock for ConnectedState released by timeout
D/ConnectivityService(  377): handleInetConditionHoldEnd: net=1, condition=100, published condition=0
D/ConnectivityService(  377): ConnectivityChange for WIFI: DISCONNECTED/DISCONNECTED
D/ConnectivityService(  377): Attempting to switch to mobile
D/ConnectivityService(  377): Attempting to switch to BLUETOOTH_TETHER
D/ConnectivityService(  377): Attempting to switch to ETHERNET
D/ConnectivityService(  377): resetConnections(wlan0, 3)
D/Nat464Xlat(  377): requiresClat: netType=1, hasIPv4Address=false
D/ConnectivityService(  377): handleInetConditionChange: no active default network - ignore
I/ActivityManager(  377): No longer want com.google.android.gms.wearable (pid 7608): empty for 1806s
D/ConnectivityService(  377): NetTransition Wakelock for ConnectedState released by timeout
W/ProcessStats(  377): Skipping unknown process pid 18291
W/ProcessStats(  377): Skipping unknown process pid 18292
W/ProcessStats(  377): Skipping unknown process pid 18293
W/ProcessStats(  377): Skipping unknown process pid 18319
I/ActivityManager(  377): No longer want com.google.process.location (pid 10910): empty for 1823s
W/ActivityManager(  377): Scheduling restart of crashed service com.google.android.gms/com.google.android.location.reporting.service.DispatchingService in 5000ms
W/ActivityManager(  377): Scheduling restart of crashed service com.google.android.gms/com.google.android.location.fused.NlpLocationReceiverService in 15000ms
W/ActivityManager(  377): Scheduling restart of crashed service com.google.android.gms/com.google.android.location.internal.server.GoogleLocationService in 25000ms
W/ActivityManager(  377): Scheduling restart of crashed service com.google.android.gms/com.google.android.location.internal.GoogleLocationManagerService in 35000ms
W/ActivityManager(  377): Scheduling restart of crashed service com.google.android.gms/.deviceconnection.service.DeviceConnectionServiceBroker in 45000ms
I/ActivityManager(  377): Start proc com.google.process.location for service com.google.android.gms/com.google.android.location.reporting.service.DispatchingService: pid=18700 uid=10048 gids={50048, 3002, 3001, 3003, 1028, 1015, 1006, 1007, 2001}
I/ActivityManager(  377): Start proc com.google.android.gms.wearable for service com.google.android.gms/.wearable.service.WearableService: pid=18722 uid=10048 gids={50048, 3002, 3001, 3003, 1028, 1015, 1006, 1007, 2001}
W/ActivityManager(  377): Permission Denial: getCurrentUser() from pid=18700, uid=10048 requires android.permission.INTERACT_ACROSS_USERS
W/ProcessStats(  377): Skipping unknown process pid 18784
W/ProcessStats(  377): Skipping unknown process pid 18785
W/ProcessStats(  377): Skipping unknown process pid 18786
W/ProcessStats(  377): Skipping unknown process pid 18787
W/ProcessStats(  377): Skipping unknown process pid 20541
W/ProcessStats(  377): Skipping unknown process pid 20542
W/ProcessStats(  377): Skipping unknown process pid 20543
W/ProcessStats(  377): Skipping unknown process pid 20544
W/ProcessStats(  377): Skipping unknown process pid 23186
W/ProcessStats(  377): Skipping unknown process pid 23187
W/ProcessStats(  377): Skipping unknown process pid 23188
W/ProcessStats(  377): Skipping unknown process pid 23189
W/ProcessStats(  377): Skipping unknown process pid 25390
W/ProcessStats(  377): Skipping unknown process pid 25391
W/ProcessStats(  377): Skipping unknown process pid 25392
W/ProcessStats(  377): Skipping unknown process pid 25393
I/ActivityManager(  377): No longer want android.process.acore (pid 17623): empty for 1816s
I/ActivityManager(  377): Start proc com.android.calendar for broadcast com.android.calendar/.widget.CalendarAppWidgetService$CalendarFactory: pid=25938 uid=10005 gids={50005, 3003, 1028}
I/ActivityManager(  377): Start proc com.android.deskclock for broadcast com.android.deskclock/.AlarmInitReceiver: pid=25956 uid=10009 gids={50009, 1028}
I/ActivityManager(  377): No longer want android.process.media (pid 10489): empty for 1900s
I/ActivityManager(  377): Start proc com.android.providers.calendar for content provider com.android.providers.calendar/.CalendarProvider2: pid=25967 uid=10006 gids={50006, 3003, 1015, 1028}
I/ActivityManager(  377): No longer want com.android.mms (pid 17641): empty for 1900s
D/CountryDetector(  377): No listener is left
I/ActivityManager(  377): No longer want net.arraynetworks.mobilenow.browser (pid 17667): empty for 1900s
I/ActivityManager(  377): Start proc net.arraynetworks.mobilenow.browser for service net.arraynetworks.mobilenow.browser/net.arraynetworks.mobilenow.mdm.MDMService: pid=25999 uid=10051 gids={50051, 3003, 1015, 3002, 3001, 1028}
W/ActivityManager(  377): Scheduling restart of crashed service net.arraynetworks.mobilenow.browser/net.arraynetworks.mobilenow.mdm.MDMService in 5000ms
I/ActivityManager(  377): No longer want com.google.android.gms.wearable (pid 18722): empty for 1835s
I/ActivityManager(  377): No longer want com.google.process.location (pid 18700): empty for 1835s
W/ActivityManager(  377): Scheduling restart of crashed service com.google.android.gms/com.google.android.location.reporting.service.DispatchingService in 5000ms
W/ActivityManager(  377): Scheduling restart of crashed service com.google.android.gms/com.google.android.location.internal.server.GoogleLocationService in 15000ms
W/ActivityManager(  377): Scheduling restart of crashed service com.google.android.gms/com.google.android.location.fused.NlpLocationReceiverService in 25000ms
W/ActivityManager(  377): Scheduling restart of crashed service com.google.android.gms/com.google.android.location.internal.GoogleLocationManagerService in 34999ms
W/ActivityManager(  377): Scheduling restart of crashed service com.google.android.gms/.deviceconnection.service.DeviceConnectionServiceBroker in 44999ms
I/ActivityManager(  377): Start proc com.google.process.location for service com.google.android.gms/com.google.android.location.reporting.service.DispatchingService: pid=26793 uid=10048 gids={50048, 3002, 3001, 3003, 1028, 1015, 1006, 1007, 2001}
I/ActivityManager(  377): Start proc com.google.android.gms.wearable for service com.google.android.gms/.wearable.service.WearableService: pid=26815 uid=10048 gids={50048, 3002, 3001, 3003, 1028, 1015, 1006, 1007, 2001}
W/ActivityManager(  377): Permission Denial: getCurrentUser() from pid=26793, uid=10048 requires android.permission.INTERACT_ACROSS_USERS
W/ProcessStats(  377): Skipping unknown process pid 26899
W/ProcessStats(  377): Skipping unknown process pid 26900
W/ProcessStats(  377): Skipping unknown process pid 26901
W/ProcessStats(  377): Skipping unknown process pid 26902
W/ProcessStats(  377): Skipping unknown process pid 27622
W/ProcessStats(  377): Skipping unknown process pid 29929
W/ProcessStats(  377): Skipping unknown process pid 29930
W/ProcessStats(  377): Skipping unknown process pid 29931
W/ProcessStats(  377): Skipping unknown process pid 30391
W/ProcessStats(  377): Skipping unknown process pid 30392
W/ProcessStats(  377): Skipping unknown process pid 30393
W/ProcessStats(  377): Skipping unknown process pid 30394
W/ProcessStats(  377): Skipping unknown process pid 30650
W/ProcessStats(  377): Skipping unknown process pid 31980
W/ProcessStats(  377): Skipping unknown process pid 31981
I/ActivityManager(  377): No longer want net.arraynetworks.mobilenow.browser (pid 25999): empty for 1843s
W/ActivityManager(  377): Scheduling restart of crashed service net.arraynetworks.mobilenow.browser/net.arraynetworks.mobilenow.mdm.MDMService in 5000ms
I/ActivityManager(  377): Start proc net.arraynetworks.mobilenow.browser for service net.arraynetworks.mobilenow.browser/net.arraynetworks.mobilenow.mdm.MDMService: pid=1759 uid=10051 gids={50051, 3003, 1015, 3002, 3001, 1028}
I/ActivityManager(  377): No longer want com.google.android.gms.wearable (pid 26815): empty for 1835s
I/ActivityManager(  377): No longer want com.google.process.location (pid 26793): empty for 1835s
W/ActivityManager(  377): Scheduling restart of crashed service com.google.android.gms/com.google.android.location.reporting.service.DispatchingService in 5000ms
W/ActivityManager(  377): Scheduling restart of crashed service com.google.android.gms/com.google.android.location.fused.NlpLocationReceiverService in 15000ms
W/ActivityManager(  377): Scheduling restart of crashed service com.google.android.gms/com.google.android.location.internal.server.GoogleLocationService in 25000ms
W/ActivityManager(  377): Scheduling restart of crashed service com.google.android.gms/com.google.android.location.internal.GoogleLocationManagerService in 35000ms
W/ActivityManager(  377): Scheduling restart of crashed service com.google.android.gms/.deviceconnection.service.DeviceConnectionServiceBroker in 44999ms
I/ActivityManager(  377): Start proc com.google.process.location for service com.google.android.gms/com.google.android.location.reporting.service.DispatchingService: pid=2625 uid=10048 gids={50048, 3002, 3001, 3003, 1028, 1015, 1006, 1007, 2001}
I/ActivityManager(  377): Start proc com.google.android.gms.wearable for service com.google.android.gms/.wearable.service.WearableService: pid=2680 uid=10048 gids={50048, 3002, 3001, 3003, 1028, 1015, 1006, 1007, 2001}
W/ActivityManager(  377): Permission Denial: getCurrentUser() from pid=2625, uid=10048 requires android.permission.INTERACT_ACROSS_USERS
W/ProcessStats(  377): Skipping unknown process pid 4057
W/ProcessStats(  377): Skipping unknown process pid 4058
W/ProcessStats(  377): Skipping unknown process pid 4059
W/ProcessStats(  377): Skipping unknown process pid 4060
W/ProcessStats(  377): Skipping unknown process pid 7334
W/ProcessStats(  377): Skipping unknown process pid 7335
W/ProcessStats(  377): Skipping unknown process pid 7336
W/ProcessStats(  377): Skipping unknown process pid 7337
W/ProcessStats(  377): Skipping unknown process pid 9548
W/ProcessStats(  377): Skipping unknown process pid 9549
W/ProcessStats(  377): Skipping unknown process pid 9550
W/ProcessStats(  377): Skipping unknown process pid 9551
I/ActivityManager(  377): No longer want com.android.calendar (pid 25938): empty for 3402s
I/ActivityManager(  377): No longer want net.arraynetworks.mobilenow.browser (pid 1759): empty for 2016s
I/ActivityManager(  377): No longer want com.android.providers.calendar (pid 25967): empty for 3575s
I/ActivityManager(  377): No longer want com.android.deskclock (pid 25956): empty for 3580s
W/ActivityManager(  377): Scheduling restart of crashed service net.arraynetworks.mobilenow.browser/net.arraynetworks.mobilenow.mdm.MDMService in 5000ms
I/ActivityManager(  377): Start proc net.arraynetworks.mobilenow.browser for service net.arraynetworks.mobilenow.browser/net.arraynetworks.mobilenow.mdm.MDMService: pid=11191 uid=10051 gids={50051, 3003, 1015, 3002, 3001, 1028}
W/ProcessStats(  377): Skipping unknown process pid 11492
W/ProcessStats(  377): Skipping unknown process pid 11493
W/ProcessStats(  377): Skipping unknown process pid 11494
W/ProcessStats(  377): Skipping unknown process pid 11495
W/ProcessStats(  377): Skipping unknown process pid 16275
W/ProcessStats(  377): Skipping unknown process pid 16276
W/ProcessStats(  377): Skipping unknown process pid 16277
W/ProcessStats(  377): Skipping unknown process pid 16908
W/ProcessStats(  377): Skipping unknown process pid 17194
W/ProcessStats(  377): Skipping unknown process pid 17195
W/ProcessStats(  377): Skipping unknown process pid 17196
W/ProcessStats(  377): Skipping unknown process pid 17197
I/ActivityManager(  377): No longer want com.google.process.location (pid 2625): empty for 3677s
W/ActivityManager(  377): Scheduling restart of crashed service com.google.android.gms/com.google.android.location.reporting.service.DispatchingService in 5000ms
W/ActivityManager(  377): Scheduling restart of crashed service com.google.android.gms/com.google.android.location.internal.server.GoogleLocationService in 15000ms
W/ActivityManager(  377): Scheduling restart of crashed service com.google.android.gms/com.google.android.location.fused.NlpLocationReceiverService in 25000ms
W/ActivityManager(  377): Scheduling restart of crashed service com.google.android.gms/com.google.android.location.internal.GoogleLocationManagerService in 35000ms
W/ActivityManager(  377): Scheduling restart of crashed service com.google.android.gms/.deviceconnection.service.DeviceConnectionServiceBroker in 45000ms
I/ActivityManager(  377): Start proc com.google.process.location for service com.google.android.gms/com.google.android.location.reporting.service.DispatchingService: pid=19272 uid=10048 gids={50048, 3002, 3001, 3003, 1028, 1015, 1006, 1007, 2001}
W/ActivityManager(  377): Permission Denial: getCurrentUser() from pid=19272, uid=10048 requires android.permission.INTERACT_ACROSS_USERS
W/ProcessStats(  377): Skipping unknown process pid 20192
W/ProcessStats(  377): Skipping unknown process pid 20193
W/ProcessStats(  377): Skipping unknown process pid 20194
W/ProcessStats(  377): Skipping unknown process pid 20195
I/ActivityManager(  377): Start proc com.android.calendar for broadcast com.android.calendar/.widget.CalendarAppWidgetService$CalendarFactory: pid=20298 uid=10005 gids={50005, 3003, 1028}
I/ActivityManager(  377): Start proc com.android.deskclock for broadcast com.android.deskclock/.AlarmInitReceiver: pid=20316 uid=10009 gids={50009, 1028}
I/ActivityManager(  377): Start proc com.android.providers.calendar for content provider com.android.providers.calendar/.CalendarProvider2: pid=20329 uid=10006 gids={50006, 3003, 1015, 1028}
I/ActivityManager(  377): No longer want net.arraynetworks.mobilenow.browser (pid 11191): empty for 2073s
W/ActivityManager(  377): Scheduling restart of crashed service net.arraynetworks.mobilenow.browser/net.arraynetworks.mobilenow.mdm.MDMService in 5000ms
I/ActivityManager(  377): Start proc net.arraynetworks.mobilenow.browser for service net.arraynetworks.mobilenow.browser/net.arraynetworks.mobilenow.mdm.MDMService: pid=20355 uid=10051 gids={50051, 3003, 1015, 3002, 3001, 1028}
W/ProcessStats(  377): Skipping unknown process pid 21445
W/ProcessStats(  377): Skipping unknown process pid 21446
W/ProcessStats(  377): Skipping unknown process pid 21447
W/ProcessStats(  377): Skipping unknown process pid 21448
W/ProcessStats(  377): Skipping unknown process pid 23809
W/ProcessStats(  377): Skipping unknown process pid 23810
W/ProcessStats(  377): Skipping unknown process pid 23811
W/ProcessStats(  377): Skipping unknown process pid 23812
W/ProcessStats(  377): Skipping unknown process pid 23969
W/ProcessStats(  377): Skipping unknown process pid 23970
W/ProcessStats(  377): Skipping unknown process pid 23971
W/ProcessStats(  377): Skipping unknown process pid 23972
W/ProcessStats(  377): Skipping unknown process pid 24083
W/ProcessStats(  377): Skipping unknown process pid 24084
W/ProcessStats(  377): Skipping unknown process pid 24085
W/ProcessStats(  377): Skipping unknown process pid 24086
D/ConnectivityService(  377): Captive portal check NetworkInfo: type: WIFI[], state: CONNECTING/CAPTIVE_PORTAL_CHECK, reason: (unspecified), extra: "Jesus-Channel", roaming: false, failover: false, isAvailable: true
D/ConnectivityService(  377): ConnectivityChange for WIFI: CONNECTED/CONNECTED
D/Nat464Xlat(  377): requiresClat: netType=1, hasIPv4Address=true
I/ActivityManager(  377): Start proc android.process.media for broadcast com.android.providers.downloads/.DownloadReceiver: pid=26019 uid=10011 gids={50011, 1015, 1023, 1024, 1028, 2001, 3003, 3007}
I/ActivityManager(  377): Start proc android.process.acore for content provider com.android.providers.contacts/.ContactsProvider2: pid=26033 uid=10000 gids={50000, 3003, 1015, 1028}
I/ActivityManager(  377): Start proc com.android.mms for broadcast com.android.mms/.transaction.MmsSystemEventReceiver: pid=26050 uid=10023 gids={50023, 3003, 1015, 1028}
D/CountryDetector(  377): The first listener is added
D/ConnectivityService(  377): handleInetConditionHoldEnd: net=1, condition=0, published condition=0
D/ConnectivityService(  377): handleInetConditionHoldEnd: net=1, condition=100, published condition=0
I/ActivityManager(  377): No longer want com.google.android.gms.wearable (pid 2680): empty for 1801s
I/ActivityManager(  377): No longer want com.google.process.location (pid 19272): empty for 1801s
W/ActivityManager(  377): Scheduling restart of crashed service com.google.android.gms/com.google.android.location.reporting.service.DispatchingService in 5000ms
W/ActivityManager(  377): Scheduling restart of crashed service com.google.android.gms/com.google.android.location.fused.NlpLocationReceiverService in 15000ms
W/ActivityManager(  377): Scheduling restart of crashed service com.google.android.gms/com.google.android.location.internal.server.GoogleLocationService in 24999ms
W/ActivityManager(  377): Scheduling restart of crashed service com.google.android.gms/com.google.android.location.internal.GoogleLocationManagerService in 34999ms
W/ActivityManager(  377): Scheduling restart of crashed service com.google.android.gms/.deviceconnection.service.DeviceConnectionServiceBroker in 44999ms
I/ActivityManager(  377): Start proc com.google.process.location for service com.google.android.gms/com.google.android.location.reporting.service.DispatchingService: pid=26152 uid=10048 gids={50048, 3002, 3001, 3003, 1028, 1015, 1006, 1007, 2001}
I/ActivityManager(  377): Start proc com.google.android.gms.wearable for service com.google.android.gms/.wearable.service.WearableService: pid=26174 uid=10048 gids={50048, 3002, 3001, 3003, 1028, 1015, 1006, 1007, 2001}
W/ActivityManager(  377): Permission Denial: getCurrentUser() from pid=26152, uid=10048 requires android.permission.INTERACT_ACROSS_USERS
I/EntropyMixer(  377): Writing entropy...
I/ActivityManager(  377): No longer want com.android.providers.calendar (pid 20329): empty for 1803s
I/ActivityManager(  377): No longer want com.android.deskclock (pid 20316): empty for 1808s
I/ActivityManager(  377): No longer want com.android.calendar (pid 20298): empty for 1808s
W/ProcessStats(  377): Skipping unknown process pid 27064
W/ProcessStats(  377): Skipping unknown process pid 27065
W/ProcessStats(  377): Skipping unknown process pid 27066
W/ProcessStats(  377): Skipping unknown process pid 27067
I/ActivityManager(  377): No longer want net.arraynetworks.mobilenow.browser (pid 20355): empty for 1811s
I/ActivityManager(  377): No longer want android.process.media (pid 26019): empty for 1812s
W/ActivityManager(  377): Scheduling restart of crashed service net.arraynetworks.mobilenow.browser/net.arraynetworks.mobilenow.mdm.MDMService in 5000ms
I/ActivityManager(  377): Start proc net.arraynetworks.mobilenow.browser for service net.arraynetworks.mobilenow.browser/net.arraynetworks.mobilenow.mdm.MDMService: pid=28264 uid=10051 gids={50051, 3003, 1015, 3002, 3001, 1028}
W/ProcessStats(  377): Skipping unknown process pid 28832
W/ProcessStats(  377): Skipping unknown process pid 28833
W/ProcessStats(  377): Skipping unknown process pid 28834
W/ProcessStats(  377): Skipping unknown process pid 28835
I/ActivityManager(  377): No longer want com.android.mms (pid 26050): empty for 2110s
D/CountryDetector(  377): No listener is left
I/ActivityManager(  377): No longer want android.process.acore (pid 26033): empty for 2253s
W/ProcessStats(  377): Skipping unknown process pid 30279
D/ConnectivityService(  377): Captive portal check NetworkInfo: type: WIFI[], state: CONNECTING/CAPTIVE_PORTAL_CHECK, reason: (unspecified), extra: "Jesus-Channel", roaming: false, failover: false, isAvailable: true
D/ConnectivityService(  377): ConnectivityChange for WIFI: CONNECTED/CONNECTED
D/ConnectivityService(  377): handleConnectivityChange: address are the same reset per doReset linkProperty[1]: resetMask=0
D/Nat464Xlat(  377): requiresClat: netType=1, hasIPv4Address=true
D/ConnectivityService(  377): NetTransition Wakelock for ConnectedState released by timeout
I/ActivityManager(  377): Start proc android.process.media for broadcast com.android.providers.downloads/.DownloadReceiver: pid=30684 uid=10011 gids={50011, 1015, 1023, 1024, 1028, 2001, 3003, 3007}
I/ActivityManager(  377): Start proc com.android.mms for broadcast com.android.mms/.transaction.MmsSystemEventReceiver: pid=30702 uid=10023 gids={50023, 3003, 1015, 1028}
D/CountryDetector(  377): The first listener is added
D/ConnectivityService(  377): handleInetConditionHoldEnd: net=1, condition=100, published condition=0
I/ActivityManager(  377): Start proc android.process.acore for content provider com.android.providers.contacts/.ContactsProvider2: pid=30731 uid=10000 gids={50000, 3003, 1015, 1028}
I/ActivityManager(  377): No longer want com.google.process.location (pid 26152): empty for 3186s
W/ActivityManager(  377): Scheduling restart of crashed service com.google.android.gms/com.google.android.location.reporting.service.DispatchingService in 5000ms
W/ActivityManager(  377): Scheduling restart of crashed service com.google.android.gms/com.google.android.location.internal.server.GoogleLocationService in 15000ms
W/ActivityManager(  377): Scheduling restart of crashed service com.google.android.gms/com.google.android.location.fused.NlpLocationReceiverService in 24999ms
W/ActivityManager(  377): Scheduling restart of crashed service com.google.android.gms/com.google.android.location.internal.GoogleLocationManagerService in 34999ms
W/ActivityManager(  377): Scheduling restart of crashed service com.google.android.gms/.deviceconnection.service.DeviceConnectionServiceBroker in 44999ms
I/ActivityManager(  377): Start proc com.google.process.location for service com.google.android.gms/com.google.android.location.reporting.service.DispatchingService: pid=30749 uid=10048 gids={50048, 3002, 3001, 3003, 1028, 1015, 1006, 1007, 2001}
W/ActivityManager(  377): Permission Denial: getCurrentUser() from pid=30749, uid=10048 requires android.permission.INTERACT_ACROSS_USERS
W/ProcessStats(  377): Skipping unknown process pid 1513
W/ProcessStats(  377): Skipping unknown process pid 1514
W/ProcessStats(  377): Skipping unknown process pid 1515
W/ProcessStats(  377): Skipping unknown process pid 1516
I/ActivityManager(  377): No longer want android.process.acore (pid 30731): empty for 1830s
I/ActivityManager(  377): No longer want com.android.mms (pid 30702): empty for 1831s
I/ActivityManager(  377): No longer want net.arraynetworks.mobilenow.browser (pid 28264): empty for 1831s
I/ActivityManager(  377): No longer want android.process.media (pid 30684): empty for 1831s
D/CountryDetector(  377): No listener is left
W/ActivityManager(  377): Scheduling restart of crashed service net.arraynetworks.mobilenow.browser/net.arraynetworks.mobilenow.mdm.MDMService in 5000ms
I/ActivityManager(  377): Start proc net.arraynetworks.mobilenow.browser for service net.arraynetworks.mobilenow.browser/net.arraynetworks.mobilenow.mdm.MDMService: pid=2644 uid=10051 gids={50051, 3003, 1015, 3002, 3001, 1028}
W/ProcessStats(  377): Skipping unknown process pid 2933
W/ProcessStats(  377): Skipping unknown process pid 2934
W/ProcessStats(  377): Skipping unknown process pid 2935
W/ProcessStats(  377): Skipping unknown process pid 2936
W/ProcessStats(  377): Skipping unknown process pid 3062
W/ProcessStats(  377): Skipping unknown process pid 5980
W/ProcessStats(  377): Skipping unknown process pid 5981
W/ProcessStats(  377): Skipping unknown process pid 5982
W/ProcessStats(  377): Skipping unknown process pid 5983
D/ConnectivityService(  377): Captive portal check NetworkInfo: type: WIFI[], state: CONNECTING/CAPTIVE_PORTAL_CHECK, reason: (unspecified), extra: "Jesus-Channel", roaming: false, failover: false, isAvailable: true
D/ConnectivityService(  377): ConnectivityChange for WIFI: CONNECTED/CONNECTED
D/ConnectivityService(  377): handleConnectivityChange: address are the same reset per doReset linkProperty[1]: resetMask=0
D/Nat464Xlat(  377): requiresClat: netType=1, hasIPv4Address=true
D/ConnectivityService(  377): NetTransition Wakelock for ConnectedState released by timeout
I/ActivityManager(  377): Start proc android.process.media for broadcast com.android.providers.downloads/.DownloadReceiver: pid=8736 uid=10011 gids={50011, 1015, 1023, 1024, 1028, 2001, 3003, 3007}
I/ActivityManager(  377): Start proc com.android.mms for broadcast com.android.mms/.transaction.MmsSystemEventReceiver: pid=8754 uid=10023 gids={50023, 3003, 1015, 1028}
D/CountryDetector(  377): The first listener is added
D/ConnectivityService(  377): handleInetConditionHoldEnd: net=1, condition=100, published condition=0
I/ActivityManager(  377): No longer want com.google.process.location (pid 30749): empty for 3429s
W/ActivityManager(  377): Scheduling restart of crashed service com.google.android.gms/com.google.android.location.reporting.service.DispatchingService in 5000ms
W/ActivityManager(  377): Scheduling restart of crashed service com.google.android.gms/com.google.android.location.fused.NlpLocationReceiverService in 15000ms
W/ActivityManager(  377): Scheduling restart of crashed service com.google.android.gms/com.google.android.location.internal.server.GoogleLocationService in 25000ms
W/ActivityManager(  377): Scheduling restart of crashed service com.google.android.gms/com.google.android.location.internal.GoogleLocationManagerService in 35000ms
W/ActivityManager(  377): Scheduling restart of crashed service com.google.android.gms/.deviceconnection.service.DeviceConnectionServiceBroker in 44999ms
I/ActivityManager(  377): Start proc android.process.acore for content provider com.android.providers.contacts/.ContactsProvider2: pid=8782 uid=10000 gids={50000, 3003, 1015, 1028}
I/ActivityManager(  377): No longer want com.google.android.gms.wearable (pid 26174): empty for 3430s
I/ActivityManager(  377): Start proc com.google.process.location for service com.google.android.gms/com.google.android.location.reporting.service.DispatchingService: pid=8802 uid=10048 gids={50048, 3002, 3001, 3003, 1028, 1015, 1006, 1007, 2001}
I/ActivityManager(  377): Start proc com.google.android.gms.wearable for service com.google.android.gms/.wearable.service.WearableService: pid=8825 uid=10048 gids={50048, 3002, 3001, 3003, 1028, 1015, 1006, 1007, 2001}
W/ActivityManager(  377): Permission Denial: getCurrentUser() from pid=8802, uid=10048 requires android.permission.INTERACT_ACROSS_USERS
I/PowerManagerService(  377): Waking up from sleep...
W/PowerUI (  476): unknown intent: Intent { act=android.intent.action.ACTION_POWER_CONNECTED flg=0x8000010 }
I/EntropyMixer(  377): Writing entropy...
W/ActivityManager(  377): Permission Denial: getCurrentUser() from pid=8802, uid=10048 requires android.permission.INTERACT_ACROSS_USERS
I/WindowManager(  377): Lock screen displayed!
W/InputMethodManagerService(  377): Got RemoteException sending setActive(false) notification to pid 5879 uid 10049
I/PowerManagerService(  377): Going to sleep due to screen timeout...
W/InputMethodManagerService(  377): Got RemoteException sending setActive(false) notification to pid 5879 uid 10049
I/ActivityManager(  377): No longer want net.arraynetworks.mobilenow.browser (pid 2644): empty for 1800s
W/ActivityManager(  377): Scheduling restart of crashed service net.arraynetworks.mobilenow.browser/net.arraynetworks.mobilenow.mdm.MDMService in 5000ms
I/ActivityManager(  377): Start proc net.arraynetworks.mobilenow.browser for service net.arraynetworks.mobilenow.browser/net.arraynetworks.mobilenow.mdm.MDMService: pid=9696 uid=10051 gids={50051, 3003, 1015, 3002, 3001, 1028}
I/PowerManagerService(  377): Waking up from sleep...
W/InputMethodManagerService(  377): Got RemoteException sending setActive(false) notification to pid 5879 uid 10049
I/WindowManager(  377): Lock screen displayed!
D/PhoneStatusBar(  476): disable: < expand* icons alerts ticker* system_info BACK HOME recent* CLOCK search* >
D/PhoneStatusBar(  476): disable: < expand icons alerts ticker system_info back* home* recent clock* search >
W/InputMethodManagerService(  377): Got RemoteException sending setActive(false) notification to pid 5879 uid 10049
I/ActivityManager(  377): START u0 {act=com.android.systemui.recent.action.TOGGLE_RECENTS flg=0x10800000 cmp=com.android.systemui/.recent.RecentsActivity} from pid 476
I/ActivityManager(  377): START u0 {act=android.intent.action.MAIN cat=[android.intent.category.LAUNCHER] flg=0x10200000 cmp=com.myapplication/.MainActivity bnds=[200,585][360,785]} from pid 641
I/ActivityManager(  377): Start proc com.myapplication for activity com.myapplication/.MainActivity: pid=9804 uid=10049 gids={50049, 1028}
I/BootReceiver(  377): Copying /data/tombstones/tombstone_07 to DropBox (SYSTEM_TOMBSTONE)
I/WindowState(  377): WIN DEATH: Window{429401f0 u0 com.myapplication/com.myapplication.MainActivity}
I/ActivityManager(  377): Process com.myapplication (pid 9804) has died.
W/ActivityManager(  377): Force removing ActivityRecord{421c9290 u0 com.myapplication/.MainActivity}: app died, no saved state
W/InputMethodManagerService(  377): Got RemoteException sending setActive(false) notification to pid 9804 uid 10049
I/ActivityManager(  377): START u0 {act=android.intent.action.MAIN cat=[android.intent.category.LAUNCHER] flg=0x10200000 cmp=com.myapplication/.MainActivity bnds=[200,585][360,785]} from pid 641
I/ActivityManager(  377): Start proc com.myapplication for activity com.myapplication/.MainActivity: pid=9839 uid=10049 gids={50049, 1028}
W/ProcessStats(  377): Skipping unknown process pid 9853
I/PowerManagerService(  377): Going to sleep due to screen timeout...
D/PhoneStatusBar(  476): disable: < EXPAND* icons alerts TICKER* system_info back home RECENT* clock SEARCH* >
D/PhoneStatusBar(  476): disable: < EXPAND icons alerts TICKER system_info BACK* HOME* RECENT CLOCK* SEARCH >
I/PowerManagerService(  377): Waking up from sleep...
I/WindowManager(  377): Lock screen displayed!
I/PowerManagerService(  377): Going to sleep by user request...
I/PowerManagerService(  377): Waking up from sleep...
I/WindowManager(  377): Lock screen displayed!
D/PhoneStatusBar(  476): disable: < expand* icons alerts ticker* system_info BACK HOME recent* CLOCK search* >
W/InputMethodManagerService(  377): Window already focused, ignoring focus gain of: com.android.internal.view.IInputMethodClient$Stub$Proxy@42551080 attribute=android.view.inputmethod.EditorInfo@42551098, token = android.os.BinderProxy@42720fd8
D/PhoneStatusBar(  476): disable: < expand icons alerts ticker system_info back* home* recent clock* search >
I/ActivityManager(  377): START u0 {act=com.android.systemui.recent.action.TOGGLE_RECENTS flg=0x10800000 cmp=com.android.systemui/.recent.RecentsActivity (has extras)} from pid 476
I/ActivityManager(  377): No longer want com.android.mms (pid 8754): empty for 2696s
I/ActivityManager(  377): Killing 9839:com.myapplication/u0a10049: remove task
D/CountryDetector(  377): No listener is left
I/WindowState(  377): WIN DEATH: Window{421d5638 u0 com.myapplication/com.myapplication.MainActivity}
I/ActivityManager(  377): START u0 {act=android.intent.action.MAIN cat=[android.intent.category.LAUNCHER] flg=0x10200000 cmp=com.myapplication/.MainActivity bnds=[200,585][360,785]} from pid 641
I/ActivityManager(  377): Start proc com.myapplication for activity com.myapplication/.MainActivity: pid=9991 uid=10049 gids={50049, 1028}
I/PowerManagerService(  377): Going to sleep due to screen timeout...
D/PhoneStatusBar(  476): disable: < EXPAND* icons alerts TICKER* system_info back home RECENT* clock SEARCH* >
D/PhoneStatusBar(  476): disable: < EXPAND icons alerts TICKER system_info BACK* HOME* RECENT CLOCK* SEARCH >
I/PowerManagerService(  377): Waking up from sleep...
I/WindowManager(  377): Lock screen displayed!
D/PhoneStatusBar(  476): disable: < expand* icons alerts ticker* system_info BACK HOME recent* CLOCK search* >
D/PhoneStatusBar(  476): disable: < expand icons alerts ticker system_info back* home* recent clock* search >
W/InputMethodManagerService(  377): Window already focused, ignoring focus gain of: com.android.internal.view.IInputMethodClient$Stub$Proxy@4287b338 attribute=android.view.inputmethod.EditorInfo@4287b350, token = android.os.BinderProxy@4271e918
I/ActivityManager(  377): START u0 {act=com.android.systemui.recent.action.TOGGLE_RECENTS flg=0x10800000 cmp=com.android.systemui/.recent.RecentsActivity (has extras)} from pid 476
I/ActivityManager(  377): No longer want com.google.android.gms.wearable (pid 8825): empty for 3147s
I/ActivityManager(  377): Killing 9991:com.myapplication/u0a10049: remove task
I/WindowState(  377): WIN DEATH: Window{4295ed18 u0 com.myapplication/com.myapplication.MainActivity}
I/ActivityManager(  377): START u0 {act=android.intent.action.MAIN cat=[android.intent.category.LAUNCHER] flg=0x10200000 cmp=com.myapplication/.MainActivity bnds=[200,585][360,785]} from pid 641
I/ActivityManager(  377): Start proc com.myapplication for activity com.myapplication/.MainActivity: pid=10121 uid=10049 gids={50049, 1028}
I/BootReceiver(  377): Copying /data/tombstones/tombstone_09 to DropBox (SYSTEM_TOMBSTONE)
W/ActivityManager(  377):   Force finishing activity com.myapplication/.MainActivity
I/WindowState(  377): WIN DEATH: Window{426f0728 u0 com.myapplication/com.myapplication.MainActivity}
W/ActivityManager(  377): Exception thrown during pause
W/ActivityManager(  377): android.os.DeadObjectException
W/ActivityManager(  377): 	at android.os.BinderProxy.transact(Native Method)
W/ActivityManager(  377): 	at android.app.ApplicationThreadProxy.schedulePauseActivity(ApplicationThreadNative.java:635)
W/ActivityManager(  377): 	at com.android.server.am.ActivityStack.startPausingLocked(ActivityStack.java:990)
W/ActivityManager(  377): 	at com.android.server.am.ActivityStack.finishActivityLocked(ActivityStack.java:3834)
W/ActivityManager(  377): 	at com.android.server.am.ActivityStack.finishActivityLocked(ActivityStack.java:3766)
W/ActivityManager(  377): 	at com.android.server.am.ActivityManagerService.handleAppCrashLocked(ActivityManagerService.java:8344)
W/ActivityManager(  377): 	at com.android.server.am.ActivityManagerService.makeAppCrashingLocked(ActivityManagerService.java:8221)
W/ActivityManager(  377): 	at com.android.server.am.ActivityManagerService.crashApplication(ActivityManagerService.java:8900)
W/ActivityManager(  377): 	at com.android.server.am.ActivityManagerService.handleApplicationCrashInner(ActivityManagerService.java:8455)
W/ActivityManager(  377): 	at com.android.server.am.NativeCrashListener$NativeCrashReporter.run(NativeCrashListener.java:86)
I/ActivityManager(  377): Process com.myapplication (pid 10121) has died.
W/InputMethodManagerService(  377): Got RemoteException sending setActive(false) notification to pid 10121 uid 10049
I/PowerManagerService(  377): Going to sleep due to screen timeout...
D/PhoneStatusBar(  476): disable: < EXPAND* icons alerts TICKER* system_info back home RECENT* clock SEARCH* >
D/PhoneStatusBar(  476): disable: < EXPAND icons alerts TICKER system_info BACK* HOME* RECENT CLOCK* SEARCH >
D/ConnectivityService(  377): Captive portal check NetworkInfo: type: WIFI[], state: CONNECTING/CAPTIVE_PORTAL_CHECK, reason: (unspecified), extra: "Jesus-Channel", roaming: false, failover: false, isAvailable: true
D/ConnectivityService(  377): ConnectivityChange for WIFI: CONNECTED/CONNECTED
